06-22 23:28:49.290 32677 32677 F DEBUG   : Timestamp: 2026-06-22 23:28:45.671587300+0530
06-22 23:28:49.290 32677 32677 F DEBUG   : Process uptime: 4s
06-22 23:28:49.290 32677 32677 F DEBUG   : Page size: 16384 bytes
06-22 23:28:49.290 32677 32677 F DEBUG   : Executable: /system/bin/app_process64
06-22 23:28:49.290 32677 32677 F DEBUG   : Cmdline: com.google.android.tts
06-22 23:28:49.290 32677 32677 F DEBUG   : pid: 32584, ppid: 449, tid: 32584, name: gle.android.tts  >>> com.google.android.tts <<<
06-22 23:28:49.290 32677 32677 F DEBUG   : uid: 10166
06-22 23:28:49.290 32677 32677 F DEBUG   : signal 4 (SIGILL), code 2 (ILL_ILLOPN), fault addr 0x000078e2a1e180b1 (read)
06-22 23:28:49.290 32677 32677 F DEBUG   :     rax 0000000000000000  rbx 0000000000000001  rcx 0000000000000000  rdx 0000000000000000
06-22 23:28:49.290 32677 32677 F DEBUG   :     r8  000000000f8bfbff  r9  00000000000b06a3  r10 000078e4cc02ae50  r11 0000000000000001
06-22 23:28:49.290 32677 32677 F DEBUG   :     r12 0000000000000000  r13 0000000000000005  r14 0000009f938e0002  r15 0000008000000000
06-22 23:28:49.290 32677 32677 F DEBUG   :     rdi 00000000f6da3203  rsi 0000000001000800
06-22 23:28:49.290 32677 32677 F DEBUG   :     rbp 0000000000000001  rsp 00007ff921c444d0  rip 000078e2a1e180b1  err 0000000000000000
06-22 23:28:49.290 32677 32677 F DEBUG   : 67 total frames
06-22 23:28:49.290 32677 32677 F DEBUG   : backtrace:
06-22 23:28:49.290 32677 32677 F DEBUG   :       #00 pc 0000000001ba40b1  /product/app/GoogleTTS/GoogleTTS.apk!libgoogle_speech_sbg_tts_jni.so (offset 0x1e10000) (BuildId: fa8c458cf4b31cd6900e84ab88e886ea)
06-22 23:28:49.290 32677 32677 F DEBUG   :       #01 pc 000000000127127f  /product/app/GoogleTTS/GoogleTTS.apk!libgoogle_speech_sbg_tts_jni.so (offset 0x1e10000) (BuildId: fa8c458cf4b31cd6900e84ab88e886ea)
06-22 23:28:49.290 32677 32677 F DEBUG   :       #02 pc 0000000001ba4887  /product/app/GoogleTTS/GoogleTTS.apk!libgoogle_speech_sbg_tts_jni.so (offset 0x1e10000) (BuildId: fa8c458cf4b31cd6900e84ab88e886ea)
06-22 23:28:49.290 32677 32677 F DEBUG   :       #03 pc 0000000001ba48bb  /product/app/GoogleTTS/GoogleTTS.apk!libgoogle_speech_sbg_tts_jni.so (offset 0x1e10000) (BuildId: fa8c458cf4b31cd6900e84ab88e886ea)
06-22 23:28:49.290 32677 32677 F DEBUG   :       #04 pc 0000000001ba0e9e  /product/app/GoogleTTS/GoogleTTS.apk!libgoogle_speech_sbg_tts_jni.so (offset 0x1e10000) (BuildId: fa8c458cf4b31cd6900e84ab88e886ea)
06-22 23:28:49.290 32677 32677 F DEBUG   :       #05 pc 0000000001992eaf  /product/app/GoogleTTS/GoogleTTS.apk!libgoogle_speech_sbg_tts_jni.so (offset 0x1e10000) (BuildId: fa8c458cf4b31cd6900e84ab88e886ea)
06-22 23:28:49.290 32677 32677 F DEBUG   :       #06 pc 0000000001992d7e  /product/app/GoogleTTS/GoogleTTS.apk!libgoogle_speech_sbg_tts_jni.so (offset 0x1e10000) (BuildId: fa8c458cf4b31cd6900e84ab88e886ea)
06-22 23:28:49.290 32677 32677 F DEBUG   :       #07 pc 0000000001992d34  /product/app/GoogleTTS/GoogleTTS.apk!libgoogle_speech_sbg_tts_jni.so (offset 0x1e10000) (BuildId: fa8c458cf4b31cd6900e84ab88e886ea)
06-22 23:28:49.290 32677 32677 F DEBUG   :       #08 pc 0000000001992c5d  /product/app/GoogleTTS/GoogleTTS.apk!libgoogle_speech_sbg_tts_jni.so (offset 0x1e10000) (BuildId: fa8c458cf4b31cd6900e84ab88e886ea)
06-22 23:28:49.290 32677 32677 F DEBUG   :       #09 pc 0000000001992a2b  /product/app/GoogleTTS/GoogleTTS.apk!libgoogle_speech_sbg_tts_jni.so (offset 0x1e10000) (BuildId: fa8c458cf4b31cd6900e84ab88e886ea)
06-22 23:28:49.290 32677 32677 F DEBUG   :       #10 pc 0000000001b9cdf8  /product/app/GoogleTTS/GoogleTTS.apk!libgoogle_speech_sbg_tts_jni.so (offset 0x1e10000) (BuildId: fa8c458cf4b31cd6900e84ab88e886ea)
06-22 23:28:49.290 32677 32677 F DEBUG   :       #11 pc 0000000001b9cc80  /product/app/GoogleTTS/GoogleTTS.apk!libgoogle_speech_sbg_tts_jni.so (offset 0x1e10000) (BuildId: fa8c458cf4b31cd6900e84ab88e886ea)
06-22 23:28:49.290 32677 32677 F DEBUG   :       #12 pc 0000000001b9cb1e  /product/app/GoogleTTS/GoogleTTS.apk!libgoogle_speech_sbg_tts_jni.so (offset 0x1e10000) (BuildId: fa8c458cf4b31cd6900e84ab88e886ea)
06-22 23:28:49.291 32677 32677 F DEBUG   :       #13 pc 00000000019f3fda  /product/app/GoogleTTS/GoogleTTS.apk!libgoogle_speech_sbg_tts_jni.so (offset 0x1e10000) (BuildId: fa8c458cf4b31cd6900e84ab88e886ea)
06-22 23:28:49.291 32677 32677 F DEBUG   :       #14 pc 00000000019f3f7f  /product/app/GoogleTTS/GoogleTTS.apk!libgoogle_speech_sbg_tts_jni.so (offset 0x1e10000) (BuildId: fa8c458cf4b31cd6900e84ab88e886ea)
06-22 23:28:49.291 32677 32677 F DEBUG   :       #15 pc 00000000019f3d77  /product/app/GoogleTTS/GoogleTTS.apk!libgoogle_speech_sbg_tts_jni.so (offset 0x1e10000) (BuildId: fa8c458cf4b31cd6900e84ab88e886ea)
06-22 23:28:49.291 32677 32677 F DEBUG   :       #16 pc 00000000019f3c7e  /product/app/GoogleTTS/GoogleTTS.apk!libgoogle_speech_sbg_tts_jni.so (offset 0x1e10000) (BuildId: fa8c458cf4b31cd6900e84ab88e886ea)
06-22 23:28:49.291 32677 32677 F DEBUG   :       #17 pc 00000000019e8153  /product/app/GoogleTTS/GoogleTTS.apk!libgoogle_speech_sbg_tts_jni.so (offset 0x1e10000) (BuildId: fa8c458cf4b31cd6900e84ab88e886ea)
06-22 23:28:49.291 32677 32677 F DEBUG   :       #18 pc 0000000001021782  /product/app/GoogleTTS/GoogleTTS.apk!libgoogle_speech_sbg_tts_jni.so (offset 0x1e10000) (BuildId: fa8c458cf4b31cd6900e84ab88e886ea)
06-22 23:28:49.291 32677 32677 F DEBUG   :       #19 pc 00000000019e8d40  /product/app/GoogleTTS/GoogleTTS.apk!libgoogle_speech_sbg_tts_jni.so (offset 0x1e10000) (BuildId: fa8c458cf4b31cd6900e84ab88e886ea)
06-22 23:28:49.291 32677 32677 F DEBUG   :       #20 pc 00000000019e8b3c  /product/app/GoogleTTS/GoogleTTS.apk!libgoogle_speech_sbg_tts_jni.so (offset 0x1e10000) (BuildId: fa8c458cf4b31cd6900e84ab88e886ea)
06-22 23:28:49.291 32677 32677 F DEBUG   :       #21 pc 00000000017bdc32  /product/app/GoogleTTS/GoogleTTS.apk!libgoogle_speech_sbg_tts_jni.so (offset 0x1e10000) (BuildId: fa8c458cf4b31cd6900e84ab88e886ea)
06-22 23:28:49.291 32677 32677 F DEBUG   :       #22 pc 00000000017bd92f  /product/app/GoogleTTS/GoogleTTS.apk!libgoogle_speech_sbg_tts_jni.so (offset 0x1e10000) (BuildId: fa8c458cf4b31cd6900e84ab88e886ea)
06-22 23:28:49.291 32677 32677 F DEBUG   :       #23 pc 00000000017bd784  /product/app/GoogleTTS/GoogleTTS.apk!libgoogle_speech_sbg_tts_jni.so (offset 0x1e10000) (BuildId: fa8c458cf4b31cd6900e84ab88e886ea)
06-22 23:28:49.291 32677 32677 F DEBUG   :       #24 pc 0000000001021770  /product/app/GoogleTTS/GoogleTTS.apk!libgoogle_speech_sbg_tts_jni.so (offset 0x1e10000) (BuildId: fa8c458cf4b31cd6900e84ab88e886ea)
06-22 23:28:49.291 32677 32677 F DEBUG   :       #25 pc 00000000017c0836  /product/app/GoogleTTS/GoogleTTS.apk!libgoogle_speech_sbg_tts_jni.so (offset 0x1e10000) (BuildId: fa8c458cf4b31cd6900e84ab88e886ea)
06-22 23:28:49.292 32677 32677 F DEBUG   :       #26 pc 00000000017be9c3  /product/app/GoogleTTS/GoogleTTS.apk!libgoogle_speech_sbg_tts_jni.so (offset 0x1e10000) (BuildId: fa8c458cf4b31cd6900e84ab88e886ea)
06-22 23:28:49.292 32677 32677 F DEBUG   :       #27 pc 00000000017b3fd3  /product/app/GoogleTTS/GoogleTTS.apk!libgoogle_speech_sbg_tts_jni.so (offset 0x1e10000) (BuildId: fa8c458cf4b31cd6900e84ab88e886ea)
06-22 23:28:49.292 32677 32677 F DEBUG   :       #28 pc 00000000017b10a7  /product/app/GoogleTTS/GoogleTTS.apk!libgoogle_speech_sbg_tts_jni.so (offset 0x1e10000) (Java_com_google_android_apps_speech_tts_googletts_local_greco3_AndroidComposerImpl_jniInitMonolithic+175) (BuildId: fa8c458cf4b31cd6900e84ab88e886ea)
06-22 23:28:49.292 32677 32677 F DEBUG   :       #29 pc 000000000022ccab  /apex/com.android.art/lib64/libart.so (art_quick_generic_jni_trampoline+219) (BuildId: 6f501445ab44be8f30fb680128550143)
06-22 23:28:49.292 32677 32677 F DEBUG   :       #30 pc 0000000000209f97  /apex/com.android.art/lib64/libart.so (nterp_helper+5643) (BuildId: 6f501445ab44be8f30fb680128550143)
06-22 23:28:49.292 32677 32677 F DEBUG   :       #31 pc 0000000000383b56  /product/app/GoogleTTS/GoogleTTS.apk (offset 0xdf8000) (com.google.android.apps.speech.tts.googletts.local.greco3.AndroidComposerImpl.initComposerMonolithic+106)
06-22 23:28:49.292 32677 32677 F DEBUG   :       #32 pc 000000000020a581  /apex/com.android.art/lib64/libart.so (nterp_helper+7157) (BuildId: 6f501445ab44be8f30fb680128550143)
06-22 23:28:49.292 32677 32677 F DEBUG   :       #33 pc 00000000003825ce  /product/app/GoogleTTS/GoogleTTS.apk (offset 0xdf8000) (cvm.c+2642)
06-22 23:28:49.292 32677 32677 F DEBUG   :       #34 pc 0000000000209824  /apex/com.android.art/lib64/libart.so (nterp_helper+3736) (BuildId: 6f501445ab44be8f30fb680128550143)
06-22 23:28:49.292 32677 32677 F DEBUG   :       #35 pc 0000000000383752  /product/app/GoogleTTS/GoogleTTS.apk (offset 0xdf8000) (cvm.d+2)
06-22 23:28:49.292 32677 32677 F DEBUG   :       #36 pc 0000000000209824  /apex/com.android.art/lib64/libart.so (nterp_helper+3736) (BuildId: 6f501445ab44be8f30fb680128550143)
06-22 23:28:49.292 32677 32677 F DEBUG   :       #37 pc 0000000000390e7a  /product/app/GoogleTTS/GoogleTTS.apk (offset 0xdf8000) (com.google.android.apps.speech.tts.googletts.service.GoogleTtsService.onLoadLanguage+354)
06-22 23:28:49.292 32677 32677 F DEBUG   :       #38 pc 0000000000209824  /apex/com.android.art/lib64/libart.so (nterp_helper+3736) (BuildId: 6f501445ab44be8f30fb680128550143)
06-22 23:28:49.292 32677 32677 F DEBUG   :       #39 pc 0000000000464378  /system/framework/framework.jar (offset 0x1274000) (android.speech.tts.TextToSpeechService.onCreate+140)
06-22 23:28:49.292 32677 32677 F DEBUG   :       #40 pc 0000000000209824  /apex/com.android.art/lib64/libart.so (nterp_helper+3736) (BuildId: 6f501445ab44be8f30fb680128550143)
06-22 23:28:49.292 32677 32677 F DEBUG   :       #41 pc 0000000000393122  /product/app/GoogleTTS/GoogleTTS.apk (offset 0xdf8000) (czh.onCreate+38)
06-22 23:28:49.292 32677 32677 F DEBUG   :       #42 pc 0000000000209824  /apex/com.android.art/lib64/libart.so (nterp_helper+3736) (BuildId: 6f501445ab44be8f30fb680128550143)
06-22 23:28:49.293 32677 32677 F DEBUG   :       #43 pc 0000000000391e76  /product/app/GoogleTTS/GoogleTTS.apk (offset 0xdf8000) (com.google.android.apps.speech.tts.googletts.service.GoogleTtsService.onCreate+738)
06-22 23:28:49.293 32677 32677 F DEBUG   :       #44 pc 000000000024d1d1  /system/framework/x86_64/boot-framework.oat (android.app.ActivityThread.handleCreateService+1729) (BuildId: 0bd86adb1473eb99719ae59d1f1e1ee9e5306f1f)
06-22 23:28:49.293 32677 32677 F DEBUG   :       #45 pc 0000000000245d44  /system/framework/x86_64/boot-framework.oat (android.app.ActivityThread.-$$Nest$mhandleCreateService+52) (BuildId: 0bd86adb1473eb99719ae59d1f1e1ee9e5306f1f)
06-22 23:28:49.293 32677 32677 F DEBUG   :       #46 pc 00000000002443cf  /system/framework/x86_64/boot-framework.oat (android.app.ActivityThread$H.handleMessage+5615) (BuildId: 0bd86adb1473eb99719ae59d1f1e1ee9e5306f1f)
06-22 23:28:49.293 32677 32677 F DEBUG   :       #47 pc 00000000004cd1b8  /system/framework/x86_64/boot-framework.oat (android.os.Handler.dispatchMessageImpl+152) (BuildId: 0bd86adb1473eb99719ae59d1f1e1ee9e5306f1f)
06-22 23:28:49.294 32677 32677 F DEBUG   :       #48 pc 00000000004cd105  /system/framework/x86_64/boot-framework.oat (android.os.Handler.dispatchMessage+53) (BuildId: 0bd86adb1473eb99719ae59d1f1e1ee9e5306f1f)
06-22 23:28:49.294 32677 32677 F DEBUG   :       #49 pc 0000000000509011  /system/framework/x86_64/boot-framework.oat (android.os.Looper.loopOnce+1313) (BuildId: 0bd86adb1473eb99719ae59d1f1e1ee9e5306f1f)
06-22 23:28:49.294 32677 32677 F DEBUG   :       #50 pc 0000000000508a3b  /system/framework/x86_64/boot-framework.oat (android.os.Looper.loop+235) (BuildId: 0bd86adb1473eb99719ae59d1f1e1ee9e5306f1f)
06-22 23:28:49.294 32677 32677 F DEBUG   :       #51 pc 000000000025370a  /system/framework/x86_64/boot-framework.oat (android.app.ActivityThread.main+1658) (BuildId: 0bd86adb1473eb99719ae59d1f1e1ee9e5306f1f)
06-22 23:28:49.294 32677 32677 F DEBUG   :       #52 pc 00000000002125d6  /apex/com.android.art/lib64/libart.so (art_quick_invoke_static_stub+806) (BuildId: 6f501445ab44be8f30fb680128550143)
06-22 23:28:49.294 32677 32677 F DEBUG   :       #53 pc 0000000000598278  /apex/com.android.art/lib64/libart.so (art::ArtMethod::Invoke(art::Thread*, unsigned int*, unsigned int, art::JValue*, char const*)+264) (BuildId: 6f501445ab44be8f30fb680128550143)
06-22 23:28:49.294 32677 32677 F DEBUG   :       #54 pc 0000000000a01ddf  /apex/com.android.art/lib64/libart.so (_jobject* art::InvokeMethod<(art::PointerSize)8>(art::ScopedObjectAccessAlreadyRunnable const&, _jobject*, _jobject*, _jobject*, unsigned long)+2127) (BuildId: 6f501445ab44be8f30fb680128550143)
06-22 23:28:49.294 32677 32677 F DEBUG   :       #55 pc 000000000094509a  /apex/com.android.art/lib64/libart.so (art::Method_invoke(_JNIEnv*, _jobject*, _jobject*, _jobjectArray*) (.__uniq.165753521025965369065708152063621506277)+42) (BuildId: 6f501445ab44be8f30fb680128550143)
06-22 23:28:49.294 32677 32677 F DEBUG   :       #56 pc 00000000002e7d8f  /system/framework/x86_64/boot.oat (art_jni_trampoline+127) (BuildId: 3ba480fd597c9a51b9b0c7358b9c0213250a62fe)
06-22 23:28:49.294 32677 32677 F DEBUG   :       #57 pc 00000000007d96f5  /system/framework/x86_64/boot-framework.oat (com.android.internal.os.RuntimeInit$MethodAndArgsCaller.run+117) (BuildId: 0bd86adb1473eb99719ae59d1f1e1ee9e5306f1f)
06-22 23:28:49.294 32677 32677 F DEBUG   :       #58 pc 00000000007dfb74  /system/framework/x86_64/boot-framework.oat (com.android.internal.os.ZygoteInit.main+2660) (BuildId: 0bd86adb1473eb99719ae59d1f1e1ee9e5306f1f)
06-22 23:28:49.294 32677 32677 F DEBUG   :       #59 pc 00000000002125d6  /apex/com.android.art/lib64/libart.so (art_quick_invoke_static_stub+806) (BuildId: 6f501445ab44be8f30fb680128550143)
06-22 23:28:49.294 32677 32677 F DEBUG   :       #60 pc 0000000000598278  /apex/com.android.art/lib64/libart.so (art::ArtMethod::Invoke(art::Thread*, unsigned int*, unsigned int, art::JValue*, char const*)+264) (BuildId: 6f501445ab44be8f30fb680128550143)
06-22 23:28:49.294 32677 32677 F DEBUG   :       #61 pc 0000000000a02906  /apex/com.android.art/lib64/libart.so (art::JValue art::InvokeWithVarArgs<_jmethodID*>(art::ScopedObjectAccessAlreadyRunnable const&, _jobject*, _jmethodID*, __va_list_tag*)+518) (BuildId: 6f501445ab44be8f30fb680128550143)
06-22 23:28:49.294 32677 32677 F DEBUG   :       #62 pc 000000000087bb8a  /apex/com.android.art/lib64/libart.so (art::JNI<true>::CallStaticVoidMethodV(_JNIEnv*, _jclass*, _jmethodID*, __va_list_tag*)+602) (BuildId: 6f501445ab44be8f30fb680128550143)
06-22 23:28:49.294 32677 32677 F DEBUG   :       #63 pc 000000000010b78e  /system/lib64/libandroid_runtime.so (_JNIEnv::CallStaticVoidMethod(_jclass*, _jmethodID*, ...)+126) (BuildId: 3edc70daf1b20f00daafe76764822754)
06-22 23:28:49.294 32677 32677 F DEBUG   :       #64 pc 00000000001b224e  /system/lib64/libandroid_runtime.so (android::AndroidRuntime::start(char const*, android::Vector<android::String8> const&, bool)+846) (BuildId: 3edc70daf1b20f00daafe76764822754)
06-22 23:28:49.294 32677 32677 F DEBUG   :       #65 pc 0000000000004728  /system/bin/app_process64 (main+1672) (BuildId: c6a0c390f4368e9631b91bced410e104)
06-22 23:28:49.294 32677 32677 F DEBUG   :       #66 pc 0000000000091155  /apex/com.android.runtime/lib64/bionic/libc.so (__libc_init+117) (BuildId: b38eeea9b317e8ff95f48fb7a9668b54)
06-22 23:28:49.294 32677 32677 F DEBUG   : Note: To display stack pointer information, use the pbtombstone tool:
06-22 23:28:49.294 32677 32677 F DEBUG   :         pbtombstone --display-sp tombstone_XX.pb
06-22 23:28:49.323   360   360 E tombstoned: Tombstone written to: tombstone_12
06-22 23:28:51.418 32760 32760 E ConsumerBase: [ImageReader-100x100f1u2816m2-32760-0] abandonLocked: ConsumerBase is abandoned!
06-22 23:28:51.587 32760 32760 E ConsumerBase: [ImageReader-173x173f1u2816m2-32760-1] abandonLocked: ConsumerBase is abandoned!
06-22 23:28:52.085   302   310 E lowmemorykiller: process_mrelease 334 failed: No such process
06-22 23:28:52.099 32760 32760 E ConsumerBase: [ImageReader-173x173f1u2816m2-32760-2] abandonLocked: ConsumerBase is abandoned!
06-22 23:28:53.163 32738   402 E Ambient : Installed publisher verification failed
06-22 23:28:53.164 32738   402 E Ambient : Installed publisher verification failed
06-22 23:28:53.365 32738   323 E AiAiNotificationAssistantService: No completion listener supplied for this service!
06-22 23:28:53.376 32760 32760 E ConsumerBase: [ImageReader-1x1f1u2816m2-32760-3] abandonLocked: ConsumerBase is abandoned!
06-22 23:28:54.163 32715   456 E GmsCoreLogger: Missing account for FACET_USAGE_GAIA_UNSAMPLED [CONTEXT service_id=299 ]
06-22 23:28:54.350 32760   394 E NexusCSStateManager: Failed to fetch from AppSearch
06-22 23:28:54.350 32760   394 E NexusCSStateManager: java.util.NoSuchElementException: No value present
06-22 23:28:54.350 32760   394 E NexusCSStateManager: 	at java.util.Optional.get(Optional.java:143)
06-22 23:28:54.350 32760   394 E NexusCSStateManager: 	at h7.l.onResult(go/retraceme 4b96215a9d9b4c1494121442fbf9d6e89857c91e1d76ddcc689701971259418a:36)
06-22 23:28:54.350 32760   394 E NexusCSStateManager: 	at android.app.appsearch.SearchSessionUtil$1.lambda$onResult$0(go/retraceme 199f808ebf9b1777aa3658eabdef2a2b19400fd4540e3f56132e4d0224014b7e:144)
06-22 23:28:54.350 32760   394 E NexusCSStateManager: 	at android.app.appsearch.SearchSessionUtil$1.$r8$lambda$CEk3q8sDAQVhU3rQwVueB8FAj_M(go/retraceme 199f808ebf9b1777aa3658eabdef2a2b19400fd4540e3f56132e4d0224014b7e:1)
06-22 23:28:54.350 32760   394 E NexusCSStateManager: 	at android.app.appsearch.SearchSessionUtil$1$$ExternalSyntheticLambda0.run(go/retraceme 199f808ebf9b1777aa3658eabdef2a2b19400fd4540e3f56132e4d0224014b7e:22)
06-22 23:28:54.350 32760   394 E NexusCSStateManager: 	at androidx.appfunctions.internal.f.execute(go/retraceme 4b96215a9d9b4c1494121442fbf9d6e89857c91e1d76ddcc689701971259418a:0)
06-22 23:28:54.350 32760   394 E NexusCSStateManager: 	at android.app.appsearch.SearchSessionUtil.safeExecute(go/retraceme 199f808ebf9b1777aa3658eabdef2a2b19400fd4540e3f56132e4d0224014b7e:21)
06-22 23:28:54.350 32760   394 E NexusCSStateManager: 	at android.app.appsearch.SearchSessionUtil$1.onResult(go/retraceme 199f808ebf9b1777aa3658eabdef2a2b19400fd4540e3f56132e4d0224014b7e:18)
06-22 23:28:54.350 32760   394 E NexusCSStateManager: 	at android.app.appsearch.aidl.IAppSearchBatchResultCallback$Stub.onTransact(go/retraceme 199f808ebf9b1777aa3658eabdef2a2b19400fd4540e3f56132e4d0224014b7e:50)
06-22 23:28:54.350 32760   394 E NexusCSStateManager: 	at android.os.Binder.execTransactInternal(Binder.java:1369)
06-22 23:28:54.350 32760   394 E NexusCSStateManager: 	at android.os.Binder.execTransact(Binder.java:1323)
06-22 23:28:55.335   962  1022 E SingleInstanceRemoteListener: Failed remote call on null listener
06-22 23:28:55.867 32760   399 E ConsumerBase: [ImageReader-173x173f1u2816m2-32760-4] abandonLocked: ConsumerBase is abandoned!
06-22 23:28:56.236   962  1022 E SingleInstanceRemoteListener: Failed remote call on null listener
06-22 23:28:56.833   962  1022 E SingleInstanceRemoteListener: Failed remote call on null listener
06-22 23:28:57.007   427  1037 E GoogleApiManager: Failed to get service from broker. 
06-22 23:28:57.007   427  1037 E GoogleApiManager: java.lang.SecurityException: Unknown calling package name 'com.google.android.gms'.
06-22 23:28:57.007   427  1037 E GoogleApiManager: 	at android.os.Parcel.createExceptionOrNull(Parcel.java:3392)
06-22 23:28:57.007   427  1037 E GoogleApiManager: 	at android.os.Parcel.createException(Parcel.java:3376)
06-22 23:28:57.007   427  1037 E GoogleApiManager: 	at android.os.Parcel.readException(Parcel.java:3359)
06-22 23:28:57.007   427  1037 E GoogleApiManager: 	at android.os.Parcel.readException(Parcel.java:3301)
06-22 23:28:57.007   427  1037 E GoogleApiManager: 	at bjrc.a(:com.google.android.gms@261934038@26.19.34 (260800-919740205):36)
06-22 23:28:57.007   427  1037 E GoogleApiManager: 	at bjoy.z(:com.google.android.gms@261934038@26.19.34 (260800-919740205):143)
06-22 23:28:57.007   427  1037 E GoogleApiManager: 	at biuu.run(:com.google.android.gms@261934038@26.19.34 (260800-919740205):42)
06-22 23:28:57.007   427  1037 E GoogleApiManager: 	at android.os.Handler.handleCallback(Handler.java:1095)
06-22 23:28:57.007   427  1037 E GoogleApiManager: 	at android.os.Handler.dispatchMessageImpl(Handler.java:135)
06-22 23:28:57.007   427  1037 E GoogleApiManager: 	at android.os.Handler.dispatchMessage(Handler.java:125)
06-22 23:28:57.007   427  1037 E GoogleApiManager: 	at dbbl.mJ(:com.google.android.gms@261934038@26.19.34 (260800-919740205):1)
06-22 23:28:57.007   427  1037 E GoogleApiManager: 	at dbbl.dispatchMessage(:com.google.android.gms@261934038@26.19.34 (260800-919740205):5)
06-22 23:28:57.007   427  1037 E GoogleApiManager: 	at android.os.Looper.loopOnce(Looper.java:296)
06-22 23:28:57.007   427  1037 E GoogleApiManager: 	at android.os.Looper.loop(Looper.java:397)
06-22 23:28:57.007   427  1037 E GoogleApiManager: 	at android.os.HandlerThread.run(HandlerThread.java:139)
06-22 23:28:57.370   962  1022 E SingleInstanceRemoteListener: Failed remote call on null listener
06-22 23:28:58.035   685   809 E InputDispatcher: channel '[Gesture Monitor] swipe-up' ~ Channel is unrecoverably broken and will be disposed!
06-22 23:28:58.048   685  1828 E TransitionController: Set visible without transition ActivityRecord{32705163 u0 com.google.android.apps.nexuslauncher/.NexusLauncherActivity t2} playing=false caller=com.android.server.wm.ActivityTaskSupervisor.realStartActivityLocked:873 
06-22 23:28:58.243 32396 32396 E libbinder.IPCThreadState: Binder transaction failure. id: 1300906, cmd: BR_DEAD_REPLY (29189), error: -3 (No such process)
06-22 23:28:58.253 32396 32396 E TextToSpeech: isLanguageAvailable failed
06-22 23:28:58.253 32396 32396 E TextToSpeech: android.os.DeadObjectException
06-22 23:28:58.253 32396 32396 E TextToSpeech: 	at android.os.BinderProxy.transactNative(Native Method)
06-22 23:28:58.253 32396 32396 E TextToSpeech: 	at android.os.BinderProxy.transact(BinderProxy.java:626)
06-22 23:28:58.253 32396 32396 E TextToSpeech: 	at android.speech.tts.ITextToSpeechService$Stub$Proxy.isLanguageAvailable(ITextToSpeechService.java:805)
06-22 23:28:58.253 32396 32396 E TextToSpeech: 	at android.speech.tts.TextToSpeech.lambda$isLanguageAvailable$16(TextToSpeech.java:1886)
06-22 23:28:58.253 32396 32396 E TextToSpeech: 	at android.speech.tts.TextToSpeech$$ExternalSyntheticLambda4.run(D8$$SyntheticClass:0)
06-22 23:28:58.253 32396 32396 E TextToSpeech: 	at android.speech.tts.TextToSpeech$Connection.runAction(TextToSpeech.java:2405)
06-22 23:28:58.253 32396 32396 E TextToSpeech: 	at android.speech.tts.TextToSpeech.runAction(TextToSpeech.java:857)
06-22 23:28:58.253 32396 32396 E TextToSpeech: 	at android.speech.tts.TextToSpeech.runAction(TextToSpeech.java:847)
06-22 23:28:58.253 32396 32396 E TextToSpeech: 	at android.speech.tts.TextToSpeech.isLanguageAvailable(TextToSpeech.java:1869)
06-22 23:28:58.253 32396 32396 E TextToSpeech: 	at com.eyedeadevelopment.fluttertts.FlutterTtsPlugin.isLanguageAvailable(FlutterTtsPlugin.kt:468)
06-22 23:28:58.253 32396 32396 E TextToSpeech: 	at com.eyedeadevelopment.fluttertts.FlutterTtsPlugin.onInitListenerWithoutCallback$lambda$0(FlutterTtsPlugin.kt:263)
06-22 23:28:58.253 32396 32396 E TextToSpeech: 	at com.eyedeadevelopment.fluttertts.FlutterTtsPlugin$$ExternalSyntheticLambda7.onInit(D8$$SyntheticClass:0)
06-22 23:28:58.253 32396 32396 E TextToSpeech: 	at android.speech.tts.TextToSpeech.lambda$dispatchOnInit$0(TextToSpeech.java:934)
06-22 23:28:58.253 32396 32396 E TextToSpeech: 	at android.speech.tts.TextToSpeech.$r8$lambda$y-uaMPlobiYouiY_T7xFoJSwPww(TextToSpeech.java:0)
06-22 23:28:58.253 32396 32396 E TextToSpeech: 	at android.speech.tts.TextToSpeech$$ExternalSyntheticLambda13.run(D8$$SyntheticClass:0)
06-22 23:28:58.253 32396 32396 E TextToSpeech: 	at android.speech.tts.TextToSpeech.dispatchOnInit(TextToSpeech.java:943)
06-22 23:28:58.253 32396 32396 E TextToSpeech: 	at android.speech.tts.TextToSpeech.-$$Nest$mdispatchOnInit(TextToSpeech.java:0)
06-22 23:28:58.253 32396 32396 E TextToSpeech: 	at android.speech.tts.TextToSpeech$Connection$SetupConnectionAsyncTask.onPostExecute(TextToSpeech.java:2324)
06-22 23:28:58.253 32396 32396 E TextToSpeech: 	at android.speech.tts.TextToSpeech$Connection$SetupConnectionAsyncTask.onPostExecute(TextToSpeech.java:2284)
06-22 23:28:58.253 32396 32396 E TextToSpeech: 	at android.os.AsyncTask.finish(AsyncTask.java:773)
06-22 23:28:58.253 32396 32396 E TextToSpeech: 	at android.os.AsyncTask.-$$Nest$mfinish(AsyncTask.java:0)
06-22 23:28:58.253 32396 32396 E TextToSpeech: 	at android.os.AsyncTask$InternalHandler.handleMessage(AsyncTask.java:790)
06-22 23:28:58.253 32396 32396 E TextToSpeech: 	at android.os.Handler.dispatchMessageImpl(Handler.java:142)
06-22 23:28:58.253 32396 32396 E TextToSpeech: 	at android.os.Handler.dispatchMessage(Handler.java:125)
06-22 23:28:58.253 32396 32396 E TextToSpeech: 	at android.os.Looper.loopOnce(Looper.java:296)
06-22 23:28:58.253 32396 32396 E TextToSpeech: 	at android.os.Looper.loop(Looper.java:397)
06-22 23:28:58.253 32396 32396 E TextToSpeech: 	at android.app.ActivityThread.main(ActivityThread.java:9523)
06-22 23:28:58.253 32396 32396 E TextToSpeech: 	at java.lang.reflect.Method.invoke(Native Method)
06-22 23:28:58.253 32396 32396 E TextToSpeech: 	at com.android.internal.os.RuntimeInit$MethodAndArgsCaller.run(RuntimeInit.java:575)
06-22 23:28:58.253 32396 32396 E TextToSpeech: 	at com.android.internal.os.ZygoteInit.main(ZygoteInit.java:939)
06-22 23:28:58.518   685   855 E Nl80211Native: getChannelsMhzForBand: Wiphy index not recorded for band 8
06-22 23:28:58.519   685   855 E Nl80211Native: getChannelsMhzForBand: Wiphy index not recorded for band 16
06-22 23:28:58.548   685   809 E InputDispatcher: channel '3310124 Taskbar' ~ Channel is unrecoverably broken and will be disposed!
06-22 23:28:58.552   685   809 E libbinder.IPCThreadState: Binder transaction failure. id: 1301244, cmd: BR_DEAD_REPLY (29189), error: -3 (No such process)
06-22 23:28:58.560   962  1022 E SingleInstanceRemoteListener: Failed remote call on null listener
06-22 23:28:58.669   513   513 E BpTransactionCompletedListener: Failed to transact (-32)
06-22 23:28:59.755   302   311 E lowmemorykiller: process_mrelease 586 failed: No such process
06-22 23:28:59.995   685   789 E JobServiceContext: Error sending onNetworkChanged to client.
06-22 23:28:59.995   685   789 E JobServiceContext: android.os.DeadObjectException
06-22 23:28:59.995   685   789 E JobServiceContext: 	at android.os.BinderProxy.transactNative(Native Method)
06-22 23:28:59.995   685   789 E JobServiceContext: 	at android.os.BinderProxy.transact(BinderProxy.java:626)
06-22 23:28:59.995   685   789 E JobServiceContext: 	at android.app.job.IJobService$Stub$Proxy.onNetworkChanged(IJobService.java:216)
06-22 23:28:59.995   685   789 E JobServiceContext: 	at com.android.server.job.JobServiceContext.informOfNetworkChangeLocked(JobServiceContext.java:806)
06-22 23:28:59.995   685   789 E JobServiceContext: 	at com.android.server.job.JobSchedulerService.onNetworkChanged(JobSchedulerService.java:2763)
06-22 23:28:59.995   685   789 E JobServiceContext: 	at com.android.server.job.controllers.ConnectivityController.updateConstraintsSatisfied(ConnectivityController.java:1447)
06-22 23:28:59.995   685   789 E JobServiceContext: 	at com.android.server.job.controllers.ConnectivityController.updateTrackedJobsLocked(ConnectivityController.java:1541)
06-22 23:28:59.995   685   789 E JobServiceContext: 	at com.android.server.job.controllers.ConnectivityController.updateTrackedJobsLocked(ConnectivityController.java:1500)
06-22 23:28:59.995   685   789 E JobServiceContext: 	at com.android.server.job.controllers.ConnectivityController.-$$Nest$mupdateTrackedJobsLocked(ConnectivityController.java:0)
06-22 23:28:59.995   685   789 E JobServiceContext: 	at com.android.server.job.controllers.ConnectivityController$UidDefaultNetworkCallback.onBlockedStatusChanged(ConnectivityController.java:2109)
06-22 23:28:59.995   685   789 E JobServiceContext: 	at android.net.ConnectivityManager$CallbackHandler.handleMessage(ConnectivityManager.java:4719)
06-22 23:28:59.995   685   789 E JobServiceContext: 	at android.os.Handler.dispatchMessageImpl(Handler.java:142)
06-22 23:28:59.995   685   789 E JobServiceContext: 	at android.os.Handler.dispatchMessage(Handler.java:125)
06-22 23:28:59.995   685   789 E JobServiceContext: 	at android.os.Looper.loopOnce(Looper.java:296)
06-22 23:28:59.995   685   789 E JobServiceContext: 	at android.os.Looper.loop(Looper.java:397)
06-22 23:28:59.995   685   789 E JobServiceContext: 	at android.os.HandlerThread.run(HandlerThread.java:139)
06-22 23:29:00.068  1098  1098 E SmsApplication: com.google.android.apps.messaging lost android:read_cell_broadcasts:  (fixing)
06-22 23:29:00.388  1098  1343 E SmsApplication: com.google.android.apps.messaging lost android:read_cell_broadcasts:  (fixing)
06-22 23:29:00.605   685  6732 E RoleControllerServiceImpl: Default/fallback role holder package doesn't qualify for the role, package: com.google.android.gms.supervision, role: android.app.role.SYSTEM_SUPERVISION, user: 0
06-22 23:29:00.734   685  6732 E RoleControllerServiceImpl: Default/fallback role holder package doesn't qualify for the role, package: com.google.android.gms, role: android.app.role.SYSTEM_DEPENDENCY_INSTALLER, user: 0
06-22 23:29:00.921   685  6732 E RoleControllerServiceImpl: Default/fallback role holder package doesn't qualify for the role, package: com.google.android.gms, role: android.app.role.WALLET, user: 0
06-22 23:29:00.940   685  1058 E AppOps  : Bad call made by uid 1000. Package "com.google.android.googlequicksearchbox" does not belong to uid 1000.
06-22 23:29:01.075   685  1062 E AppOps  : Bad call made by uid 1000. Package "com.google.android.googlequicksearchbox" does not belong to uid 1000.
06-22 23:29:01.312   685  1826 E libbinder.IPCThreadState: Binder transaction failure. id: 1303980, cmd: BR_DEAD_REPLY (29189), error: -3 (No such process)
06-22 23:29:01.372  1098  1098 E RemoteVvmTaskManager: onServiceDisconnected: remoteService disconnected, 0 tasks dropped.
06-22 23:29:01.386   685  1058 E libbinder.IPCThreadState: Binder transaction failure. id: 1304047, cmd: BR_DEAD_REPLY (29189), error: -22 (Invalid argument)
06-22 23:29:01.485  1228  1303 E ConsumerBase: [ImageReader-100x100f1u2816m2-1228-0] abandonLocked: ConsumerBase is abandoned!
06-22 23:29:01.809  1228  1303 E ConsumerBase: [ImageReader-173x173f1u2816m2-1228-1] abandonLocked: ConsumerBase is abandoned!
06-22 23:29:01.843   685   714 E libbinder.Parcel: Reading a NULL string not supported here.
06-22 23:29:01.844   685   714 E ARProxy : Unknown descriptor: 
06-22 23:29:01.943  1391  1391 E FeatureFlagsImplExport: android.os.flagging.AconfigStorageReadException: ERROR_PACKAGE_NOT_FOUND: package android.xr cannot be found on the device
06-22 23:29:01.966  1228  1303 E ConsumerBase: [ImageReader-173x173f1u2816m2-1228-2] abandonLocked: ConsumerBase is abandoned!
06-22 23:29:02.160   685   749 E libbinder.IPCThreadState: Binder transaction failure. id: 1304977, cmd: BR_DEAD_REPLY (29189), error: -22 (Invalid argument)
06-22 23:29:02.461  1228  1303 E NexusCSStateManager: Failed to fetch from AppSearch
06-22 23:29:02.461  1228  1303 E NexusCSStateManager: java.util.NoSuchElementException: No value present
06-22 23:29:02.461  1228  1303 E NexusCSStateManager: 	at java.util.Optional.get(Optional.java:143)
06-22 23:29:02.461  1228  1303 E NexusCSStateManager: 	at h7.l.onResult(go/retraceme 4b96215a9d9b4c1494121442fbf9d6e89857c91e1d76ddcc689701971259418a:36)
06-22 23:29:02.461  1228  1303 E NexusCSStateManager: 	at android.app.appsearch.SearchSessionUtil$1.lambda$onResult$0(go/retraceme 199f808ebf9b1777aa3658eabdef2a2b19400fd4540e3f56132e4d0224014b7e:144)
06-22 23:29:02.461  1228  1303 E NexusCSStateManager: 	at android.app.appsearch.SearchSessionUtil$1.$r8$lambda$CEk3q8sDAQVhU3rQwVueB8FAj_M(go/retraceme 199f808ebf9b1777aa3658eabdef2a2b19400fd4540e3f56132e4d0224014b7e:1)
06-22 23:29:02.461  1228  1303 E NexusCSStateManager: 	at android.app.appsearch.SearchSessionUtil$1$$ExternalSyntheticLambda0.run(go/retraceme 199f808ebf9b1777aa3658eabdef2a2b19400fd4540e3f56132e4d0224014b7e:22)
06-22 23:29:02.461  1228  1303 E NexusCSStateManager: 	at androidx.appfunctions.internal.f.execute(go/retraceme 4b96215a9d9b4c1494121442fbf9d6e89857c91e1d76ddcc689701971259418a:0)
06-22 23:29:02.461  1228  1303 E NexusCSStateManager: 	at android.app.appsearch.SearchSessionUtil.safeExecute(go/retraceme 199f808ebf9b1777aa3658eabdef2a2b19400fd4540e3f56132e4d0224014b7e:21)
06-22 23:29:02.461  1228  1303 E NexusCSStateManager: 	at android.app.appsearch.SearchSessionUtil$1.onResult(go/retraceme 199f808ebf9b1777aa3658eabdef2a2b19400fd4540e3f56132e4d0224014b7e:18)
06-22 23:29:02.461  1228  1303 E NexusCSStateManager: 	at android.app.appsearch.aidl.IAppSearchBatchResultCallback$Stub.onTransact(go/retraceme 199f808ebf9b1777aa3658eabdef2a2b19400fd4540e3f56132e4d0224014b7e:50)
06-22 23:29:02.461  1228  1303 E NexusCSStateManager: 	at android.os.Binder.execTransactInternal(Binder.java:1369)
06-22 23:29:02.461  1228  1303 E NexusCSStateManager: 	at android.os.Binder.execTransact(Binder.java:1323)
06-22 23:29:02.508  1223  1223 E .gms.persistent: hiddenapi: Accessing hidden method Landroid/net/ConnectivityManager;->isNetworkTypeMobile(I)Z (runtime_flags=0, domain=platform, api=max-target-p) from Lccxf; (domain=app, TargetSdkVersion=37) using reflection: denied
06-22 23:29:02.510  1223  1223 E .gms.persistent: hiddenapi: Accessing hidden method Landroid/os/PowerManager;->isLightDeviceIdleMode()Z (runtime_flags=0, domain=platform, api=max-target-s) from Lccxf; (domain=app, TargetSdkVersion=37) using reflection: denied
06-22 23:29:02.537  1228  1228 E ConsumerBase: [ImageReader-1x1f1u2816m2-1228-3] abandonLocked: ConsumerBase is abandoned!
06-22 23:29:02.730   962  1022 E SingleInstanceRemoteListener: Failed remote call on null listener
06-22 23:29:03.089  1228  1324 E ConsumerBase: [ImageReader-173x173f1u2816m2-1228-4] abandonLocked: ConsumerBase is abandoned!
06-22 23:29:03.140   962  1022 E SingleInstanceRemoteListener: Failed remote call on null listener
06-22 23:29:03.348   685  1716 E TransitionController: Set visible without transition ActivityRecord{32705163 u0 com.google.android.apps.nexuslauncher/.NexusLauncherActivity t2} playing=false caller=com.android.server.wm.ActivityTaskSupervisor.realStartActivityLocked:873 
06-22 23:29:03.583  1228  1323 E ZeroStateWebSuggestDataLoader: Failed to fetch suggestions from AppSearch
06-22 23:29:03.583  1228  1323 E ZeroStateWebSuggestDataLoader: java.util.NoSuchElementException: No value present
06-22 23:29:03.583  1228  1323 E ZeroStateWebSuggestDataLoader: 	at java.util.Optional.get(Optional.java:143)
06-22 23:29:03.583  1228  1323 E ZeroStateWebSuggestDataLoader: 	at w6.m.onResult(go/retraceme 4b96215a9d9b4c1494121442fbf9d6e89857c91e1d76ddcc689701971259418a:32)
06-22 23:29:03.583  1228  1323 E ZeroStateWebSuggestDataLoader: 	at android.app.appsearch.SearchSessionUtil$1.lambda$onResult$0(go/retraceme 199f808ebf9b1777aa3658eabdef2a2b19400fd4540e3f56132e4d0224014b7e:144)
06-22 23:29:03.583  1228  1323 E ZeroStateWebSuggestDataLoader: 	at android.app.appsearch.SearchSessionUtil$1.$r8$lambda$CEk3q8sDAQVhU3rQwVueB8FAj_M(go/retraceme 199f808ebf9b1777aa3658eabdef2a2b19400fd4540e3f56132e4d0224014b7e:1)
06-22 23:29:03.583  1228  1323 E ZeroStateWebSuggestDataLoader: 	at android.app.appsearch.SearchSessionUtil$1$$ExternalSyntheticLambda0.run(go/retraceme 199f808ebf9b1777aa3658eabdef2a2b19400fd4540e3f56132e4d0224014b7e:22)
06-22 23:29:03.583  1228  1323 E ZeroStateWebSuggestDataLoader: 	at android.os.Handler.handleCallback(Handler.java:1095)
06-22 23:29:03.583  1228  1323 E ZeroStateWebSuggestDataLoader: 	at android.os.Handler.dispatchMessageImpl(Handler.java:135)
06-22 23:29:03.583  1228  1323 E ZeroStateWebSuggestDataLoader: 	at android.os.Handler.dispatchMessage(Handler.java:125)
06-22 23:29:03.583  1228  1323 E ZeroStateWebSuggestDataLoader: 	at android.os.Looper.loopOnce(Looper.java:296)
06-22 23:29:03.583  1228  1323 E ZeroStateWebSuggestDataLoader: 	at android.os.Looper.loop(Looper.java:397)
06-22 23:29:03.583  1228  1323 E ZeroStateWebSuggestDataLoader: 	at android.os.HandlerThread.run(HandlerThread.java:139)
06-22 23:29:03.840  1228  1228 E RecyclerView: Cannot scroll to position a LayoutManager set. Call setLayoutManager with a non-null argument.
06-22 23:29:03.848  1228  1228 E RecyclerView: Cannot scroll to position a LayoutManager set. Call setLayoutManager with a non-null argument.
06-22 23:29:04.502  1228  1324 E ConsumerBase: [ImageReader-173x173f1u2816m2-1228-5] abandonLocked: ConsumerBase is abandoned!
06-22 23:29:04.828  1228  1638 E s.nexuslauncher: Invalid resource ID 0x00000000.
06-22 23:29:05.876  1228  1322 E ConsumerBase: [ImageReader-46x46f1u2816m2-1228-6] abandonLocked: ConsumerBase is abandoned!
06-22 23:29:07.918  1228  1324 E Launcher.Model: Loader task completed, name: [addCallbacksAndLoad], mIsCommitted=true
06-22 23:29:08.644   685   809 E InputDispatcher: channel '[Gesture Monitor] swipe-up' ~ Channel is unrecoverably broken and will be disposed!
06-22 23:29:08.644   685   809 E InputDispatcher: channel '[Gesture Monitor] minus-one' ~ Channel is unrecoverably broken and will be disposed!
06-22 23:29:08.691   685   809 E InputDispatcher: channel '264b36 Taskbar' ~ Channel is unrecoverably broken and will be disposed!
06-22 23:29:08.705   685   809 E libbinder.IPCThreadState: Binder transaction failure. id: 1313231, cmd: BR_DEAD_REPLY (29189), error: -3 (No such process)
06-22 23:29:08.815   962  1022 E SingleInstanceRemoteListener: Failed remote call
06-22 23:29:08.815   962  1022 E SingleInstanceRemoteListener: android.os.DeadObjectException
06-22 23:29:08.815   962  1022 E SingleInstanceRemoteListener: 	at android.os.BinderProxy.transactNative(Native Method)
06-22 23:29:08.815   962  1022 E SingleInstanceRemoteListener: 	at android.os.BinderProxy.transact(BinderProxy.java:626)
06-22 23:29:08.815   962  1022 E SingleInstanceRemoteListener: 	at com.android.wm.shell.transition.HomeTransitionObserver$1.insetsChanged(go/retraceme 65a57554a6fcb1f6f35a6d966fdf70d53b6b2a2c3cd29f2446d2cae2b16968c2:41)
06-22 23:29:08.815   962  1022 E SingleInstanceRemoteListener: 	at com.android.wm.shell.common.DisplayInsetsController$OnInsetsChangedListener.insetsChanged(go/retraceme 65a57554a6fcb1f6f35a6d966fdf70d53b6b2a2c3cd29f2446d2cae2b16968c2:0)
06-22 23:29:08.815   962  1022 E SingleInstanceRemoteListener: 	at com.android.wm.shell.common.DisplayInsetsController$PerDisplay$DisplayWindowInsetsControllerImpl$$ExternalSyntheticLambda4.run(go/retraceme 65a57554a6fcb1f6f35a6d966fdf70d53b6b2a2c3cd29f2446d2cae2b16968c2:204)
06-22 23:29:08.815   962  1022 E SingleInstanceRemoteListener: 	at android.os.Handler.handleCallback(Handler.java:1095)
06-22 23:29:08.815   962  1022 E SingleInstanceRemoteListener: 	at android.os.Handler.dispatchMessageImpl(Handler.java:135)
06-22 23:29:08.815   962  1022 E SingleInstanceRemoteListener: 	at android.os.Handler.dispatchMessage(Handler.java:125)
06-22 23:29:08.815   962  1022 E SingleInstanceRemoteListener: 	at android.os.Looper.loopOnce(Looper.java:296)
06-22 23:29:08.815   962  1022 E SingleInstanceRemoteListener: 	at android.os.Looper.loop(Looper.java:397)
06-22 23:29:08.815   962  1022 E SingleInstanceRemoteListener: 	at android.os.HandlerThread.run(HandlerThread.java:139)
06-22 23:29:08.853   513   513 E BpTransactionCompletedListener: Failed to transact (-32)
06-22 23:29:08.879   685  1820 E AppOps  : Bad call made by uid 1000. Package "com.google.android.googlequicksearchbox" does not belong to uid 1000.
06-22 23:29:08.957   685   707 E libbinder.IPCThreadState: Binder transaction failure. id: 1313464, cmd: BR_DEAD_REPLY (29189), error: -22 (Invalid argument)
06-22 23:29:09.064   685  1244 E TransitionChain: Can't collect into a chain with no transition
06-22 23:29:09.065   685  1244 E TransitionChain: Can't collect into a chain with no transition
06-22 23:29:09.134   685   809 E InputDispatcher: channel '41db224 com.example.driver_fatigue_detection/com.example.driver_fatigue_detection.MainActivity' ~ Channel is unrecoverably broken and will be disposed!
06-22 23:29:09.163   685   749 E libbinder.IPCThreadState: Binder transaction failure. id: 1313754, cmd: BR_DEAD_REPLY (29189), error: -22 (Invalid argument)
06-22 23:29:09.170   513   513 E BpTransactionCompletedListener: Failed to transact (-32)
06-22 23:29:09.192  1434  1491 E libbinder.IPCThreadState: Binder transaction failure. id: 1313780, cmd: BR_DEAD_REPLY (29189), error: -22 (Invalid argument)
06-22 23:29:09.262   513   513 E BpTransactionCompletedListener: Failed to transact (-32)
06-22 23:29:09.496  1924  1924 E LibraryModuleRegistry: LibraryModuleRegistry.register():48 Module mobilebert_classifier_android_jni has already been registered to integrated_shared_object
06-22 23:29:10.209  1924  1924 E GoogleInputMethodService: GoogleInputMethodService.getAppEditorInfo():1937 App EditorInfo should never be null.
06-22 23:29:10.376  1542  1561 E AiAiNotificationAssistantService: No completion listener supplied for this service!
06-22 23:29:10.463  1542  1663 E Ambient : Installed publisher verification failed
06-22 23:29:10.463  1542  1663 E Ambient : Installed publisher verification failed
06-22 23:29:10.509  1924  2006 E EmojiSlicingStrategy: EmojiSlicingStrategy.getSlices():88 getSlices() : Received null or empty userEnabledLocales.
06-22 23:29:10.512  1924  2006 E EmojiSlicingStrategy: EmojiSlicingStrategy.getSlices():88 getSlices() : Received null or empty userEnabledLocales.
06-22 23:29:11.626  1924  1979 E HandwritingSuperpacksUtil: HandwritingSuperpacksUtil.getPackMappingPackName():42 No pack mapping pack found in []
06-22 23:29:11.775  1924  1924 E GoogleInputMethodService: GoogleInputMethodService.getAppEditorInfo():1937 App EditorInfo should never be null.
06-22 23:29:11.812  1924  1924 E AbstractOpenableExtension: AbstractOpenableExtension$1.onFailure():144 failed to parse keyboard group def : 2132213998 -> 0_resource_name_obfuscated. 
06-22 23:29:11.812  1924  1924 E AbstractOpenableExtension: java.util.concurrent.CancellationException: Task was cancelled.
06-22 23:29:11.812  1924  1924 E AbstractOpenableExtension: 	at uun.i(PG:33)
06-22 23:29:11.812  1924  1924 E AbstractOpenableExtension: 	at uuv.r(PG:24)
06-22 23:29:11.812  1924  1924 E AbstractOpenableExtension: 	at uun.get(PG:1)
06-22 23:29:11.812  1924  1924 E AbstractOpenableExtension: 	at a.n(PG:2)
06-22 23:29:11.812  1924  1924 E AbstractOpenableExtension: 	at uwm.run(PG:32)
06-22 23:29:11.812  1924  1924 E AbstractOpenableExtension: 	at uvu.execute(PG:1)
06-22 23:29:11.812  1924  1924 E AbstractOpenableExtension: 	at uun.g(PG:1)
06-22 23:29:11.812  1924  1924 E AbstractOpenableExtension: 	at uun.l(PG:101)
06-22 23:29:11.812  1924  1924 E AbstractOpenableExtension: 	at uun.cancel(PG:52)
06-22 23:29:11.812  1924  1924 E AbstractOpenableExtension: 	at uun.n(PG:17)
06-22 23:29:11.812  1924  1924 E AbstractOpenableExtension: 	at uuz.c(PG:3)
06-22 23:29:11.812  1924  1924 E AbstractOpenableExtension: 	at uun.l(PG:30)
06-22 23:29:11.812  1924  1924 E AbstractOpenableExtension: 	at uun.cancel(PG:52)
06-22 23:29:11.812  1924  1924 E AbstractOpenableExtension: 	at fvs.e(PG:64)
06-22 23:29:11.812  1924  1924 E AbstractOpenableExtension: 	at fvs.N(PG:4)
06-22 23:29:11.812  1924  1924 E AbstractOpenableExtension: 	at fvs.O(PG:1)
06-22 23:29:11.812  1924  1924 E AbstractOpenableExtension: 	at miu.h(PG:33)
06-22 23:29:11.812  1924  1924 E AbstractOpenableExtension: 	at nfl.ai(PG:20)
06-22 23:29:11.812  1924  1924 E AbstractOpenableExtension: 	at ecd.o(PG:247)
06-22 23:29:11.812  1924  1924 E AbstractOpenableExtension: 	at nfg.e(PG:3)
06-22 23:29:11.812  1924  1924 E AbstractOpenableExtension: 	at nci.dv(PG:9)
06-22 23:29:11.812  1924  1924 E AbstractOpenableExtension: 	at nnv.run(PG:1018)
06-22 23:29:11.812  1924  1924 E AbstractOpenableExtension: 	at uvu.execute(PG:1)
06-22 23:29:11.812  1924  1924 E AbstractOpenableExtension: 	at oxh.d(PG:14)
06-22 23:29:11.812  1924  1924 E AbstractOpenableExtension: 	at oiu.l(PG:95)
06-22 23:29:11.812  1924  1924 E AbstractOpenableExtension: 	at oiu.j(PG:33)
06-22 23:29:11.812  1924  1924 E AbstractOpenableExtension: 	at ndr.b(PG:146)
06-22 23:29:11.812  1924  1924 E AbstractOpenableExtension: 	at uwm.run(PG:38)
06-22 23:29:11.812  1924  1924 E AbstractOpenableExtension: 	at android.os.Handler.handleCallback(Handler.java:1095)
06-22 23:29:11.812  1924  1924 E AbstractOpenableExtension: 	at android.os.Handler.dispatchMessageImpl(Handler.java:135)
06-22 23:29:11.812  1924  1924 E AbstractOpenableExtension: 	at android.os.Handler.dispatchMessage(Handler.java:125)
06-22 23:29:11.812  1924  1924 E AbstractOpenableExtension: 	at android.os.Looper.loopOnce(Looper.java:296)
06-22 23:29:11.812  1924  1924 E AbstractOpenableExtension: 	at android.os.Looper.loop(Looper.java:397)
06-22 23:29:11.812  1924  1924 E AbstractOpenableExtension: 	at android.app.ActivityThread.main(ActivityThread.java:9523)
06-22 23:29:11.812  1924  1924 E AbstractOpenableExtension: 	at java.lang.reflect.Method.invoke(Native Method)
06-22 23:29:11.812  1924  1924 E AbstractOpenableExtension: 	at com.android.internal.os.RuntimeInit$MethodAndArgsCaller.run(RuntimeInit.java:575)
06-22 23:29:11.812  1924  1924 E AbstractOpenableExtension: 	at com.android.internal.os.ZygoteInit.main(ZygoteInit.java:939)
06-22 23:29:11.818  1924  1924 E GoogleInputMethodService: GoogleInputMethodService.getAppEditorInfo():1937 App EditorInfo should never be null.
06-22 23:29:12.291  2010  2010 E ConsumerBase: [ImageReader-100x100f1u2816m2-2010-0] abandonLocked: ConsumerBase is abandoned!
06-22 23:29:12.510  2010  2010 E ConsumerBase: [ImageReader-173x173f1u2816m2-2010-1] abandonLocked: ConsumerBase is abandoned!
06-22 23:29:12.631  2010  2010 E ConsumerBase: [ImageReader-173x173f1u2816m2-2010-2] abandonLocked: ConsumerBase is abandoned!
06-22 23:29:12.637   685  1703 E TaskPersister: File error accessing recents directory (directory doesn't exist?).
06-22 23:29:12.806  1924  2102 E MDDTaskScheduler: MDDTaskScheduler.scheduleDownload():191 work Data {charging : false, mdd_task_tag : download, network : false} scheduled
06-22 23:29:13.404  2010  2043 E NexusCSStateManager: Failed to fetch from AppSearch
06-22 23:29:13.404  2010  2043 E NexusCSStateManager: java.util.NoSuchElementException: No value present
06-22 23:29:13.404  2010  2043 E NexusCSStateManager: 	at java.util.Optional.get(Optional.java:143)
06-22 23:29:13.404  2010  2043 E NexusCSStateManager: 	at h7.l.onResult(go/retraceme 4b96215a9d9b4c1494121442fbf9d6e89857c91e1d76ddcc689701971259418a:36)
06-22 23:29:13.404  2010  2043 E NexusCSStateManager: 	at android.app.appsearch.SearchSessionUtil$1.lambda$onResult$0(go/retraceme 199f808ebf9b1777aa3658eabdef2a2b19400fd4540e3f56132e4d0224014b7e:144)
06-22 23:29:13.404  2010  2043 E NexusCSStateManager: 	at android.app.appsearch.SearchSessionUtil$1.$r8$lambda$CEk3q8sDAQVhU3rQwVueB8FAj_M(go/retraceme 199f808ebf9b1777aa3658eabdef2a2b19400fd4540e3f56132e4d0224014b7e:1)
06-22 23:29:13.404  2010  2043 E NexusCSStateManager: 	at android.app.appsearch.SearchSessionUtil$1$$ExternalSyntheticLambda0.run(go/retraceme 199f808ebf9b1777aa3658eabdef2a2b19400fd4540e3f56132e4d0224014b7e:22)
06-22 23:29:13.404  2010  2043 E NexusCSStateManager: 	at androidx.appfunctions.internal.f.execute(go/retraceme 4b96215a9d9b4c1494121442fbf9d6e89857c91e1d76ddcc689701971259418a:0)
06-22 23:29:13.404  2010  2043 E NexusCSStateManager: 	at android.app.appsearch.SearchSessionUtil.safeExecute(go/retraceme 199f808ebf9b1777aa3658eabdef2a2b19400fd4540e3f56132e4d0224014b7e:21)
06-22 23:29:13.404  2010  2043 E NexusCSStateManager: 	at android.app.appsearch.SearchSessionUtil$1.onResult(go/retraceme 199f808ebf9b1777aa3658eabdef2a2b19400fd4540e3f56132e4d0224014b7e:18)
06-22 23:29:13.404  2010  2043 E NexusCSStateManager: 	at android.app.appsearch.aidl.IAppSearchBatchResultCallback$Stub.onTransact(go/retraceme 199f808ebf9b1777aa3658eabdef2a2b19400fd4540e3f56132e4d0224014b7e:50)
06-22 23:29:13.404  2010  2043 E NexusCSStateManager: 	at android.os.Binder.execTransactInternal(Binder.java:1369)
06-22 23:29:13.404  2010  2043 E NexusCSStateManager: 	at android.os.Binder.execTransact(Binder.java:1323)
06-22 23:29:13.642  2010  2106 E ZeroStateWebSuggestDataLoader: Failed to fetch suggestions from AppSearch
06-22 23:29:13.642  2010  2106 E ZeroStateWebSuggestDataLoader: java.util.NoSuchElementException: No value present
06-22 23:29:13.642  2010  2106 E ZeroStateWebSuggestDataLoader: 	at java.util.Optional.get(Optional.java:143)
06-22 23:29:13.642  2010  2106 E ZeroStateWebSuggestDataLoader: 	at w6.m.onResult(go/retraceme 4b96215a9d9b4c1494121442fbf9d6e89857c91e1d76ddcc689701971259418a:32)
06-22 23:29:13.642  2010  2106 E ZeroStateWebSuggestDataLoader: 	at android.app.appsearch.SearchSessionUtil$1.lambda$onResult$0(go/retraceme 199f808ebf9b1777aa3658eabdef2a2b19400fd4540e3f56132e4d0224014b7e:144)
06-22 23:29:13.642  2010  2106 E ZeroStateWebSuggestDataLoader: 	at android.app.appsearch.SearchSessionUtil$1.$r8$lambda$CEk3q8sDAQVhU3rQwVueB8FAj_M(go/retraceme 199f808ebf9b1777aa3658eabdef2a2b19400fd4540e3f56132e4d0224014b7e:1)
06-22 23:29:13.642  2010  2106 E ZeroStateWebSuggestDataLoader: 	at android.app.appsearch.SearchSessionUtil$1$$ExternalSyntheticLambda0.run(go/retraceme 199f808ebf9b1777aa3658eabdef2a2b19400fd4540e3f56132e4d0224014b7e:22)
06-22 23:29:13.642  2010  2106 E ZeroStateWebSuggestDataLoader: 	at android.os.Handler.handleCallback(Handler.java:1095)
