--------- beginning of system
05-29 13:40:54.592   317   317 E vold    : Error getting bootctrl v1.0 module.
05-29 13:41:01.414   449   449 E VibratorInfo: Invalid frequency profile received from HAL. resonantFrequencyHz=NaN, frequenciesHz=null, outputAccelerationsGs=null
05-29 13:41:03.078   685   717 E DisplayManagerService: Default display is null for info request from uid 1000
05-29 13:41:03.100   685   717 E SystemServiceRegistry: Manager wrapper not available: user
05-29 13:41:04.804   685   685 E SystemServiceRegistry: Manager wrapper not available: supervision
05-29 13:41:04.850   685   685 E VibratorInfo: Invalid frequency profile received from HAL. resonantFrequencyHz=NaN, frequenciesHz=null, outputAccelerationsGs=null
05-29 13:41:04.903   685   685 E DeviceStateManagerService: Cannot notify device state info change before the initial state has been committed.
05-29 13:41:05.668   685   797 E SystemServiceRegistry: Manager wrapper not available: jobscheduler
05-29 13:41:05.729   685   685 E SystemServiceRegistry: Manager wrapper not available: keyguard
05-29 13:41:05.812   685   797 E SystemServiceRegistry: Manager wrapper not available: jobscheduler
05-29 13:41:05.820   685   685 E PowerManagerService: Tried to acquire wake lock for display 0 before system ready: lock=89780333, flags=0x1, tag="handleAudioEvent", ws=null, uid=1000, pid=685, packageName=android
05-29 13:41:05.830   685   685 E SoundTriggerMiddlewareImpl: Failed to add a SoundTriggerModule instance
05-29 13:41:05.830   685   685 E SoundTriggerMiddlewareImpl: java.util.NoSuchElementException
05-29 13:41:05.830   685   685 E SoundTriggerMiddlewareImpl: 	at android.os.HwBinder.getService(Native Method)
05-29 13:41:05.830   685   685 E SoundTriggerMiddlewareImpl: 	at android.hardware.soundtrigger.V2_0.ISoundTriggerHw.getService(ISoundTriggerHw.java:57)
05-29 13:41:05.830   685   685 E SoundTriggerMiddlewareImpl: 	at android.hardware.soundtrigger.V2_0.ISoundTriggerHw.getService(ISoundTriggerHw.java:64)
05-29 13:41:05.830   685   685 E SoundTriggerMiddlewareImpl: 	at com.android.server.soundtrigger_middleware.DefaultHalFactory.create(DefaultHalFactory.java:76)
05-29 13:41:05.830   685   685 E SoundTriggerMiddlewareImpl: 	at com.android.server.soundtrigger_middleware.SoundTriggerModule.attachToHal(SoundTriggerModule.java:176)
05-29 13:41:05.830   685   685 E SoundTriggerMiddlewareImpl: 	at com.android.server.soundtrigger_middleware.SoundTriggerModule.<init>(SoundTriggerModule.java:105)
05-29 13:41:05.830   685   685 E SoundTriggerMiddlewareImpl: 	at com.android.server.soundtrigger_middleware.SoundTriggerMiddlewareImpl.<init>(SoundTriggerMiddlewareImpl.java:86)
05-29 13:41:05.830   685   685 E SoundTriggerMiddlewareImpl: 	at com.android.server.soundtrigger_middleware.SoundTriggerMiddlewareService$Lifecycle.onStart(SoundTriggerMiddlewareService.java:248)
05-29 13:41:05.830   685   685 E SoundTriggerMiddlewareImpl: 	at com.android.server.SystemServiceManager.startService(SystemServiceManager.java:282)
05-29 13:41:05.830   685   685 E SoundTriggerMiddlewareImpl: 	at com.android.server.SystemServiceManager.startService(SystemServiceManager.java:259)
05-29 13:41:05.830   685   685 E SoundTriggerMiddlewareImpl: 	at com.android.server.SystemServer.startOtherServices(SystemServer.java:2492)
05-29 13:41:05.830   685   685 E SoundTriggerMiddlewareImpl: 	at com.android.server.SystemServer.run(SystemServer.java:1049)
05-29 13:41:05.830   685   685 E SoundTriggerMiddlewareImpl: 	at com.android.server.SystemServer.main(SystemServer.java:727)
05-29 13:41:05.830   685   685 E SoundTriggerMiddlewareImpl: 	at java.lang.reflect.Method.invoke(Native Method)
05-29 13:41:05.830   685   685 E SoundTriggerMiddlewareImpl: 	at com.android.internal.os.RuntimeInit$MethodAndArgsCaller.run(RuntimeInit.java:575)
05-29 13:41:05.830   685   685 E SoundTriggerMiddlewareImpl: 	at com.android.internal.os.ZygoteInit.main(ZygoteInit.java:917)
05-29 13:41:05.863   685   779 E UsbDeviceManager: connectToProxy: usb gadget hidl hal service not found.
05-29 13:41:05.863   685   779 E UsbDeviceManager: java.util.NoSuchElementException
05-29 13:41:05.863   685   779 E UsbDeviceManager: 	at android.os.HwBinder.getService(Native Method)
05-29 13:41:05.863   685   779 E UsbDeviceManager: 	at android.hardware.usb.gadget.V1_0.IUsbGadget.getService(IUsbGadget.java:57)
05-29 13:41:05.863   685   779 E UsbDeviceManager: 	at android.hardware.usb.gadget.V1_0.IUsbGadget.getService(IUsbGadget.java:64)
05-29 13:41:05.863   685   779 E UsbDeviceManager: 	at com.android.server.usb.hal.gadget.UsbGadgetHidl.isServicePresent(UsbGadgetHidl.java:128)
05-29 13:41:05.863   685   779 E UsbDeviceManager: 	at com.android.server.usb.hal.gadget.UsbGadgetHalInstance.getInstance(UsbGadgetHalInstance.java:39)
05-29 13:41:05.863   685   779 E UsbDeviceManager: 	at com.android.server.usb.UsbDeviceManager.<init>(UsbDeviceManager.java:408)
05-29 13:41:05.863   685   779 E UsbDeviceManager: 	at com.android.server.usb.UsbService.<init>(UsbService.java:242)
05-29 13:41:05.863   685   779 E UsbDeviceManager: 	at com.android.server.usb.UsbService$Lifecycle.lambda$onStart$0(UsbService.java:126)
05-29 13:41:05.863   685   779 E UsbDeviceManager: 	at com.android.server.usb.UsbService$Lifecycle.$r8$lambda$HIZVSW8uTg1XjWF6etZh-bC1WP4(UsbService.java:0)
05-29 13:41:05.863   685   779 E UsbDeviceManager: 	at com.android.server.usb.UsbService$Lifecycle$$ExternalSyntheticLambda0.run(R8$$SyntheticClass:0)
05-29 13:41:05.863   685   779 E UsbDeviceManager: 	at java.util.concurrent.Executors$RunnableAdapter.call(Executors.java:520)
05-29 13:41:05.863   685   779 E UsbDeviceManager: 	at com.android.server.SystemServerInitThreadPool.lambda$submitTask$0(SystemServerInitThreadPool.java:123)
05-29 13:41:05.863   685   779 E UsbDeviceManager: 	at com.android.server.SystemServerInitThreadPool.$r8$lambda$pX73o5PM2Q_I4va9TP2zr55_hqQ(SystemServerInitThreadPool.java:0)
05-29 13:41:05.863   685   779 E UsbDeviceManager: 	at com.android.server.SystemServerInitThreadPool$$ExternalSyntheticLambda0.call(R8$$SyntheticClass:0)
05-29 13:41:05.863   685   779 E UsbDeviceManager: 	at java.util.concurrent.FutureTask.run(FutureTask.java:328)
05-29 13:41:05.863   685   779 E UsbDeviceManager: 	at java.util.concurrent.ThreadPoolExecutor.runWorker(ThreadPoolExecutor.java:1100)
05-29 13:41:05.863   685   779 E UsbDeviceManager: 	at java.util.concurrent.ThreadPoolExecutor$Worker.run(ThreadPoolExecutor.java:624)
05-29 13:41:05.863   685   779 E UsbDeviceManager: 	at com.android.internal.util.ConcurrentUtils$1$1.run(ConcurrentUtils.java:65)
05-29 13:41:05.863   685   779 E UsbPortManager: USB Gadget HAL AIDL/HIDL not present
05-29 13:41:05.863   685   779 E UsbDeviceManager: Failed to open control for mtp
05-29 13:41:05.863   685   779 E UsbDeviceManager: Failed to open control for ptp
05-29 13:41:05.967   685   685 E SystemServiceRegistry: Manager wrapper not available: face
05-29 13:41:05.979   685   904 E AuthService: Face configuration exists, but FaceService is null.
05-29 13:41:05.988   685   685 E SystemServiceRegistry: Manager wrapper not available: face
05-29 13:41:06.100   685   685 E AutofillManagerServiceImpl: Bad service name: com.google.android.gms/.autofill.service.AutofillService
05-29 13:41:06.101   685   685 E RemoteAugmentedAutofillService: Bad service name for flags 1048704: com.google.android.as/com.google.android.apps.miphone.aiai.app.AiAiAugmentedAutofillService
05-29 13:41:06.225   685   685 E DisplayPowerController[0]: failed to set up display white-balance: java.lang.IllegalStateException: cannot find color temperature sensor:  sensorDataSensorData{type= com.google.sensor.color, name= , refreshRateRange: [0.0, Infinity], supportedModes=[]}"
05-29 13:41:06.249   685   685 E VibratorInfo: Invalid frequency profile received from HAL. resonantFrequencyHz=NaN, frequenciesHz=null, outputAccelerationsGs=null
05-29 13:41:06.290   685   685 E TestHarnessModeService: Failed to start Test Harness Mode; no implementation of PersistentDataBlockManagerInternal was bound!
05-29 13:41:06.339   685   685 E SystemServiceRegistry: Manager wrapper not available: face
05-29 13:41:06.350   474   505 E android.hardware.wifi-service: Unknown iface name: wlan0
05-29 13:41:06.350   474   505 E android.hardware.wifi-service: Unknown iface name: wlan0
05-29 13:41:06.359   474   935 E android.hardware.wifi-service: Unknown iface name: wlan0
05-29 13:41:06.359   474   935 E android.hardware.wifi-service: Unknown iface name: wlan0
05-29 13:41:06.362   685   685 E UserManagerService: Auto-lock preference updated but private space user not found
05-29 13:41:06.369   474   935 E android.hardware.wifi-service: Failed to register radio mode change callback
05-29 13:41:06.374   474   935 E android.hardware.wifi-service: Failed to get SupportedIfaceCombinations matrix from legacy HAL: NOT_SUPPORTED
05-29 13:41:06.382   474   474 E android.hardware.wifi-service: Failed to set DFS flag; DFS channels may be unavailable.
05-29 13:41:06.389   685   750 E DefaultPermGrantPolicy: Package not found: com.google.android.apps.pixelmigrate
05-29 13:41:06.389   685   750 E DefaultPermGrantPolicy: Package not found: com.google.android.adservices
05-29 13:41:06.389   685   750 E DefaultPermGrantPolicy: Package not found: com.google.android.apps.mediashell
05-29 13:41:06.389   685   750 E DefaultPermGrantPolicy: Package not found: com.google.android.apps.tips
05-29 13:41:06.389   685   750 E DefaultPermGrantPolicy: Package not found: com.google.android.apps.turbo
05-29 13:41:06.389   685   750 E DefaultPermGrantPolicy: Package not found: com.google.android.euicc
05-29 13:41:06.389   685   750 E DefaultPermGrantPolicy: Package not found: com.google.android.volta
05-29 13:41:06.391   474   474 E android.hardware.wifi-service: Failed to get chip capabilities from legacy HAL: NOT_SUPPORTED
05-29 13:41:06.415   474   474 E android.hardware.wifi-service: Failed to get SupportedRadioCombinations matrix from legacy HAL: NOT_SUPPORTED
05-29 13:41:06.988   685   685 E WallpaperCropper: Unable to apply new wallpaper
05-29 13:41:07.202   685   779 E AppOps  : Bad call made by uid 1000. Package "android" does not belong to uid 1037.
05-29 13:41:07.202   685   779 E AppOps  : Cannot getAppOpMode: non-application UID 1037
05-29 13:41:07.531   685   722 E CountryDetector: Could not instantiate the custom country detector class
05-29 13:41:08.578   685   685 E ContentCapturePerUserService: Bad service name: com.google.android.as/com.google.android.apps.miphone.aiai.app.AiAiContentCaptureService
05-29 13:41:08.579   685   685 E ContentCapturePerUserService: Bad service name: com.google.android.as/com.google.android.apps.miphone.aiai.app.AiAiContentCaptureService
05-29 13:41:08.579   685   685 E ContentCapturePerUserService: Bad service name: com.google.android.as/com.google.android.apps.miphone.aiai.app.AiAiContentCaptureService
05-29 13:41:08.580   685   685 E ContentSuggestionsPerUserService: Bad service name: com.google.android.as/com.google.android.apps.miphone.aiai.app.AiAiContentSuggestionsService
05-29 13:41:08.580   685   685 E AutofillManagerServiceImpl: Bad service name: com.google.android.gms/.autofill.service.AutofillService
05-29 13:41:08.581   685   685 E RemoteAugmentedAutofillService: Bad service name for flags 1048704: com.google.android.as/com.google.android.apps.miphone.aiai.app.AiAiAugmentedAutofillService
05-29 13:41:08.696   685  1061 E TransitionChain: Can't collect into a chain with no transition
05-29 13:41:09.007   685   707 E TransitionChain: Can't collect into a chain with no transition
05-29 13:41:09.007   685   707 E ActivityTaskManager: Can't set forceTranslucent on a task that is already forced opaque.
05-29 13:41:09.007   685   707 E TransitionChain: Can't collect into a chain with no transition
05-29 13:41:09.624   685   707 E AuthService: No face sensors.
05-29 13:41:10.360   685   864 E AppOps  : attributionTag VCN not declared in manifest of android
05-29 13:41:10.364   685   864 E AppOps  : attributionTag VCN not declared in manifest of android
05-29 13:41:10.772   685   864 E AppOps  : attributionTag VCN not declared in manifest of android
05-29 13:41:11.769   685   708 E AppOps  : attributionTag VCN not declared in manifest of android
05-29 13:41:11.834   685   864 E AppOps  : attributionTag VCN not declared in manifest of android
05-29 13:41:11.937   317   317 E vold    : Error getting bootctrl v1.0 module.
05-29 13:41:11.937   317   317 E Checkpoint: Failed to get BootControl HAL, not marking slot as successful.
05-29 13:41:12.061   685   717 E TestHarnessModeService: Failed to start Test Harness Mode; no implementation of PersistentDataBlockManagerInternal was bound!
05-29 13:41:12.139   685   708 E AutofillManagerServiceImpl: Bad service name: com.google.android.gms/.autofill.service.AutofillService
05-29 13:41:12.160   685   708 E RemoteAugmentedAutofillService: Bad service name for flags 1048704: com.google.android.as/com.google.android.apps.miphone.aiai.app.AiAiAugmentedAutofillService
05-29 13:41:12.325   685   717 E AuthService: No face sensors.
05-29 13:41:12.418   685   717 E AppOps  : attributionTag UwbCountryCode not declared in manifest of android
05-29 13:41:12.420   685   717 E AppOps  : attributionTag UwbCountryCode not declared in manifest of android
05-29 13:41:12.420   685   717 E AppOps  : attributionTag UwbCountryCode not declared in manifest of android
05-29 13:41:12.485   685   851 E AppOps  : attributionTag UwbCountryCode not declared in manifest of android
05-29 13:41:12.828   685   708 E AppOps  : attributionTag VCN not declared in manifest of android
05-29 13:41:13.614   685   723 E MusicRecognitionManagerPerUserService: Bad service name: com.google.android.googlequicksearchbox/com.google.android.apps.search.soundsearch.service.SoundSearchService
05-29 13:41:13.727   685   851 E AppOps  : attributionTag UwbCountryCode not declared in manifest of android
05-29 13:41:13.859   685   864 E AppOps  : attributionTag VCN not declared in manifest of android
05-29 13:41:13.864   685   723 E WearableSensingManagerPerUserService: Bad service name: com.google.android.glasses.core/com.google.android.projection.core.secure.TrustedAmbientSensingService
05-29 13:41:14.177   685   888 E BackupPasswordManager: Unable to read backup pw version
05-29 13:41:14.177   685   888 E BackupPasswordManager: Unable to read saved backup pw hash
05-29 13:41:14.847   685   864 E AppOps  : attributionTag VCN not declared in manifest of android
05-29 13:41:15.144   685  1703 E TaskPersister: File error accessing recents directory (directory doesn't exist?).
05-29 13:41:16.198   685  1808 E AppOps  : Bad call made by uid 1000. Package "com.google.android.googlequicksearchbox" does not belong to uid 1000.
05-29 13:41:16.380   962  1022 E SingleInstanceRemoteListener: Failed remote call
05-29 13:41:16.380   962  1022 E SingleInstanceRemoteListener: android.os.DeadObjectException
05-29 13:41:16.380   962  1022 E SingleInstanceRemoteListener: 	at android.os.BinderProxy.transactNative(Native Method)
05-29 13:41:16.380   962  1022 E SingleInstanceRemoteListener: 	at android.os.BinderProxy.transact(BinderProxy.java:626)
05-29 13:41:16.380   962  1022 E SingleInstanceRemoteListener: 	at com.android.wm.shell.transition.HomeTransitionObserver$1.insetsChanged(go/retraceme 65a57554a6fcb1f6f35a6d966fdf70d53b6b2a2c3cd29f2446d2cae2b16968c2:41)
05-29 13:41:16.380   962  1022 E SingleInstanceRemoteListener: 	at com.android.wm.shell.common.DisplayInsetsController$OnInsetsChangedListener.insetsChanged(go/retraceme 65a57554a6fcb1f6f35a6d966fdf70d53b6b2a2c3cd29f2446d2cae2b16968c2:0)
05-29 13:41:16.380   962  1022 E SingleInstanceRemoteListener: 	at com.android.wm.shell.common.DisplayInsetsController$PerDisplay$DisplayWindowInsetsControllerImpl$$ExternalSyntheticLambda4.run(go/retraceme 65a57554a6fcb1f6f35a6d966fdf70d53b6b2a2c3cd29f2446d2cae2b16968c2:204)
05-29 13:41:16.380   962  1022 E SingleInstanceRemoteListener: 	at android.os.Handler.handleCallback(Handler.java:1095)
05-29 13:41:16.380   962  1022 E SingleInstanceRemoteListener: 	at android.os.Handler.dispatchMessageImpl(Handler.java:135)
05-29 13:41:16.380   962  1022 E SingleInstanceRemoteListener: 	at android.os.Handler.dispatchMessage(Handler.java:125)
05-29 13:41:16.380   962  1022 E SingleInstanceRemoteListener: 	at android.os.Looper.loopOnce(Looper.java:296)
05-29 13:41:16.380   962  1022 E SingleInstanceRemoteListener: 	at android.os.Looper.loop(Looper.java:397)
05-29 13:41:16.380   962  1022 E SingleInstanceRemoteListener: 	at android.os.HandlerThread.run(HandlerThread.java:139)
05-29 13:41:16.609   685   685 E SystemServiceRegistry: Manager wrapper not available: face
05-29 13:41:18.209  1771  1987 E ActivityThread: Failed to find provider info for androidx.car.app.connection
05-29 13:41:18.591   685   722 E PackageManager: Optimistic bind failed.
05-29 13:41:18.591   685   722 E PackageManager: java.util.concurrent.TimeoutException: [Optimistic Bind] Didn't bind to resolver in time!
05-29 13:41:18.591   685   722 E PackageManager: 	at com.android.server.pm.InstantAppResolverConnection.waitForBindLocked(InstantAppResolverConnection.java:160)
05-29 13:41:18.591   685   722 E PackageManager: 	at com.android.server.pm.InstantAppResolverConnection.bind(InstantAppResolverConnection.java:230)
05-29 13:41:18.591   685   722 E PackageManager: 	at com.android.server.pm.InstantAppResolverConnection.lambda$optimisticBind$0(InstantAppResolverConnection.java:260)
05-29 13:41:18.591   685   722 E PackageManager: 	at com.android.server.pm.InstantAppResolverConnection.$r8$lambda$66W2s2mMKe4pk_xXCScH9RCqav8(InstantAppResolverConnection.java:0)
05-29 13:41:18.591   685   722 E PackageManager: 	at com.android.server.pm.InstantAppResolverConnection$$ExternalSyntheticLambda0.run(R8$$SyntheticClass:0)
05-29 13:41:18.591   685   722 E PackageManager: 	at android.os.Handler.handleCallback(Handler.java:1095)
05-29 13:41:18.591   685   722 E PackageManager: 	at android.os.Handler.dispatchMessageImpl(Handler.java:135)
05-29 13:41:18.591   685   722 E PackageManager: 	at android.os.Handler.dispatchMessage(Handler.java:125)
05-29 13:41:18.591   685   722 E PackageManager: 	at android.os.Looper.loopOnce(Looper.java:296)
05-29 13:41:18.591   685   722 E PackageManager: 	at android.os.Looper.loop(Looper.java:397)
05-29 13:41:18.591   685   722 E PackageManager: 	at android.os.HandlerThread.run(HandlerThread.java:139)
05-29 13:41:19.519   962  1022 E SingleInstanceRemoteListener: Failed remote call on null listener
05-29 13:41:19.675   962  1022 E SingleInstanceRemoteListener: Failed remote call on null listener
05-29 13:41:19.744   962  1022 E SingleInstanceRemoteListener: Failed remote call on null listener
05-29 13:41:19.863   962  1022 E SingleInstanceRemoteListener: Failed remote call on null listener
05-29 13:41:19.866   447   467 E NetlinkEvent: NetlinkEvent::FindParam(): Parameter 'INTERFACE' not found
05-29 13:41:19.866   447   467 E NetlinkEvent: NetlinkEvent::FindParam(): Parameter 'STATE' not found
05-29 13:41:19.866   447   467 E NetlinkEvent: NetlinkEvent::FindParam(): Parameter 'TIME_NS' not found
05-29 13:41:19.866   447   467 E NetlinkEvent: NetlinkEvent::FindParam(): Parameter 'UID' not found
05-29 13:41:19.968   962  1022 E SingleInstanceRemoteListener: Failed remote call on null listener
05-29 13:41:20.351   962  1022 E SingleInstanceRemoteListener: Failed remote call on null listener
05-29 13:41:20.368   685   864 E AppOps  : attributionTag VCN not declared in manifest of android
05-29 13:41:20.383   962  1022 E SingleInstanceRemoteListener: Failed remote call on null listener
05-29 13:41:20.655   685   768 E AppOps  : attributionTag VCN not declared in manifest of android
05-29 13:41:20.794  1597  1597 E SmartspaceService: Failed to link to death: android.os.DeadObjectException
05-29 13:41:20.905   685   889 E AppWidgetServiceImpl: Widget host dead: HostId{user:0, app:10192, hostId:1025, pkg:com.google.android.apps.nexuslauncher}
05-29 13:41:20.905   685   889 E AppWidgetServiceImpl: android.os.DeadObjectException
05-29 13:41:20.905   685   889 E AppWidgetServiceImpl: 	at android.os.BinderProxy.transactNative(Native Method)
05-29 13:41:20.905   685   889 E AppWidgetServiceImpl: 	at android.os.BinderProxy.transact(BinderProxy.java:626)
05-29 13:41:20.905   685   889 E AppWidgetServiceImpl: 	at com.android.internal.appwidget.IAppWidgetHost$Stub$Proxy.providerChanged(IAppWidgetHost.java:219)
05-29 13:41:20.905   685   889 E AppWidgetServiceImpl: 	at com.android.server.appwidget.AppWidgetServiceImpl.handleNotifyProviderChanged(AppWidgetServiceImpl.java:3343)
05-29 13:41:20.905   685   889 E AppWidgetServiceImpl: 	at com.android.server.appwidget.AppWidgetServiceImpl.-$$Nest$mhandleNotifyProviderChanged(AppWidgetServiceImpl.java:0)
05-29 13:41:20.905   685   889 E AppWidgetServiceImpl: 	at com.android.server.appwidget.AppWidgetServiceImpl$CallbackHandler.handleMessage(AppWidgetServiceImpl.java:5918)
05-29 13:41:20.905   685   889 E AppWidgetServiceImpl: 	at android.os.Handler.dispatchMessageImpl(Handler.java:142)
05-29 13:41:20.905   685   889 E AppWidgetServiceImpl: 	at android.os.Handler.dispatchMessage(Handler.java:125)
05-29 13:41:20.905   685   889 E AppWidgetServiceImpl: 	at android.os.Looper.loopOnce(Looper.java:296)
05-29 13:41:20.905   685   889 E AppWidgetServiceImpl: 	at android.os.Looper.loop(Looper.java:397)
05-29 13:41:20.905   685   889 E AppWidgetServiceImpl: 	at android.os.HandlerThread.run(HandlerThread.java:139)
05-29 13:41:20.905   685   889 E AppWidgetServiceImpl: 	at com.android.server.ServiceThread.run(ServiceThread.java:46)
05-29 13:41:20.905   685   889 E AppWidgetServiceImpl: Widget host dead: HostId{user:0, app:10192, hostId:1025, pkg:com.google.android.apps.nexuslauncher}
05-29 13:41:20.905   685   889 E AppWidgetServiceImpl: android.os.DeadObjectException
05-29 13:41:20.905   685   889 E AppWidgetServiceImpl: 	at android.os.BinderProxy.transactNative(Native Method)
05-29 13:41:20.905   685   889 E AppWidgetServiceImpl: 	at android.os.BinderProxy.transact(BinderProxy.java:626)
05-29 13:41:20.905   685   889 E AppWidgetServiceImpl: 	at com.android.internal.appwidget.IAppWidgetHost$Stub$Proxy.updateAppWidget(IAppWidgetHost.java:206)
05-29 13:41:20.905   685   889 E AppWidgetServiceImpl: 	at com.android.server.appwidget.AppWidgetServiceImpl.handleNotifyUpdateAppWidget(AppWidgetServiceImpl.java:3304)
05-29 13:41:20.905   685   889 E AppWidgetServiceImpl: 	at com.android.server.appwidget.AppWidgetServiceImpl.-$$Nest$mhandleNotifyUpdateAppWidget(AppWidgetServiceImpl.java:0)
05-29 13:41:20.905   685   889 E AppWidgetServiceImpl: 	at com.android.server.appwidget.AppWidgetServiceImpl$CallbackHandler.handleMessage(AppWidgetServiceImpl.java:5906)
05-29 13:41:20.905   685   889 E AppWidgetServiceImpl: 	at android.os.Handler.dispatchMessageImpl(Handler.java:142)
05-29 13:41:20.905   685   889 E AppWidgetServiceImpl: 	at android.os.Handler.dispatchMessage(Handler.java:125)
05-29 13:41:20.905   685   889 E AppWidgetServiceImpl: 	at android.os.Looper.loopOnce(Looper.java:296)
05-29 13:41:20.905   685   889 E AppWidgetServiceImpl: 	at android.os.Looper.loop(Looper.java:397)
05-29 13:41:20.905   685   889 E AppWidgetServiceImpl: 	at android.os.HandlerThread.run(HandlerThread.java:139)
05-29 13:41:20.905   685   889 E AppWidgetServiceImpl: 	at com.android.server.ServiceThread.run(ServiceThread.java:46)
05-29 13:41:20.905   685   889 E AppWidgetServiceImpl: Widget host dead: HostId{user:0, app:10192, hostId:1025, pkg:com.google.android.apps.nexuslauncher}
05-29 13:41:20.905   685   889 E AppWidgetServiceImpl: android.os.DeadObjectException
05-29 13:41:20.905   685   889 E AppWidgetServiceImpl: 	at android.os.BinderProxy.transactNative(Native Method)
05-29 13:41:20.905   685   889 E AppWidgetServiceImpl: 	at android.os.BinderProxy.transact(BinderProxy.java:626)
05-29 13:41:20.905   685   889 E AppWidgetServiceImpl: 	at com.android.internal.appwidget.IAppWidgetHost$Stub$Proxy.providersChanged(IAppWidgetHost.java:230)
05-29 13:41:20.905   685   889 E AppWidgetServiceImpl: 	at com.android.server.appwidget.AppWidgetServiceImpl.handleNotifyProvidersChanged(AppWidgetServiceImpl.java:3435)
05-29 13:41:20.905   685   889 E AppWidgetServiceImpl: 	at com.android.server.appwidget.AppWidgetServiceImpl.-$$Nest$mhandleNotifyProvidersChanged(AppWidgetServiceImpl.java:0)
05-29 13:41:20.905   685   889 E AppWidgetServiceImpl: 	at com.android.server.appwidget.AppWidgetServiceImpl$CallbackHandler.handleMessage(AppWidgetServiceImpl.java:5937)
05-29 13:41:20.905   685   889 E AppWidgetServiceImpl: 	at android.os.Handler.dispatchMessageImpl(Handler.java:142)
05-29 13:41:20.905   685   889 E AppWidgetServiceImpl: 	at android.os.Handler.dispatchMessage(Handler.java:125)
05-29 13:41:20.905   685   889 E AppWidgetServiceImpl: 	at android.os.Looper.loopOnce(Looper.java:296)
05-29 13:41:20.905   685   889 E AppWidgetServiceImpl: 	at android.os.Looper.loop(Looper.java:397)
05-29 13:41:20.905   685   889 E AppWidgetServiceImpl: 	at android.os.HandlerThread.run(HandlerThread.java:139)
05-29 13:41:20.905   685   889 E AppWidgetServiceImpl: 	at com.android.server.ServiceThread.run(ServiceThread.java:46)
05-29 13:41:20.906   685   889 E AppWidgetServiceImpl: Widget host dead: HostId{user:0, app:10192, hostId:1024, pkg:com.google.android.apps.nexuslauncher}
05-29 13:41:20.906   685   889 E AppWidgetServiceImpl: android.os.DeadObjectException
05-29 13:41:20.906   685   889 E AppWidgetServiceImpl: 	at android.os.BinderProxy.transactNative(Native Method)
05-29 13:41:20.906   685   889 E AppWidgetServiceImpl: 	at android.os.BinderProxy.transact(BinderProxy.java:626)
05-29 13:41:20.906   685   889 E AppWidgetServiceImpl: 	at com.android.internal.appwidget.IAppWidgetHost$Stub$Proxy.providersChanged(IAppWidgetHost.java:230)
05-29 13:41:20.906   685   889 E AppWidgetServiceImpl: 	at com.android.server.appwidget.AppWidgetServiceImpl.handleNotifyProvidersChanged(AppWidgetServiceImpl.java:3435)
05-29 13:41:20.906   685   889 E AppWidgetServiceImpl: 	at com.android.server.appwidget.AppWidgetServiceImpl.-$$Nest$mhandleNotifyProvidersChanged(AppWidgetServiceImpl.java:0)
05-29 13:41:20.906   685   889 E AppWidgetServiceImpl: 	at com.android.server.appwidget.AppWidgetServiceImpl$CallbackHandler.handleMessage(AppWidgetServiceImpl.java:5937)
05-29 13:41:20.906   685   889 E AppWidgetServiceImpl: 	at android.os.Handler.dispatchMessageImpl(Handler.java:142)
05-29 13:41:20.906   685   889 E AppWidgetServiceImpl: 	at android.os.Handler.dispatchMessage(Handler.java:125)
05-29 13:41:20.906   685   889 E AppWidgetServiceImpl: 	at android.os.Looper.loopOnce(Looper.java:296)
05-29 13:41:20.906   685   889 E AppWidgetServiceImpl: 	at android.os.Looper.loop(Looper.java:397)
05-29 13:41:20.906   685   889 E AppWidgetServiceImpl: 	at android.os.HandlerThread.run(HandlerThread.java:139)
05-29 13:41:20.906   685   889 E AppWidgetServiceImpl: 	at com.android.server.ServiceThread.run(ServiceThread.java:46)
05-29 13:41:20.907   685   889 E AppWidgetServiceImpl: Widget host dead: HostId{user:0, app:10192, hostId:1025, pkg:com.google.android.apps.nexuslauncher}
05-29 13:41:20.907   685   889 E AppWidgetServiceImpl: android.os.DeadObjectException
05-29 13:41:20.907   685   889 E AppWidgetServiceImpl: 	at android.os.BinderProxy.transactNative(Native Method)
05-29 13:41:20.907   685   889 E AppWidgetServiceImpl: 	at android.os.BinderProxy.transact(BinderProxy.java:626)
05-29 13:41:20.907   685   889 E AppWidgetServiceImpl: 	at com.android.internal.appwidget.IAppWidgetHost$Stub$Proxy.providerChanged(IAppWidgetHost.java:219)
05-29 13:41:20.907   685   889 E AppWidgetServiceImpl: 	at com.android.server.appwidget.AppWidgetServiceImpl.handleNotifyProviderChanged(AppWidgetServiceImpl.java:3343)
05-29 13:41:20.907   685   889 E AppWidgetServiceImpl: 	at com.android.server.appwidget.AppWidgetServiceImpl.-$$Nest$mhandleNotifyProviderChanged(AppWidgetServiceImpl.java:0)
05-29 13:41:20.907   685   889 E AppWidgetServiceImpl: 	at com.android.server.appwidget.AppWidgetServiceImpl$CallbackHandler.handleMessage(AppWidgetServiceImpl.java:5918)
05-29 13:41:20.907   685   889 E AppWidgetServiceImpl: 	at android.os.Handler.dispatchMessageImpl(Handler.java:142)
05-29 13:41:20.907   685   889 E AppWidgetServiceImpl: 	at android.os.Handler.dispatchMessage(Handler.java:125)
05-29 13:41:20.907   685   889 E AppWidgetServiceImpl: 	at android.os.Looper.loopOnce(Looper.java:296)
05-29 13:41:20.907   685   889 E AppWidgetServiceImpl: 	at android.os.Looper.loop(Looper.java:397)
05-29 13:41:20.907   685   889 E AppWidgetServiceImpl: 	at android.os.HandlerThread.run(HandlerThread.java:139)
05-29 13:41:20.907   685   889 E AppWidgetServiceImpl: 	at com.android.server.ServiceThread.run(ServiceThread.java:46)
05-29 13:41:20.907   685   889 E AppWidgetServiceImpl: Widget host dead: HostId{user:0, app:10192, hostId:1025, pkg:com.google.android.apps.nexuslauncher}
05-29 13:41:20.907   685   889 E AppWidgetServiceImpl: android.os.DeadObjectException
05-29 13:41:20.907   685   889 E AppWidgetServiceImpl: 	at android.os.BinderProxy.transactNative(Native Method)
05-29 13:41:20.907   685   889 E AppWidgetServiceImpl: 	at android.os.BinderProxy.transact(BinderProxy.java:626)
05-29 13:41:20.907   685   889 E AppWidgetServiceImpl: 	at com.android.internal.appwidget.IAppWidgetHost$Stub$Proxy.updateAppWidget(IAppWidgetHost.java:206)
05-29 13:41:20.907   685   889 E AppWidgetServiceImpl: 	at com.android.server.appwidget.AppWidgetServiceImpl.handleNotifyUpdateAppWidget(AppWidgetServiceImpl.java:3304)
05-29 13:41:20.907   685   889 E AppWidgetServiceImpl: 	at com.android.server.appwidget.AppWidgetServiceImpl.-$$Nest$mhandleNotifyUpdateAppWidget(AppWidgetServiceImpl.java:0)
05-29 13:41:20.907   685   889 E AppWidgetServiceImpl: 	at com.android.server.appwidget.AppWidgetServiceImpl$CallbackHandler.handleMessage(AppWidgetServiceImpl.java:5906)
05-29 13:41:20.907   685   889 E AppWidgetServiceImpl: 	at android.os.Handler.dispatchMessageImpl(Handler.java:142)
05-29 13:41:20.907   685   889 E AppWidgetServiceImpl: 	at android.os.Handler.dispatchMessage(Handler.java:125)
05-29 13:41:20.907   685   889 E AppWidgetServiceImpl: 	at android.os.Looper.loopOnce(Looper.java:296)
05-29 13:41:20.907   685   889 E AppWidgetServiceImpl: 	at android.os.Looper.loop(Looper.java:397)
05-29 13:41:20.907   685   889 E AppWidgetServiceImpl: 	at android.os.HandlerThread.run(HandlerThread.java:139)
05-29 13:41:20.907   685   889 E AppWidgetServiceImpl: 	at com.android.server.ServiceThread.run(ServiceThread.java:46)
05-29 13:41:20.917   685   889 E AppWidgetServiceImpl: Widget host dead: HostId{user:0, app:10192, hostId:1025, pkg:com.google.android.apps.nexuslauncher}
05-29 13:41:20.917   685   889 E AppWidgetServiceImpl: android.os.DeadObjectException
05-29 13:41:20.917   685   889 E AppWidgetServiceImpl: 	at android.os.BinderProxy.transactNative(Native Method)
05-29 13:41:20.917   685   889 E AppWidgetServiceImpl: 	at android.os.BinderProxy.transact(BinderProxy.java:626)
05-29 13:41:20.917   685   889 E AppWidgetServiceImpl: 	at com.android.internal.appwidget.IAppWidgetHost$Stub$Proxy.providersChanged(IAppWidgetHost.java:230)
05-29 13:41:20.917   685   889 E AppWidgetServiceImpl: 	at com.android.server.appwidget.AppWidgetServiceImpl.handleNotifyProvidersChanged(AppWidgetServiceImpl.java:3435)
05-29 13:41:20.917   685   889 E AppWidgetServiceImpl: 	at com.android.server.appwidget.AppWidgetServiceImpl.-$$Nest$mhandleNotifyProvidersChanged(AppWidgetServiceImpl.java:0)
05-29 13:41:20.917   685   889 E AppWidgetServiceImpl: 	at com.android.server.appwidget.AppWidgetServiceImpl$CallbackHandler.handleMessage(AppWidgetServiceImpl.java:5937)
05-29 13:41:20.917   685   889 E AppWidgetServiceImpl: 	at android.os.Handler.dispatchMessageImpl(Handler.java:142)
05-29 13:41:20.917   685   889 E AppWidgetServiceImpl: 	at android.os.Handler.dispatchMessage(Handler.java:125)
05-29 13:41:20.917   685   889 E AppWidgetServiceImpl: 	at android.os.Looper.loopOnce(Looper.java:296)
05-29 13:41:20.917   685   889 E AppWidgetServiceImpl: 	at android.os.Looper.loop(Looper.java:397)
05-29 13:41:20.917   685   889 E AppWidgetServiceImpl: 	at android.os.HandlerThread.run(HandlerThread.java:139)
05-29 13:41:20.917   685   889 E AppWidgetServiceImpl: 	at com.android.server.ServiceThread.run(ServiceThread.java:46)
05-29 13:41:20.922   685   889 E AppWidgetServiceImpl: Widget host dead: HostId{user:0, app:10192, hostId:1024, pkg:com.google.android.apps.nexuslauncher}
05-29 13:41:20.922   685   889 E AppWidgetServiceImpl: android.os.DeadObjectException
05-29 13:41:20.922   685   889 E AppWidgetServiceImpl: 	at android.os.BinderProxy.transactNative(Native Method)
05-29 13:41:20.922   685   889 E AppWidgetServiceImpl: 	at android.os.BinderProxy.transact(BinderProxy.java:626)
05-29 13:41:20.922   685   889 E AppWidgetServiceImpl: 	at com.android.internal.appwidget.IAppWidgetHost$Stub$Proxy.providersChanged(IAppWidgetHost.java:230)
05-29 13:41:20.922   685   889 E AppWidgetServiceImpl: 	at com.android.server.appwidget.AppWidgetServiceImpl.handleNotifyProvidersChanged(AppWidgetServiceImpl.java:3435)
05-29 13:41:20.922   685   889 E AppWidgetServiceImpl: 	at com.android.server.appwidget.AppWidgetServiceImpl.-$$Nest$mhandleNotifyProvidersChanged(AppWidgetServiceImpl.java:0)
05-29 13:41:20.922   685   889 E AppWidgetServiceImpl: 	at com.android.server.appwidget.AppWidgetServiceImpl$CallbackHandler.handleMessage(AppWidgetServiceImpl.java:5937)
05-29 13:41:20.922   685   889 E AppWidgetServiceImpl: 	at android.os.Handler.dispatchMessageImpl(Handler.java:142)
05-29 13:41:20.922   685   889 E AppWidgetServiceImpl: 	at android.os.Handler.dispatchMessage(Handler.java:125)
05-29 13:41:20.922   685   889 E AppWidgetServiceImpl: 	at android.os.Looper.loopOnce(Looper.java:296)
05-29 13:41:20.922   685   889 E AppWidgetServiceImpl: 	at android.os.Looper.loop(Looper.java:397)
05-29 13:41:20.922   685   889 E AppWidgetServiceImpl: 	at android.os.HandlerThread.run(HandlerThread.java:139)
05-29 13:41:20.922   685   889 E AppWidgetServiceImpl: 	at com.android.server.ServiceThread.run(ServiceThread.java:46)
05-29 13:41:20.951  1597  1759 E SmartspaceService: Error sending result:android.os.DeadObjectException
05-29 13:41:20.952  1597  1759 E SmartspaceService: Error sending result:android.os.DeadObjectException
05-29 13:41:20.953  1597  1759 E SmartspaceService: Error sending result:android.os.DeadObjectException
05-29 13:41:20.953  1597  1759 E SmartspaceService: Error sending result:android.os.DeadObjectException
05-29 13:41:20.957  1597  1759 E SmartspaceService: Error sending result:android.os.DeadObjectException
05-29 13:41:20.964  1597  1597 E SmartspaceService: Error trying to unlink to death:java.util.NoSuchElementException: Death link does not exist (NAME_NOT_FOUND)
05-29 13:41:22.034   685   717 E TaskFragmentOrganizerController: Caller organizer=android.window.ITaskFragmentOrganizer$Stub$Proxy@436b72d is no longer registered
05-29 13:41:22.457   685  1062 E AppOps  : Bad call made by uid 1000. Package "com.google.android.googlequicksearchbox" does not belong to uid 1000.
05-29 13:41:23.109   962  1022 E SingleInstanceRemoteListener: Failed remote call on null listener
05-29 13:41:23.404  2328  2618 E ActivityThread: Failed to find provider info for androidx.car.app.connection
05-29 13:41:23.699   962  1022 E SingleInstanceRemoteListener: Failed remote call on null listener
05-29 13:41:29.915   685   708 E AppOps  : Bad call made by uid 1000. Package "com.google.android.googlequicksearchbox" does not belong to uid 1000.
05-29 13:41:32.015   685  1828 E AppOps  : Bad call made by uid 1000. Package "com.google.android.googlequicksearchbox" does not belong to uid 1000.
05-29 13:41:32.202   447   467 E NetlinkEvent: NetlinkEvent::FindParam(): Parameter 'INTERFACE' not found
05-29 13:41:32.202   447   467 E NetlinkEvent: NetlinkEvent::FindParam(): Parameter 'STATE' not found
05-29 13:41:32.202   447   467 E NetlinkEvent: NetlinkEvent::FindParam(): Parameter 'TIME_NS' not found
05-29 13:41:32.202   447   467 E NetlinkEvent: NetlinkEvent::FindParam(): Parameter 'UID' not found
05-29 13:41:32.256  3030  3139 E ActivityThread: Failed to find provider info for androidx.car.app.connection
05-29 13:41:32.883   685  1796 E AppOps  : Bad call made by uid 1000. Package "com.google.android.googlequicksearchbox" does not belong to uid 1000.
05-29 13:41:32.964   962  1022 E SingleInstanceRemoteListener: Failed remote call
05-29 13:41:32.964   962  1022 E SingleInstanceRemoteListener: android.os.DeadObjectException
05-29 13:41:32.964   962  1022 E SingleInstanceRemoteListener: 	at android.os.BinderProxy.transactNative(Native Method)
05-29 13:41:32.964   962  1022 E SingleInstanceRemoteListener: 	at android.os.BinderProxy.transact(BinderProxy.java:626)
05-29 13:41:32.964   962  1022 E SingleInstanceRemoteListener: 	at com.android.wm.shell.transition.HomeTransitionObserver$1.insetsChanged(go/retraceme 65a57554a6fcb1f6f35a6d966fdf70d53b6b2a2c3cd29f2446d2cae2b16968c2:41)
05-29 13:41:32.964   962  1022 E SingleInstanceRemoteListener: 	at com.android.wm.shell.common.DisplayInsetsController$OnInsetsChangedListener.insetsChanged(go/retraceme 65a57554a6fcb1f6f35a6d966fdf70d53b6b2a2c3cd29f2446d2cae2b16968c2:0)
05-29 13:41:32.964   962  1022 E SingleInstanceRemoteListener: 	at com.android.wm.shell.common.DisplayInsetsController$PerDisplay$DisplayWindowInsetsControllerImpl$$ExternalSyntheticLambda4.run(go/retraceme 65a57554a6fcb1f6f35a6d966fdf70d53b6b2a2c3cd29f2446d2cae2b16968c2:204)
05-29 13:41:32.964   962  1022 E SingleInstanceRemoteListener: 	at android.os.Handler.handleCallback(Handler.java:1095)
05-29 13:41:32.964   962  1022 E SingleInstanceRemoteListener: 	at android.os.Handler.dispatchMessageImpl(Handler.java:135)
05-29 13:41:32.964   962  1022 E SingleInstanceRemoteListener: 	at android.os.Handler.dispatchMessage(Handler.java:125)
05-29 13:41:32.964   962  1022 E SingleInstanceRemoteListener: 	at android.os.Looper.loopOnce(Looper.java:296)
05-29 13:41:32.964   962  1022 E SingleInstanceRemoteListener: 	at android.os.Looper.loop(Looper.java:397)
05-29 13:41:32.964   962  1022 E SingleInstanceRemoteListener: 	at android.os.HandlerThread.run(HandlerThread.java:139)
05-29 13:41:33.813   685   722 E PackageManager: Optimistic bind failed.
05-29 13:41:33.813   685   722 E PackageManager: java.util.concurrent.TimeoutException: [Optimistic Bind] Didn't bind to resolver in time!
05-29 13:41:33.813   685   722 E PackageManager: 	at com.android.server.pm.InstantAppResolverConnection.waitForBindLocked(InstantAppResolverConnection.java:160)
05-29 13:41:33.813   685   722 E PackageManager: 	at com.android.server.pm.InstantAppResolverConnection.bind(InstantAppResolverConnection.java:230)
05-29 13:41:33.813   685   722 E PackageManager: 	at com.android.server.pm.InstantAppResolverConnection.lambda$optimisticBind$0(InstantAppResolverConnection.java:260)
05-29 13:41:33.813   685   722 E PackageManager: 	at com.android.server.pm.InstantAppResolverConnection.$r8$lambda$66W2s2mMKe4pk_xXCScH9RCqav8(InstantAppResolverConnection.java:0)
05-29 13:41:33.813   685   722 E PackageManager: 	at com.android.server.pm.InstantAppResolverConnection$$ExternalSyntheticLambda0.run(R8$$SyntheticClass:0)
05-29 13:41:33.813   685   722 E PackageManager: 	at android.os.Handler.handleCallback(Handler.java:1095)
05-29 13:41:33.813   685   722 E PackageManager: 	at android.os.Handler.dispatchMessageImpl(Handler.java:135)
05-29 13:41:33.813   685   722 E PackageManager: 	at android.os.Handler.dispatchMessage(Handler.java:125)
05-29 13:41:33.813   685   722 E PackageManager: 	at android.os.Looper.loopOnce(Looper.java:296)
05-29 13:41:33.813   685   722 E PackageManager: 	at android.os.Looper.loop(Looper.java:397)
05-29 13:41:33.813   685   722 E PackageManager: 	at android.os.HandlerThread.run(HandlerThread.java:139)
05-29 13:41:34.623   962  1022 E SingleInstanceRemoteListener: Failed remote call on null listener
05-29 13:41:34.721   962  1022 E SingleInstanceRemoteListener: Failed remote call on null listener
05-29 13:41:35.342   685  1056 E AppOps  : Bad call made by uid 1000. Package "com.google.android.googlequicksearchbox" does not belong to uid 1000.
05-29 13:41:35.700   685  1045 E ActivityManager: Attempting to schedule restart of ServiceRecord{d6ceed7 u0 com.google.android.gms/com.google.android.location.reporting.service.ReportingAndroidService c:com.google.android.gms} when found in map: null
05-29 13:41:36.179  3688  3893 E ActivityThread: Failed to find provider info for androidx.car.app.connection
05-29 13:41:36.240   685   722 E PackageManager: Optimistic bind failed.
05-29 13:41:36.240   685   722 E PackageManager: java.util.concurrent.TimeoutException: [Optimistic Bind] Didn't bind to resolver in time!
05-29 13:41:36.240   685   722 E PackageManager: 	at com.android.server.pm.InstantAppResolverConnection.waitForBindLocked(InstantAppResolverConnection.java:160)
05-29 13:41:36.240   685   722 E PackageManager: 	at com.android.server.pm.InstantAppResolverConnection.bind(InstantAppResolverConnection.java:230)
05-29 13:41:36.240   685   722 E PackageManager: 	at com.android.server.pm.InstantAppResolverConnection.lambda$optimisticBind$0(InstantAppResolverConnection.java:260)
05-29 13:41:36.240   685   722 E PackageManager: 	at com.android.server.pm.InstantAppResolverConnection.$r8$lambda$66W2s2mMKe4pk_xXCScH9RCqav8(InstantAppResolverConnection.java:0)
05-29 13:41:36.240   685   722 E PackageManager: 	at com.android.server.pm.InstantAppResolverConnection$$ExternalSyntheticLambda0.run(R8$$SyntheticClass:0)
05-29 13:41:36.240   685   722 E PackageManager: 	at android.os.Handler.handleCallback(Handler.java:1095)
05-29 13:41:36.240   685   722 E PackageManager: 	at android.os.Handler.dispatchMessageImpl(Handler.java:135)
05-29 13:41:36.240   685   722 E PackageManager: 	at android.os.Handler.dispatchMessage(Handler.java:125)
05-29 13:41:36.240   685   722 E PackageManager: 	at android.os.Looper.loopOnce(Looper.java:296)
05-29 13:41:36.240   685   722 E PackageManager: 	at android.os.Looper.loop(Looper.java:397)
05-29 13:41:36.240   685   722 E PackageManager: 	at android.os.HandlerThread.run(HandlerThread.java:139)
05-29 13:41:36.500   685  1808 E AppOps  : Bad call made by uid 1000. Package "com.google.android.googlequicksearchbox" does not belong to uid 1000.
05-29 13:41:36.957   685   931 E AppOps  : Bad call made by uid 1000. Package "com.google.android.googlequicksearchbox" does not belong to uid 1000.
05-29 13:41:38.063   685   717 E TaskFragmentOrganizerController: Caller organizer=android.window.ITaskFragmentOrganizer$Stub$Proxy@c2138c9 is no longer registered
05-29 13:41:38.063   685   717 E TaskFragmentOrganizerController: Caller organizer=android.window.ITaskFragmentOrganizer$Stub$Proxy@de89bce is no longer registered
05-29 13:41:38.890  4556  4668 E ActivityThread: Failed to find provider info for androidx.car.app.connection
05-29 13:41:38.892   685   708 E AppOps  : Bad call made by uid 1000. Package "com.google.android.googlequicksearchbox" does not belong to uid 1000.
05-29 13:41:39.029   685   722 E PackageManager: Optimistic bind failed.
05-29 13:41:39.029   685   722 E PackageManager: java.util.concurrent.TimeoutException: [Optimistic Bind] Didn't bind to resolver in time!
05-29 13:41:39.029   685   722 E PackageManager: 	at com.android.server.pm.InstantAppResolverConnection.waitForBindLocked(InstantAppResolverConnection.java:160)
05-29 13:41:39.029   685   722 E PackageManager: 	at com.android.server.pm.InstantAppResolverConnection.bind(InstantAppResolverConnection.java:230)
05-29 13:41:39.029   685   722 E PackageManager: 	at com.android.server.pm.InstantAppResolverConnection.lambda$optimisticBind$0(InstantAppResolverConnection.java:260)
05-29 13:41:39.029   685   722 E PackageManager: 	at com.android.server.pm.InstantAppResolverConnection.$r8$lambda$66W2s2mMKe4pk_xXCScH9RCqav8(InstantAppResolverConnection.java:0)
05-29 13:41:39.029   685   722 E PackageManager: 	at com.android.server.pm.InstantAppResolverConnection$$ExternalSyntheticLambda0.run(R8$$SyntheticClass:0)
05-29 13:41:39.029   685   722 E PackageManager: 	at android.os.Handler.handleCallback(Handler.java:1095)
05-29 13:41:39.029   685   722 E PackageManager: 	at android.os.Handler.dispatchMessageImpl(Handler.java:135)
05-29 13:41:39.029   685   722 E PackageManager: 	at android.os.Handler.dispatchMessage(Handler.java:125)
05-29 13:41:39.029   685   722 E PackageManager: 	at android.os.Looper.loopOnce(Looper.java:296)
05-29 13:41:39.029   685   722 E PackageManager: 	at android.os.Looper.loop(Looper.java:397)
05-29 13:41:39.029   685   722 E PackageManager: 	at android.os.HandlerThread.run(HandlerThread.java:139)
05-29 13:41:39.191   685  1061 E AppOps  : Bad call made by uid 1000. Package "com.google.android.googlequicksearchbox" does not belong to uid 1000.
05-29 13:41:39.378   326   326 E keystore2: system/security/keystore2/src/remote_provisioning.rs:114 - Failed to get rkpd key: system/security/keystore2/rkpd_client/src/lib.rs:227: Waiting for RKPD key timed out: Elapsed(())
05-29 13:41:39.378   326   326 E keystore2: 
05-29 13:41:39.378   326   326 E keystore2: Caused by:
05-29 13:41:39.378   326   326 E keystore2:     Retryable timeout when waiting for a callback
05-29 13:41:39.381   326   326 E keystore2: system/security/keystore2/src/error.rs:69 - system/security/keystore2/src/security_level.rs:726: Trying to get an attestation key
05-29 13:41:39.381   326   326 E keystore2: 
05-29 13:41:39.381   326   326 E keystore2: Caused by:
05-29 13:41:39.381   326   326 E keystore2:     0: system/security/keystore2/src/attestation_key_utils.rs:69: Trying to get attestation key from RKPD.
05-29 13:41:39.381   326   326 E keystore2:     1: system/security/keystore2/rkpd_client/src/lib.rs:227: Waiting for RKPD key timed out: Elapsed(())
05-29 13:41:39.381   326   326 E keystore2:        
05-29 13:41:39.381   326   326 E keystore2:        Caused by:
05-29 13:41:39.381   326   326 E keystore2:            Retryable timeout when waiting for a callback
05-29 13:41:39.381   326   326 E keystore2:     2: Error::Rc(r#OUT_OF_KEYS_TRANSIENT_ERROR) for AppUid(10145)
05-29 13:41:39.692   962  1022 E SingleInstanceRemoteListener: Failed remote call on null listener
05-29 13:41:39.777   962  1022 E SingleInstanceRemoteListener: Failed remote call on null listener
05-29 13:41:39.885   962  1022 E SingleInstanceRemoteListener: Failed remote call on null listener
05-29 13:41:40.160   962  1022 E SingleInstanceRemoteListener: Failed remote call on null listener
05-29 13:41:40.223   962  1022 E SingleInstanceRemoteListener: Failed remote call on null listener
05-29 13:41:40.619   685  1063 E AppOps  : Bad call made by uid 1000. Package "com.google.android.googlequicksearchbox" does not belong to uid 1000.
05-29 13:41:42.651   962  1022 E SingleInstanceRemoteListener: Failed remote call on null listener
05-29 13:41:43.061  5191  5382 E ActivityThread: Failed to find provider info for androidx.car.app.connection
05-29 13:41:43.537   962  1022 E SingleInstanceRemoteListener: Failed remote call on null listener
05-29 13:41:50.654   685   883 E JobServiceContext: Error sending onNetworkChanged to client.
05-29 13:41:50.654   685   883 E JobServiceContext: android.os.DeadObjectException
05-29 13:41:50.654   685   883 E JobServiceContext: 	at android.os.BinderProxy.transactNative(Native Method)
05-29 13:41:50.654   685   883 E JobServiceContext: 	at android.os.BinderProxy.transact(BinderProxy.java:626)
05-29 13:41:50.654   685   883 E JobServiceContext: 	at android.app.job.IJobService$Stub$Proxy.onNetworkChanged(IJobService.java:216)
05-29 13:41:50.654   685   883 E JobServiceContext: 	at com.android.server.job.JobServiceContext.informOfNetworkChangeLocked(JobServiceContext.java:806)
05-29 13:41:50.654   685   883 E JobServiceContext: 	at com.android.server.job.JobSchedulerService.onNetworkChanged(JobSchedulerService.java:2763)
05-29 13:41:50.654   685   883 E JobServiceContext: 	at com.android.server.job.controllers.ConnectivityController.updateConstraintsSatisfied(ConnectivityController.java:1447)
05-29 13:41:50.654   685   883 E JobServiceContext: 	at com.android.server.job.controllers.ConnectivityController.updateTrackedJobsLocked(ConnectivityController.java:1541)
05-29 13:41:50.654   685   883 E JobServiceContext: 	at com.android.server.job.controllers.ConnectivityController.updateTrackedJobsLocked(ConnectivityController.java:1495)
05-29 13:41:50.654   685   883 E JobServiceContext: 	at com.android.server.job.controllers.ConnectivityController.-$$Nest$mupdateTrackedJobsLocked(ConnectivityController.java:0)
05-29 13:41:50.654   685   883 E JobServiceContext: 	at com.android.server.job.controllers.ConnectivityController$2.onCapabilitiesChanged(ConnectivityController.java:1711)
05-29 13:41:50.654   685   883 E JobServiceContext: 	at android.net.ConnectivityManager$CallbackHandler.handleMessage(ConnectivityManager.java:4697)
05-29 13:41:50.654   685   883 E JobServiceContext: 	at android.os.Handler.dispatchMessageImpl(Handler.java:142)
05-29 13:41:50.654   685   883 E JobServiceContext: 	at android.os.Handler.dispatchMessage(Handler.java:125)
05-29 13:41:50.654   685   883 E JobServiceContext: 	at android.os.Looper.loopOnce(Looper.java:296)
05-29 13:41:50.654   685   883 E JobServiceContext: 	at android.os.Looper.loop(Looper.java:397)
05-29 13:41:50.654   685   883 E JobServiceContext: 	at android.os.HandlerThread.run(HandlerThread.java:139)
05-29 13:41:52.922   685  1058 E AppOps  : Bad call made by uid 1000. Package "com.google.android.googlequicksearchbox" does not belong to uid 1000.
