06-22 23:28:08.059 31239 31239 F DEBUG   :       #38 pc 0000000000209824  /apex/com.android.art/lib64/libart.so (nterp_helper+3736) (BuildId: 6f501445ab44be8f30fb680128550143)
06-22 23:28:08.059 31239 31239 F DEBUG   :       #39 pc 0000000000464378  /system/framework/framework.jar (offset 0x1274000) (android.speech.tts.TextToSpeechService.onCreate+140)
06-22 23:28:08.059 31239 31239 F DEBUG   :       #40 pc 0000000000209824  /apex/com.android.art/lib64/libart.so (nterp_helper+3736) (BuildId: 6f501445ab44be8f30fb680128550143)
06-22 23:28:08.059 31239 31239 F DEBUG   :       #41 pc 0000000000393122  /product/app/GoogleTTS/GoogleTTS.apk (offset 0xdf8000) (czh.onCreate+38)
06-22 23:28:08.059 31239 31239 F DEBUG   :       #42 pc 0000000000209824  /apex/com.android.art/lib64/libart.so (nterp_helper+3736) (BuildId: 6f501445ab44be8f30fb680128550143)
06-22 23:28:08.059 31239 31239 F DEBUG   :       #43 pc 0000000000391e76  /product/app/GoogleTTS/GoogleTTS.apk (offset 0xdf8000) (com.google.android.apps.speech.tts.googletts.service.GoogleTtsService.onCreate+738)
06-22 23:28:08.059 31239 31239 F DEBUG   :       #44 pc 000000000024d1d1  /system/framework/x86_64/boot-framework.oat (android.app.ActivityThread.handleCreateService+1729) (BuildId: 0bd86adb1473eb99719ae59d1f1e1ee9e5306f1f)
06-22 23:28:08.059 31239 31239 F DEBUG   :       #45 pc 0000000000245d44  /system/framework/x86_64/boot-framework.oat (android.app.ActivityThread.-$$Nest$mhandleCreateService+52) (BuildId: 0bd86adb1473eb99719ae59d1f1e1ee9e5306f1f)
06-22 23:28:08.059 31239 31239 F DEBUG   :       #46 pc 00000000002443cf  /system/framework/x86_64/boot-framework.oat (android.app.ActivityThread$H.handleMessage+5615) (BuildId: 0bd86adb1473eb99719ae59d1f1e1ee9e5306f1f)
06-22 23:28:08.059 31239 31239 F DEBUG   :       #47 pc 00000000004cd1b8  /system/framework/x86_64/boot-framework.oat (android.os.Handler.dispatchMessageImpl+152) (BuildId: 0bd86adb1473eb99719ae59d1f1e1ee9e5306f1f)
06-22 23:28:08.059 31239 31239 F DEBUG   :       #48 pc 00000000004cd105  /system/framework/x86_64/boot-framework.oat (android.os.Handler.dispatchMessage+53) (BuildId: 0bd86adb1473eb99719ae59d1f1e1ee9e5306f1f)
06-22 23:28:08.059 31239 31239 F DEBUG   :       #49 pc 0000000000509011  /system/framework/x86_64/boot-framework.oat (android.os.Looper.loopOnce+1313) (BuildId: 0bd86adb1473eb99719ae59d1f1e1ee9e5306f1f)
06-22 23:28:08.059 31239 31239 F DEBUG   :       #50 pc 0000000000508a3b  /system/framework/x86_64/boot-framework.oat (android.os.Looper.loop+235) (BuildId: 0bd86adb1473eb99719ae59d1f1e1ee9e5306f1f)
06-22 23:28:08.059 31239 31239 F DEBUG   :       #51 pc 000000000025370a  /system/framework/x86_64/boot-framework.oat (android.app.ActivityThread.main+1658) (BuildId: 0bd86adb1473eb99719ae59d1f1e1ee9e5306f1f)
06-22 23:28:08.059 31239 31239 F DEBUG   :       #52 pc 00000000002125d6  /apex/com.android.art/lib64/libart.so (art_quick_invoke_static_stub+806) (BuildId: 6f501445ab44be8f30fb680128550143)
06-22 23:28:08.059 31239 31239 F DEBUG   :       #53 pc 0000000000598278  /apex/com.android.art/lib64/libart.so (art::ArtMethod::Invoke(art::Thread*, unsigned int*, unsigned int, art::JValue*, char const*)+264) (BuildId: 6f501445ab44be8f30fb680128550143)
06-22 23:28:08.059 31239 31239 F DEBUG   :       #54 pc 0000000000a01ddf  /apex/com.android.art/lib64/libart.so (_jobject* art::InvokeMethod<(art::PointerSize)8>(art::ScopedObjectAccessAlreadyRunnable const&, _jobject*, _jobject*, _jobject*, unsigned long)+2127) (BuildId: 6f501445ab44be8f30fb680128550143)
06-22 23:28:08.059 31239 31239 F DEBUG   :       #55 pc 000000000094509a  /apex/com.android.art/lib64/libart.so (art::Method_invoke(_JNIEnv*, _jobject*, _jobject*, _jobjectArray*) (.__uniq.165753521025965369065708152063621506277)+42) (BuildId: 6f501445ab44be8f30fb680128550143)
06-22 23:28:08.059 31239 31239 F DEBUG   :       #56 pc 00000000002e7d8f  /system/framework/x86_64/boot.oat (art_jni_trampoline+127) (BuildId: 3ba480fd597c9a51b9b0c7358b9c0213250a62fe)
06-22 23:28:08.059 31239 31239 F DEBUG   :       #57 pc 00000000007d96f5  /system/framework/x86_64/boot-framework.oat (com.android.internal.os.RuntimeInit$MethodAndArgsCaller.run+117) (BuildId: 0bd86adb1473eb99719ae59d1f1e1ee9e5306f1f)
06-22 23:28:08.059 31239 31239 F DEBUG   :       #58 pc 00000000007dfb74  /system/framework/x86_64/boot-framework.oat (com.android.internal.os.ZygoteInit.main+2660) (BuildId: 0bd86adb1473eb99719ae59d1f1e1ee9e5306f1f)
06-22 23:28:08.059 31239 31239 F DEBUG   :       #59 pc 00000000002125d6  /apex/com.android.art/lib64/libart.so (art_quick_invoke_static_stub+806) (BuildId: 6f501445ab44be8f30fb680128550143)
06-22 23:28:08.059 31239 31239 F DEBUG   :       #60 pc 0000000000598278  /apex/com.android.art/lib64/libart.so (art::ArtMethod::Invoke(art::Thread*, unsigned int*, unsigned int, art::JValue*, char const*)+264) (BuildId: 6f501445ab44be8f30fb680128550143)
06-22 23:28:08.059 31239 31239 F DEBUG   :       #61 pc 0000000000a02906  /apex/com.android.art/lib64/libart.so (art::JValue art::InvokeWithVarArgs<_jmethodID*>(art::ScopedObjectAccessAlreadyRunnable const&, _jobject*, _jmethodID*, __va_list_tag*)+518) (BuildId: 6f501445ab44be8f30fb680128550143)
06-22 23:28:08.059 31239 31239 F DEBUG   :       #62 pc 000000000087bb8a  /apex/com.android.art/lib64/libart.so (art::JNI<true>::CallStaticVoidMethodV(_JNIEnv*, _jclass*, _jmethodID*, __va_list_tag*)+602) (BuildId: 6f501445ab44be8f30fb680128550143)
06-22 23:28:08.060 31239 31239 F DEBUG   :       #63 pc 000000000010b78e  /system/lib64/libandroid_runtime.so (_JNIEnv::CallStaticVoidMethod(_jclass*, _jmethodID*, ...)+126) (BuildId: 3edc70daf1b20f00daafe76764822754)
06-22 23:28:08.060 31239 31239 F DEBUG   :       #64 pc 00000000001b224e  /system/lib64/libandroid_runtime.so (android::AndroidRuntime::start(char const*, android::Vector<android::String8> const&, bool)+846) (BuildId: 3edc70daf1b20f00daafe76764822754)
06-22 23:28:08.060 31239 31239 F DEBUG   :       #65 pc 0000000000004728  /system/bin/app_process64 (main+1672) (BuildId: c6a0c390f4368e9631b91bced410e104)
06-22 23:28:08.060 31239 31239 F DEBUG   :       #66 pc 0000000000091155  /apex/com.android.runtime/lib64/bionic/libc.so (__libc_init+117) (BuildId: b38eeea9b317e8ff95f48fb7a9668b54)
06-22 23:28:08.060 31239 31239 F DEBUG   : Note: To display stack pointer information, use the pbtombstone tool:
06-22 23:28:08.060 31239 31239 F DEBUG   :         pbtombstone --display-sp tombstone_XX.pb
06-22 23:28:08.260 31169 31264 E Ambient : Installed publisher verification failed
06-22 23:28:08.261 31169 31264 E Ambient : Installed publisher verification failed
06-22 23:28:08.275   360   360 E tombstoned: Tombstone written to: tombstone_10
06-22 23:28:08.636   962  1022 E SingleInstanceRemoteListener: Failed remote call on null listener
06-22 23:28:08.927 31169 31392 E AiAiNotificationAssistantService: No completion listener supplied for this service!
06-22 23:28:09.227 31178 31207 E ZeroStateWebSuggestDataLoader: Failed to fetch suggestions from AppSearch
06-22 23:28:09.227 31178 31207 E ZeroStateWebSuggestDataLoader: java.util.NoSuchElementException: No value present
06-22 23:28:09.227 31178 31207 E ZeroStateWebSuggestDataLoader: 	at java.util.Optional.get(Optional.java:143)
06-22 23:28:09.227 31178 31207 E ZeroStateWebSuggestDataLoader: 	at w6.m.onResult(go/retraceme 4b96215a9d9b4c1494121442fbf9d6e89857c91e1d76ddcc689701971259418a:32)
06-22 23:28:09.227 31178 31207 E ZeroStateWebSuggestDataLoader: 	at android.app.appsearch.SearchSessionUtil$1.lambda$onResult$0(go/retraceme 199f808ebf9b1777aa3658eabdef2a2b19400fd4540e3f56132e4d0224014b7e:144)
06-22 23:28:09.227 31178 31207 E ZeroStateWebSuggestDataLoader: 	at android.app.appsearch.SearchSessionUtil$1.$r8$lambda$CEk3q8sDAQVhU3rQwVueB8FAj_M(go/retraceme 199f808ebf9b1777aa3658eabdef2a2b19400fd4540e3f56132e4d0224014b7e:1)
06-22 23:28:09.227 31178 31207 E ZeroStateWebSuggestDataLoader: 	at android.app.appsearch.SearchSessionUtil$1$$ExternalSyntheticLambda0.run(go/retraceme 199f808ebf9b1777aa3658eabdef2a2b19400fd4540e3f56132e4d0224014b7e:22)
06-22 23:28:09.227 31178 31207 E ZeroStateWebSuggestDataLoader: 	at android.os.Handler.handleCallback(Handler.java:1095)
06-22 23:28:09.227 31178 31207 E ZeroStateWebSuggestDataLoader: 	at android.os.Handler.dispatchMessageImpl(Handler.java:135)
06-22 23:28:09.227 31178 31207 E ZeroStateWebSuggestDataLoader: 	at android.os.Handler.dispatchMessage(Handler.java:125)
06-22 23:28:09.227 31178 31207 E ZeroStateWebSuggestDataLoader: 	at android.os.Looper.loopOnce(Looper.java:296)
06-22 23:28:09.227 31178 31207 E ZeroStateWebSuggestDataLoader: 	at android.os.Looper.loop(Looper.java:397)
06-22 23:28:09.227 31178 31207 E ZeroStateWebSuggestDataLoader: 	at android.os.HandlerThread.run(HandlerThread.java:139)
06-22 23:28:09.231 31178 31178 E RecyclerView: Cannot scroll to position a LayoutManager set. Call setLayoutManager with a non-null argument.
06-22 23:28:09.239 31178 31178 E RecyclerView: Cannot scroll to position a LayoutManager set. Call setLayoutManager with a non-null argument.
06-22 23:28:09.491   962  1022 E SingleInstanceRemoteListener: Failed remote call on null listener
06-22 23:28:09.711   962   962 E LauncherProxyService: Failed to get launcher proxy for system bar attr change.
06-22 23:28:09.844 31178 31208 E ConsumerBase: [ImageReader-173x173f1u2816m2-31178-4] abandonLocked: ConsumerBase is abandoned!
06-22 23:28:10.073   962   962 E LauncherProxyService: Failed to get launcher proxy for system bar attr change.
06-22 23:28:10.115   685   809 E InputDispatcher: channel '[Gesture Monitor] swipe-up' ~ Channel is unrecoverably broken and will be disposed!
06-22 23:28:10.511 31178 31205 E SystemUiProxy: getRecentTasks() failed due to null mRecentTasks
06-22 23:28:11.337 31465 31465 E LibraryModuleRegistry: LibraryModuleRegistry.register():48 Module mobilebert_classifier_android_jni has already been registered to integrated_shared_object
06-22 23:28:11.477 31178 31208 E ConsumerBase: [ImageReader-173x173f1u2816m2-31178-5] abandonLocked: ConsumerBase is abandoned!
06-22 23:28:11.652 31178 31205 E ConsumerBase: [ImageReader-46x46f1u2816m2-31178-6] abandonLocked: ConsumerBase is abandoned!
06-22 23:28:12.001   685   936 E ConsumerBase: [ImageReader-864x1920f1m1-685-4] abandonLocked: ConsumerBase is abandoned!
06-22 23:28:13.403 31465 31465 E GoogleInputMethodService: GoogleInputMethodService.getAppEditorInfo():1937 App EditorInfo should never be null.
06-22 23:28:14.083   685  1703 E TaskPersister: File error accessing recents directory (directory doesn't exist?).
06-22 23:28:14.828 31465 31536 E HandwritingSuperpacksUtil: HandwritingSuperpacksUtil.getPackMappingPackName():42 No pack mapping pack found in []
06-22 23:28:15.252 31465 31465 E GoogleInputMethodService: GoogleInputMethodService.getAppEditorInfo():1937 App EditorInfo should never be null.
06-22 23:28:15.730 31178 31208 E Launcher.Model: Loader task completed, name: [addCallbacksAndLoad], mIsCommitted=true
06-22 23:28:15.784 31465 31744 E MDDTaskScheduler: MDDTaskScheduler.scheduleDownload():191 work Data {charging : false, mdd_task_tag : download, network : false} scheduled
06-22 23:28:19.592   685   685 E libbinder.IPCThreadState: Binder transaction failure. id: 1271826, cmd: BR_DEAD_REPLY (29189), error: -22 (Invalid argument)
06-22 23:28:19.597   685   809 E InputDispatcher: channel 'stylus-handwriting-event-receiver-0' ~ Channel is unrecoverably broken and will be disposed!
06-22 23:28:19.877 31169 31389 E AiAiEcho: EchoSearch: SettingsFetcherImpl: DB already exists.
06-22 23:28:21.497 31178 31761 E OneSearchSuggestProvider: Unable to get suggestions from AGA for zero state
06-22 23:28:21.497 31178 31761 E OneSearchSuggestProvider: io.grpc.StatusRuntimeException: CANCELLED
06-22 23:28:21.497 31178 31761 E OneSearchSuggestProvider: 	at ba.g.a(go/retraceme 4b96215a9d9b4c1494121442fbf9d6e89857c91e1d76ddcc689701971259418a:36)
06-22 23:28:21.497 31178 31761 E OneSearchSuggestProvider: 	at z9.n.b(go/retraceme 4b96215a9d9b4c1494121442fbf9d6e89857c91e1d76ddcc689701971259418a:27)
06-22 23:28:21.497 31178 31761 E OneSearchSuggestProvider: 	at z9.n.a(go/retraceme 4b96215a9d9b4c1494121442fbf9d6e89857c91e1d76ddcc689701971259418a:13)
06-22 23:28:21.497 31178 31761 E OneSearchSuggestProvider: 	at z9.z.run(go/retraceme 4b96215a9d9b4c1494121442fbf9d6e89857c91e1d76ddcc689701971259418a:6)
06-22 23:28:21.497 31178 31761 E OneSearchSuggestProvider: 	at z9.k5.run(go/retraceme 4b96215a9d9b4c1494121442fbf9d6e89857c91e1d76ddcc689701971259418a:18)
06-22 23:28:21.497 31178 31761 E OneSearchSuggestProvider: 	at java.util.concurrent.ThreadPoolExecutor.runWorker(ThreadPoolExecutor.java:1100)
06-22 23:28:21.497 31178 31761 E OneSearchSuggestProvider: 	at java.util.concurrent.ThreadPoolExecutor$Worker.run(ThreadPoolExecutor.java:624)
06-22 23:28:21.497 31178 31761 E OneSearchSuggestProvider: 	at java.lang.Thread.run(Thread.java:1572)
06-22 23:28:21.633   685   685 E libbinder.IPCThreadState: Binder transaction failure. id: 1273593, cmd: BR_DEAD_REPLY (29189), error: -22 (Invalid argument)
06-22 23:28:22.285 31639 32136 E PhotosApiClient: Execution exception occurred: java.util.concurrent.ExecutionException: io.grpc.StatusRuntimeException: UNAUTHENTICATED: No valid account is logged in.
06-22 23:28:22.395 32030 32141 E ActivityThread: Failed to find provider info for androidx.car.app.connection
06-22 23:28:23.291 31977 32146 E GoogleApiManager: Failed to get service from broker. 
06-22 23:28:23.291 31977 32146 E GoogleApiManager: java.lang.SecurityException: Unknown calling package name 'com.google.android.gms'.
06-22 23:28:23.291 31977 32146 E GoogleApiManager: 	at android.os.Parcel.createExceptionOrNull(Parcel.java:3392)
06-22 23:28:23.291 31977 32146 E GoogleApiManager: 	at android.os.Parcel.createException(Parcel.java:3376)
06-22 23:28:23.291 31977 32146 E GoogleApiManager: 	at android.os.Parcel.readException(Parcel.java:3359)
06-22 23:28:23.291 31977 32146 E GoogleApiManager: 	at android.os.Parcel.readException(Parcel.java:3301)
06-22 23:28:23.291 31977 32146 E GoogleApiManager: 	at bjrc.a(:com.google.android.gms@261934038@26.19.34 (260800-919740205):36)
06-22 23:28:23.291 31977 32146 E GoogleApiManager: 	at bjoy.z(:com.google.android.gms@261934038@26.19.34 (260800-919740205):143)
06-22 23:28:23.291 31977 32146 E GoogleApiManager: 	at biuu.run(:com.google.android.gms@261934038@26.19.34 (260800-919740205):42)
06-22 23:28:23.291 31977 32146 E GoogleApiManager: 	at android.os.Handler.handleCallback(Handler.java:1095)
06-22 23:28:23.291 31977 32146 E GoogleApiManager: 	at android.os.Handler.dispatchMessageImpl(Handler.java:135)
06-22 23:28:23.291 31977 32146 E GoogleApiManager: 	at android.os.Handler.dispatchMessage(Handler.java:125)
06-22 23:28:23.291 31977 32146 E GoogleApiManager: 	at dbbl.mJ(:com.google.android.gms@261934038@26.19.34 (260800-919740205):1)
06-22 23:28:23.291 31977 32146 E GoogleApiManager: 	at dbbl.dispatchMessage(:com.google.android.gms@261934038@26.19.34 (260800-919740205):5)
06-22 23:28:23.291 31977 32146 E GoogleApiManager: 	at android.os.Looper.loopOnce(Looper.java:296)
06-22 23:28:23.291 31977 32146 E GoogleApiManager: 	at android.os.Looper.loop(Looper.java:397)
06-22 23:28:23.291 31977 32146 E GoogleApiManager: 	at android.os.HandlerThread.run(HandlerThread.java:139)
06-22 23:28:24.040 32150 32150 E LibraryModuleRegistry: LibraryModuleRegistry.register():48 Module mobilebert_classifier_android_jni has already been registered to integrated_shared_object
06-22 23:28:24.131 32030 32122 E PhenotypeFlagCommitter: Retrieving snapshot for com.google.android.dialer failed
06-22 23:28:24.131 32030 32122 E PhenotypeFlagCommitter: java.util.concurrent.TimeoutException: Timed out waiting for Task
06-22 23:28:24.131 32030 32122 E PhenotypeFlagCommitter: 	at zrh.m(PG:55)
06-22 23:28:24.131 32030 32122 E PhenotypeFlagCommitter: 	at yuo.c(PG:15)
06-22 23:28:24.131 32030 32122 E PhenotypeFlagCommitter: 	at yuo.d(PG:38)
06-22 23:28:24.131 32030 32122 E PhenotypeFlagCommitter: 	at rau.call(PG:346)
06-22 23:28:24.131 32030 32122 E PhenotypeFlagCommitter: 	at agsm.call(PG:21)
06-22 23:28:24.131 32030 32122 E PhenotypeFlagCommitter: 	at agvc.a(PG:3)
06-22 23:28:24.131 32030 32122 E PhenotypeFlagCommitter: 	at aguf.run(PG:19)
06-22 23:28:24.131 32030 32122 E PhenotypeFlagCommitter: 	at agvd.run(PG:5)
06-22 23:28:24.131 32030 32122 E PhenotypeFlagCommitter: 	at zpw.run(PG:7)
06-22 23:28:24.131 32030 32122 E PhenotypeFlagCommitter: 	at java.util.concurrent.ThreadPoolExecutor.runWorker(ThreadPoolExecutor.java:1100)
06-22 23:28:24.131 32030 32122 E PhenotypeFlagCommitter: 	at java.util.concurrent.ThreadPoolExecutor$Worker.run(ThreadPoolExecutor.java:624)
06-22 23:28:24.131 32030 32122 E PhenotypeFlagCommitter: 	at yee.run(PG:54)
06-22 23:28:24.131 32030 32122 E PhenotypeFlagCommitter: 	at zpi.run(PG:676)
06-22 23:28:24.131 32030 32122 E PhenotypeFlagCommitter: 	at java.lang.Thread.run(Thread.java:1572)
06-22 23:28:24.131 32030 32122 E PhenotypeFlagCommitter: 	at zqx.run(PG:61)
06-22 23:28:24.709   685  1063 E AppOps  : Bad call made by uid 1000. Package "com.google.android.googlequicksearchbox" does not belong to uid 1000.
06-22 23:28:25.146 32150 32198 E EmojiSlicingStrategy: EmojiSlicingStrategy.getSlices():88 getSlices() : Received null or empty userEnabledLocales.
06-22 23:28:25.148 32150 32198 E EmojiSlicingStrategy: EmojiSlicingStrategy.getSlices():88 getSlices() : Received null or empty userEnabledLocales.
06-22 23:28:25.199 32150 32150 E GoogleInputMethodService: GoogleInputMethodService.getAppEditorInfo():1937 App EditorInfo should never be null.
06-22 23:28:25.909 31977 32073 F libc    : Fatal signal 4 (SIGILL), code 2 (ILL_ILLOPN), fault addr 0x78e2a17b00b1 in tid 32073 (SynthThread), pid 31977 (gle.android.tts)
06-22 23:28:26.595 31063 31215 E libbinder.IPCThreadState: Binder transaction failure. id: 1277753, cmd: BR_DEAD_REPLY (29189), error: -22 (Invalid argument)
06-22 23:28:26.879 32150 32150 E AbstractOpenableExtension: AbstractOpenableExtension$1.onFailure():144 failed to parse keyboard group def : 2132213998 -> 0_resource_name_obfuscated. 
06-22 23:28:26.879 32150 32150 E AbstractOpenableExtension: java.util.concurrent.CancellationException: Task was cancelled.
06-22 23:28:26.879 32150 32150 E AbstractOpenableExtension: 	at uun.i(PG:33)
06-22 23:28:26.879 32150 32150 E AbstractOpenableExtension: 	at uuv.r(PG:24)
06-22 23:28:26.879 32150 32150 E AbstractOpenableExtension: 	at uun.get(PG:1)
06-22 23:28:26.879 32150 32150 E AbstractOpenableExtension: 	at a.n(PG:2)
06-22 23:28:26.879 32150 32150 E AbstractOpenableExtension: 	at uwm.run(PG:32)
06-22 23:28:26.879 32150 32150 E AbstractOpenableExtension: 	at uvu.execute(PG:1)
06-22 23:28:26.879 32150 32150 E AbstractOpenableExtension: 	at uun.g(PG:1)
06-22 23:28:26.879 32150 32150 E AbstractOpenableExtension: 	at uun.l(PG:101)
06-22 23:28:26.879 32150 32150 E AbstractOpenableExtension: 	at uun.cancel(PG:52)
06-22 23:28:26.879 32150 32150 E AbstractOpenableExtension: 	at uun.n(PG:17)
06-22 23:28:26.879 32150 32150 E AbstractOpenableExtension: 	at uuz.c(PG:3)
06-22 23:28:26.879 32150 32150 E AbstractOpenableExtension: 	at uun.l(PG:30)
06-22 23:28:26.879 32150 32150 E AbstractOpenableExtension: 	at uun.cancel(PG:52)
06-22 23:28:26.879 32150 32150 E AbstractOpenableExtension: 	at fvs.e(PG:64)
06-22 23:28:26.879 32150 32150 E AbstractOpenableExtension: 	at fvs.N(PG:4)
06-22 23:28:26.879 32150 32150 E AbstractOpenableExtension: 	at fvs.O(PG:1)
06-22 23:28:26.879 32150 32150 E AbstractOpenableExtension: 	at miu.h(PG:33)
06-22 23:28:26.879 32150 32150 E AbstractOpenableExtension: 	at nfl.ai(PG:20)
06-22 23:28:26.879 32150 32150 E AbstractOpenableExtension: 	at ecd.o(PG:247)
06-22 23:28:26.879 32150 32150 E AbstractOpenableExtension: 	at nfg.e(PG:3)
06-22 23:28:26.879 32150 32150 E AbstractOpenableExtension: 	at nci.dv(PG:9)
06-22 23:28:26.879 32150 32150 E AbstractOpenableExtension: 	at nnv.run(PG:1018)
06-22 23:28:26.879 32150 32150 E AbstractOpenableExtension: 	at uvu.execute(PG:1)
06-22 23:28:26.879 32150 32150 E AbstractOpenableExtension: 	at oxh.d(PG:14)
06-22 23:28:26.879 32150 32150 E AbstractOpenableExtension: 	at oiu.l(PG:95)
06-22 23:28:26.879 32150 32150 E AbstractOpenableExtension: 	at oiu.j(PG:33)
06-22 23:28:26.879 32150 32150 E AbstractOpenableExtension: 	at ndr.b(PG:146)
06-22 23:28:26.879 32150 32150 E AbstractOpenableExtension: 	at uwm.run(PG:38)
06-22 23:28:26.879 32150 32150 E AbstractOpenableExtension: 	at android.os.Handler.handleCallback(Handler.java:1095)
06-22 23:28:26.879 32150 32150 E AbstractOpenableExtension: 	at android.os.Handler.dispatchMessageImpl(Handler.java:135)
06-22 23:28:26.879 32150 32150 E AbstractOpenableExtension: 	at android.os.Handler.dispatchMessage(Handler.java:125)
06-22 23:28:26.879 32150 32150 E AbstractOpenableExtension: 	at android.os.Looper.loopOnce(Looper.java:296)
06-22 23:28:26.879 32150 32150 E AbstractOpenableExtension: 	at android.os.Looper.loop(Looper.java:397)
06-22 23:28:26.879 32150 32150 E AbstractOpenableExtension: 	at android.app.ActivityThread.main(ActivityThread.java:9523)
06-22 23:28:26.879 32150 32150 E AbstractOpenableExtension: 	at java.lang.reflect.Method.invoke(Native Method)
06-22 23:28:26.879 32150 32150 E AbstractOpenableExtension: 	at com.android.internal.os.RuntimeInit$MethodAndArgsCaller.run(RuntimeInit.java:575)
06-22 23:28:26.879 32150 32150 E AbstractOpenableExtension: 	at com.android.internal.os.ZygoteInit.main(ZygoteInit.java:939)
06-22 23:28:26.916 32150 32186 E HandwritingSuperpacksUtil: HandwritingSuperpacksUtil.getPackMappingPackName():42 No pack mapping pack found in []
06-22 23:28:27.404 32150 32253 E MDDTaskScheduler: MDDTaskScheduler.scheduleDownload():191 work Data {charging : false, mdd_task_tag : download, network : false} scheduled
06-22 23:28:28.156   302   311 E lowmemorykiller: process_mrelease 31617 failed: No such process
06-22 23:28:28.338   685   685 E libbinder.IPCThreadState: Binder transaction failure. id: 1278671, cmd: BR_DEAD_REPLY (29189), error: -22 (Invalid argument)
06-22 23:28:28.373   685   809 E InputDispatcher: channel 'stylus-handwriting-event-receiver-0' ~ Channel is unrecoverably broken and will be disposed!
06-22 23:28:28.763 31063 31156 E libbinder.IPCThreadState: Binder transaction failure. id: 1278932, cmd: BR_DEAD_REPLY (29189), error: -22 (Invalid argument)
06-22 23:28:29.419 32251 32251 F DEBUG   : *** *** *** *** *** *** *** *** *** *** *** *** *** *** *** ***
06-22 23:28:29.419 32251 32251 F DEBUG   : Build fingerprint: 'google/sdk_gphone16k_x86_64/emu64xa16k:17/CP21.260330.005/15181570:user/dev-keys'
06-22 23:28:29.419 32251 32251 F DEBUG   : Kernel Release: '6.12.58-android16-6-gccafb60de224-ab14828483'
06-22 23:28:29.419 32251 32251 F DEBUG   : Revision: '0'
06-22 23:28:29.419 32251 32251 F DEBUG   : ABI: 'x86_64'
06-22 23:28:29.419 32251 32251 F DEBUG   : Timestamp: 2026-06-22 23:28:26.800563300+0530
06-22 23:28:29.419 32251 32251 F DEBUG   : Process uptime: 10s
06-22 23:28:29.419 32251 32251 F DEBUG   : Page size: 16384 bytes
06-22 23:28:29.419 32251 32251 F DEBUG   : Executable: /system/bin/app_process64
06-22 23:28:29.419 32251 32251 F DEBUG   : Cmdline: com.google.android.tts
06-22 23:28:29.419 32251 32251 F DEBUG   : pid: 31977, ppid: 449, tid: 32073, name: SynthThread  >>> com.google.android.tts <<<
06-22 23:28:29.419 32251 32251 F DEBUG   : uid: 10166
06-22 23:28:29.419 32251 32251 F DEBUG   : signal 4 (SIGILL), code 2 (ILL_ILLOPN), fault addr 0x000078e2a17b00b1 (read)
06-22 23:28:29.419 32251 32251 F DEBUG   :     rax 0000000000000000  rbx 0000000000000001  rcx 0000000000000000  rdx 0000000000000000
06-22 23:28:29.419 32251 32251 F DEBUG   :     r8  000000000f8bfbff  r9  00000000000b06a3  r10 000078e4cc0233f0  r11 0000000000000001
06-22 23:28:29.419 32251 32251 F DEBUG   :     r12 0000000000000000  r13 0000000000000005  r14 0000009f938e0002  r15 0000008000000000
06-22 23:28:29.419 32251 32251 F DEBUG   :     rdi 00000000f6da3203  rsi 0000000001000800
06-22 23:28:29.419 32251 32251 F DEBUG   :     rbp 0000000000000001  rsp 000078e376c04100  rip 000078e2a17b00b1  err 0000000000000000
06-22 23:28:29.419 32251 32251 F DEBUG   : 55 total frames
06-22 23:28:29.419 32251 32251 F DEBUG   : backtrace:
06-22 23:28:29.419 32251 32251 F DEBUG   :       #00 pc 0000000001ba40b1  /product/app/GoogleTTS/GoogleTTS.apk!libgoogle_speech_sbg_tts_jni.so (offset 0x1e10000) (BuildId: fa8c458cf4b31cd6900e84ab88e886ea)
06-22 23:28:29.419 32251 32251 F DEBUG   :       #01 pc 000000000127127f  /product/app/GoogleTTS/GoogleTTS.apk!libgoogle_speech_sbg_tts_jni.so (offset 0x1e10000) (BuildId: fa8c458cf4b31cd6900e84ab88e886ea)
06-22 23:28:29.419 32251 32251 F DEBUG   :       #02 pc 0000000001ba4887  /product/app/GoogleTTS/GoogleTTS.apk!libgoogle_speech_sbg_tts_jni.so (offset 0x1e10000) (BuildId: fa8c458cf4b31cd6900e84ab88e886ea)
06-22 23:28:29.419 32251 32251 F DEBUG   :       #03 pc 0000000001ba48bb  /product/app/GoogleTTS/GoogleTTS.apk!libgoogle_speech_sbg_tts_jni.so (offset 0x1e10000) (BuildId: fa8c458cf4b31cd6900e84ab88e886ea)
06-22 23:28:29.419 32251 32251 F DEBUG   :       #04 pc 0000000001ba0e9e  /product/app/GoogleTTS/GoogleTTS.apk!libgoogle_speech_sbg_tts_jni.so (offset 0x1e10000) (BuildId: fa8c458cf4b31cd6900e84ab88e886ea)
06-22 23:28:29.419 32251 32251 F DEBUG   :       #05 pc 0000000001992eaf  /product/app/GoogleTTS/GoogleTTS.apk!libgoogle_speech_sbg_tts_jni.so (offset 0x1e10000) (BuildId: fa8c458cf4b31cd6900e84ab88e886ea)
06-22 23:28:29.419 32251 32251 F DEBUG   :       #06 pc 0000000001992d7e  /product/app/GoogleTTS/GoogleTTS.apk!libgoogle_speech_sbg_tts_jni.so (offset 0x1e10000) (BuildId: fa8c458cf4b31cd6900e84ab88e886ea)
06-22 23:28:29.419 32251 32251 F DEBUG   :       #07 pc 0000000001992d34  /product/app/GoogleTTS/GoogleTTS.apk!libgoogle_speech_sbg_tts_jni.so (offset 0x1e10000) (BuildId: fa8c458cf4b31cd6900e84ab88e886ea)
06-22 23:28:29.419 32251 32251 F DEBUG   :       #08 pc 0000000001992c5d  /product/app/GoogleTTS/GoogleTTS.apk!libgoogle_speech_sbg_tts_jni.so (offset 0x1e10000) (BuildId: fa8c458cf4b31cd6900e84ab88e886ea)
06-22 23:28:29.419 32251 32251 F DEBUG   :       #09 pc 0000000001992a2b  /product/app/GoogleTTS/GoogleTTS.apk!libgoogle_speech_sbg_tts_jni.so (offset 0x1e10000) (BuildId: fa8c458cf4b31cd6900e84ab88e886ea)
06-22 23:28:29.419 32251 32251 F DEBUG   :       #10 pc 0000000001b9cdf8  /product/app/GoogleTTS/GoogleTTS.apk!libgoogle_speech_sbg_tts_jni.so (offset 0x1e10000) (BuildId: fa8c458cf4b31cd6900e84ab88e886ea)
06-22 23:28:29.419 32251 32251 F DEBUG   :       #11 pc 0000000001b9cc80  /product/app/GoogleTTS/GoogleTTS.apk!libgoogle_speech_sbg_tts_jni.so (offset 0x1e10000) (BuildId: fa8c458cf4b31cd6900e84ab88e886ea)
06-22 23:28:29.419 32251 32251 F DEBUG   :       #12 pc 0000000001b9cb1e  /product/app/GoogleTTS/GoogleTTS.apk!libgoogle_speech_sbg_tts_jni.so (offset 0x1e10000) (BuildId: fa8c458cf4b31cd6900e84ab88e886ea)
06-22 23:28:29.419 32251 32251 F DEBUG   :       #13 pc 00000000019f3fda  /product/app/GoogleTTS/GoogleTTS.apk!libgoogle_speech_sbg_tts_jni.so (offset 0x1e10000) (BuildId: fa8c458cf4b31cd6900e84ab88e886ea)
06-22 23:28:29.419 32251 32251 F DEBUG   :       #14 pc 00000000019f3f7f  /product/app/GoogleTTS/GoogleTTS.apk!libgoogle_speech_sbg_tts_jni.so (offset 0x1e10000) (BuildId: fa8c458cf4b31cd6900e84ab88e886ea)
06-22 23:28:29.419 32251 32251 F DEBUG   :       #15 pc 00000000019f3d77  /product/app/GoogleTTS/GoogleTTS.apk!libgoogle_speech_sbg_tts_jni.so (offset 0x1e10000) (BuildId: fa8c458cf4b31cd6900e84ab88e886ea)
06-22 23:28:29.419 32251 32251 F DEBUG   :       #16 pc 00000000019f3c7e  /product/app/GoogleTTS/GoogleTTS.apk!libgoogle_speech_sbg_tts_jni.so (offset 0x1e10000) (BuildId: fa8c458cf4b31cd6900e84ab88e886ea)
06-22 23:28:29.419 32251 32251 F DEBUG   :       #17 pc 00000000019e8153  /product/app/GoogleTTS/GoogleTTS.apk!libgoogle_speech_sbg_tts_jni.so (offset 0x1e10000) (BuildId: fa8c458cf4b31cd6900e84ab88e886ea)
06-22 23:28:29.419 32251 32251 F DEBUG   :       #18 pc 0000000001021782  /product/app/GoogleTTS/GoogleTTS.apk!libgoogle_speech_sbg_tts_jni.so (offset 0x1e10000) (BuildId: fa8c458cf4b31cd6900e84ab88e886ea)
06-22 23:28:29.419 32251 32251 F DEBUG   :       #19 pc 00000000019e8d40  /product/app/GoogleTTS/GoogleTTS.apk!libgoogle_speech_sbg_tts_jni.so (offset 0x1e10000) (BuildId: fa8c458cf4b31cd6900e84ab88e886ea)
06-22 23:28:29.419 32251 32251 F DEBUG   :       #20 pc 00000000019e8b3c  /product/app/GoogleTTS/GoogleTTS.apk!libgoogle_speech_sbg_tts_jni.so (offset 0x1e10000) (BuildId: fa8c458cf4b31cd6900e84ab88e886ea)
06-22 23:28:29.419 32251 32251 F DEBUG   :       #21 pc 00000000017bdc32  /product/app/GoogleTTS/GoogleTTS.apk!libgoogle_speech_sbg_tts_jni.so (offset 0x1e10000) (BuildId: fa8c458cf4b31cd6900e84ab88e886ea)
06-22 23:28:29.419 32251 32251 F DEBUG   :       #22 pc 00000000017bd92f  /product/app/GoogleTTS/GoogleTTS.apk!libgoogle_speech_sbg_tts_jni.so (offset 0x1e10000) (BuildId: fa8c458cf4b31cd6900e84ab88e886ea)
06-22 23:28:29.419 32251 32251 F DEBUG   :       #23 pc 00000000017bd784  /product/app/GoogleTTS/GoogleTTS.apk!libgoogle_speech_sbg_tts_jni.so (offset 0x1e10000) (BuildId: fa8c458cf4b31cd6900e84ab88e886ea)
06-22 23:28:29.419 32251 32251 F DEBUG   :       #24 pc 0000000001021770  /product/app/GoogleTTS/GoogleTTS.apk!libgoogle_speech_sbg_tts_jni.so (offset 0x1e10000) (BuildId: fa8c458cf4b31cd6900e84ab88e886ea)
06-22 23:28:29.419 32251 32251 F DEBUG   :       #25 pc 00000000017c0836  /product/app/GoogleTTS/GoogleTTS.apk!libgoogle_speech_sbg_tts_jni.so (offset 0x1e10000) (BuildId: fa8c458cf4b31cd6900e84ab88e886ea)
06-22 23:28:29.419 32251 32251 F DEBUG   :       #26 pc 00000000017be9c3  /product/app/GoogleTTS/GoogleTTS.apk!libgoogle_speech_sbg_tts_jni.so (offset 0x1e10000) (BuildId: fa8c458cf4b31cd6900e84ab88e886ea)
06-22 23:28:29.420 32251 32251 F DEBUG   :       #27 pc 00000000017b3fd3  /product/app/GoogleTTS/GoogleTTS.apk!libgoogle_speech_sbg_tts_jni.so (offset 0x1e10000) (BuildId: fa8c458cf4b31cd6900e84ab88e886ea)
06-22 23:28:29.420 32251 32251 F DEBUG   :       #28 pc 00000000017b10a7  /product/app/GoogleTTS/GoogleTTS.apk!libgoogle_speech_sbg_tts_jni.so (offset 0x1e10000) (Java_com_google_android_apps_speech_tts_googletts_local_greco3_AndroidComposerImpl_jniInitMonolithic+175) (BuildId: fa8c458cf4b31cd6900e84ab88e886ea)
06-22 23:28:29.420 32251 32251 F DEBUG   :       #29 pc 000000000022ccab  /apex/com.android.art/lib64/libart.so (art_quick_generic_jni_trampoline+219) (BuildId: 6f501445ab44be8f30fb680128550143)
06-22 23:28:29.420 32251 32251 F DEBUG   :       #30 pc 0000000000209f97  /apex/com.android.art/lib64/libart.so (nterp_helper+5643) (BuildId: 6f501445ab44be8f30fb680128550143)
06-22 23:28:29.420 32251 32251 F DEBUG   :       #31 pc 0000000000383b56  /product/app/GoogleTTS/GoogleTTS.apk (offset 0xdf8000) (com.google.android.apps.speech.tts.googletts.local.greco3.AndroidComposerImpl.initComposerMonolithic+106)
06-22 23:28:29.420 32251 32251 F DEBUG   :       #32 pc 000000000020a581  /apex/com.android.art/lib64/libart.so (nterp_helper+7157) (BuildId: 6f501445ab44be8f30fb680128550143)
06-22 23:28:29.420 32251 32251 F DEBUG   :       #33 pc 00000000003825ce  /product/app/GoogleTTS/GoogleTTS.apk (offset 0xdf8000) (cvm.c+2642)
06-22 23:28:29.420 32251 32251 F DEBUG   :       #34 pc 0000000000209824  /apex/com.android.art/lib64/libart.so (nterp_helper+3736) (BuildId: 6f501445ab44be8f30fb680128550143)
06-22 23:28:29.420 32251 32251 F DEBUG   :       #35 pc 0000000000383752  /product/app/GoogleTTS/GoogleTTS.apk (offset 0xdf8000) (cvm.d+2)
06-22 23:28:29.420 32251 32251 F DEBUG   :       #36 pc 0000000000209824  /apex/com.android.art/lib64/libart.so (nterp_helper+3736) (BuildId: 6f501445ab44be8f30fb680128550143)
06-22 23:28:29.420 32251 32251 F DEBUG   :       #37 pc 0000000000390fd6  /product/app/GoogleTTS/GoogleTTS.apk (offset 0xdf8000) (com.google.android.apps.speech.tts.googletts.service.GoogleTtsService.onLoadVoice+234)
06-22 23:28:29.420 32251 32251 F DEBUG   :       #38 pc 0000000000209824  /apex/com.android.art/lib64/libart.so (nterp_helper+3736) (BuildId: 6f501445ab44be8f30fb680128550143)
06-22 23:28:29.420 32251 32251 F DEBUG   :       #39 pc 0000000000462f30  /system/framework/framework.jar (offset 0x1274000) (android.speech.tts.TextToSpeechService$LoadVoiceItem.playImpl+8)
06-22 23:28:29.420 32251 32251 F DEBUG   :       #40 pc 0000000000209824  /apex/com.android.art/lib64/libart.so (nterp_helper+3736) (BuildId: 6f501445ab44be8f30fb680128550143)
06-22 23:28:29.420 32251 32251 F DEBUG   :       #41 pc 00000000004630ee  /system/framework/framework.jar (offset 0x1274000) (android.speech.tts.TextToSpeechService$SpeechItem.play+18)
06-22 23:28:29.420 32251 32251 F DEBUG   :       #42 pc 0000000000209824  /apex/com.android.art/lib64/libart.so (nterp_helper+3736) (BuildId: 6f501445ab44be8f30fb680128550143)
06-22 23:28:29.420 32251 32251 F DEBUG   :       #43 pc 00000000004631c4  /system/framework/framework.jar (offset 0x1274000) (android.speech.tts.TextToSpeechService$SynthHandler$1.run+24)
06-22 23:28:29.420 32251 32251 F DEBUG   :       #44 pc 00000000004cd16c  /system/framework/x86_64/boot-framework.oat (android.os.Handler.dispatchMessageImpl+76) (BuildId: 0bd86adb1473eb99719ae59d1f1e1ee9e5306f1f)
06-22 23:28:29.420 32251 32251 F DEBUG   :       #45 pc 00000000004cd105  /system/framework/x86_64/boot-framework.oat (android.os.Handler.dispatchMessage+53) (BuildId: 0bd86adb1473eb99719ae59d1f1e1ee9e5306f1f)
06-22 23:28:29.420 32251 32251 F DEBUG   :       #46 pc 0000000000509011  /system/framework/x86_64/boot-framework.oat (android.os.Looper.loopOnce+1313) (BuildId: 0bd86adb1473eb99719ae59d1f1e1ee9e5306f1f)
06-22 23:28:29.420 32251 32251 F DEBUG   :       #47 pc 0000000000508a3b  /system/framework/x86_64/boot-framework.oat (android.os.Looper.loop+235) (BuildId: 0bd86adb1473eb99719ae59d1f1e1ee9e5306f1f)
06-22 23:28:29.420 32251 32251 F DEBUG   :       #48 pc 00000000004fc7fa  /system/framework/x86_64/boot-framework.oat (android.os.HandlerThread.run+442) (BuildId: 0bd86adb1473eb99719ae59d1f1e1ee9e5306f1f)
06-22 23:28:29.420 32251 32251 F DEBUG   :       #49 pc 0000000000212274  /apex/com.android.art/lib64/libart.so (art_quick_invoke_stub+756) (BuildId: 6f501445ab44be8f30fb680128550143)
06-22 23:28:29.420 32251 32251 F DEBUG   :       #50 pc 0000000000598231  /apex/com.android.art/lib64/libart.so (art::ArtMethod::Invoke(art::Thread*, unsigned int*, unsigned int, art::JValue*, char const*)+193) (BuildId: 6f501445ab44be8f30fb680128550143)
06-22 23:28:29.420 32251 32251 F DEBUG   :       #51 pc 0000000000a5dcc3  /apex/com.android.art/lib64/libart.so (art::Thread::CreateCallback(void*)+1603) (BuildId: 6f501445ab44be8f30fb680128550143)
06-22 23:28:29.420 32251 32251 F DEBUG   :       #52 pc 0000000000a5d678  /apex/com.android.art/lib64/libart.so (art::Thread::CreateCallbackWithUffdGc(void*)+8) (BuildId: 6f501445ab44be8f30fb680128550143)
06-22 23:28:29.420 32251 32251 F DEBUG   :       #53 pc 00000000000765cf  /apex/com.android.runtime/lib64/bionic/libc.so (__pthread_start(void*) (.__uniq.67847048707805468364044055584648682506)+63) (BuildId: b38eeea9b317e8ff95f48fb7a9668b54)
06-22 23:28:29.420 32251 32251 F DEBUG   :       #54 pc 000000000005b1fd  /apex/com.android.runtime/lib64/bionic/libc.so (__start_thread+45) (BuildId: b38eeea9b317e8ff95f48fb7a9668b54)
06-22 23:28:29.420 32251 32251 F DEBUG   : Note: To display stack pointer information, use the pbtombstone tool:
06-22 23:28:29.420 32251 32251 F DEBUG   :         pbtombstone --display-sp tombstone_XX.pb
06-22 23:28:29.440   360   360 E tombstoned: Tombstone written to: tombstone_11
06-22 23:28:33.480 31063 31766 E .gms.persistent: hiddenapi: Accessing hidden method Landroid/net/ConnectivityManager;->isNetworkSupported(I)Z (runtime_flags=0, domain=platform, api=max-target-p) from Lbkpf; (domain=app, TargetSdkVersion=37) using reflection: denied
06-22 23:28:34.889   962  1097 E ConsumerBase: [ImageReader-420x420f1u2816m2-962-5] abandonLocked: ConsumerBase is abandoned!
06-22 23:28:36.443 32417 32417 E LibraryModuleRegistry: LibraryModuleRegistry.register():48 Module mobilebert_classifier_android_jni has already been registered to integrated_shared_object
06-22 23:28:37.094 32417 32417 E GoogleInputMethodService: GoogleInputMethodService.getAppEditorInfo():1937 App EditorInfo should never be null.
06-22 23:28:37.603 32417 32448 E EmojiSlicingStrategy: EmojiSlicingStrategy.getSlices():88 getSlices() : Received null or empty userEnabledLocales.
06-22 23:28:38.205   685  1703 E TaskPersister: File error accessing recents directory (directory doesn't exist?).
06-22 23:28:38.216 32417 32448 E EmojiSlicingStrategy: EmojiSlicingStrategy.getSlices():88 getSlices() : Received null or empty userEnabledLocales.
06-22 23:28:39.446 32417 32434 E HandwritingSuperpacksUtil: HandwritingSuperpacksUtil.getPackMappingPackName():42 No pack mapping pack found in []
06-22 23:28:39.499 32417 32417 E GoogleInputMethodService: GoogleInputMethodService.getAppEditorInfo():1937 App EditorInfo should never be null.
06-22 23:28:40.040 32417 32477 E MDDTaskScheduler: MDDTaskScheduler.scheduleDownload():191 work Data {charging : false, mdd_task_tag : download, network : false} scheduled
06-22 23:28:42.097 31216 31382 E GoogleSettingsUtils: Cannot write token, exception in Context lookup [CONTEXT service_id=130 ]
06-22 23:28:42.097 31216 31382 E GoogleSettingsUtils: java.io.FileNotFoundException: /data/user/0/com.google.android.gsf/files/security_token: open failed: ENOENT (No such file or directory)
06-22 23:28:42.097 31216 31382 E GoogleSettingsUtils: 	at libcore.io.IoBridge.open(IoBridge.java:574)
06-22 23:28:42.097 31216 31382 E GoogleSettingsUtils: 	at java.io.FileOutputStream.<init>(FileOutputStream.java:259)
06-22 23:28:42.097 31216 31382 E GoogleSettingsUtils: 	at android.app.ContextImpl.openFileOutput(ContextImpl.java:840)
06-22 23:28:42.097 31216 31382 E GoogleSettingsUtils: 	at bcxu.a(:com.google.android.gms@261934038@26.19.34 (260800-919740205):171)
06-22 23:28:42.097 31216 31382 E GoogleSettingsUtils: 	at bcze.a(:com.google.android.gms@261934038@26.19.34 (260800-919740205):824)
06-22 23:28:42.097 31216 31382 E GoogleSettingsUtils: 	at com.google.android.gms.checkin.CheckinIntentOperation.onHandleIntent(:com.google.android.gms@261934038@26.19.34 (260800-919740205):30)
06-22 23:28:42.097 31216 31382 E GoogleSettingsUtils: 	at com.google.android.chimera.IntentOperation.onHandleIntent(:com.google.android.gms@261934038@26.19.34 (260800-919740205):1)
06-22 23:28:42.097 31216 31382 E GoogleSettingsUtils: 	at bdmq.onHandleIntent(:com.google.android.gms@261934038@26.19.34 (260800-919740205):88)
06-22 23:28:42.097 31216 31382 E GoogleSettingsUtils: 	at abgs.run(:com.google.android.gms@261934038@26.19.34 (260800-919740205):58)
06-22 23:28:42.097 31216 31382 E GoogleSettingsUtils: 	at abgr.run(:com.google.android.gms@261934038@26.19.34 (260800-919740205):132)
06-22 23:28:42.097 31216 31382 E GoogleSettingsUtils: 	at hcps.run(:com.google.android.gms@261934038@26.19.34 (260800-919740205):23)
06-22 23:28:42.097 31216 31382 E GoogleSettingsUtils: 	at java.util.concurrent.ThreadPoolExecutor.runWorker(ThreadPoolExecutor.java:1100)
06-22 23:28:42.097 31216 31382 E GoogleSettingsUtils: 	at java.util.concurrent.ThreadPoolExecutor$Worker.run(ThreadPoolExecutor.java:624)
06-22 23:28:42.097 31216 31382 E GoogleSettingsUtils: 	at java.lang.Thread.run(Thread.java:1572)
06-22 23:28:42.097 31216 31382 E GoogleSettingsUtils: Caused by: android.system.ErrnoException: open failed: ENOENT (No such file or directory)
06-22 23:28:42.097 31216 31382 E GoogleSettingsUtils: 	at libcore.io.Linux.open(Native Method)
06-22 23:28:42.097 31216 31382 E GoogleSettingsUtils: 	at libcore.io.ForwardingOs.open(ForwardingOs.java:579)
06-22 23:28:42.097 31216 31382 E GoogleSettingsUtils: 	at libcore.io.BlockGuardOs.open(BlockGuardOs.java:274)
06-22 23:28:42.097 31216 31382 E GoogleSettingsUtils: 	at libcore.io.ForwardingOs.open(ForwardingOs.java:579)
06-22 23:28:42.097 31216 31382 E GoogleSettingsUtils: 	at android.app.AndroidForwardingOs.open(AndroidForwardingOs.java:120)
06-22 23:28:42.097 31216 31382 E GoogleSettingsUtils: 	at libcore.io.IoBridge.open(IoBridge.java:560)
06-22 23:28:42.097 31216 31382 E GoogleSettingsUtils: 	... 13 more
06-22 23:28:42.169 31216 32414 E SharedPreferencesImpl: Couldn't create directory for SharedPreferences file /data/user/0/com.google.android.gsf/shared_prefs/CheckinService.xml
06-22 23:28:43.639   685   685 E libbinder.IPCThreadState: Binder transaction failure. id: 1289444, cmd: BR_DEAD_REPLY (29189), error: -22 (Invalid argument)
06-22 23:28:43.651   685   809 E InputDispatcher: channel 'stylus-handwriting-event-receiver-0' ~ Channel is unrecoverably broken and will be disposed!
06-22 23:28:44.509 31216 31216 E ChimeraRcvrProxy: com.google.android.gms.backup.GmsBackupStatusChangeReceiver dropping broadcast com.google.gservices.intent.action.GSERVICES_CHANGED
06-22 23:28:45.325 32584 32584 F libc    : Fatal signal 4 (SIGILL), code 2 (ILL_ILLOPN), fault addr 0x78e2a1e180b1 in tid 32584 (gle.android.tts), pid 32584 (gle.android.tts)
06-22 23:28:45.451 31216 32678 E gle.android.gms: hiddenapi: Accessing hidden method Landroid/net/ConnectivityManager;->isNetworkTypeMobile(I)Z (runtime_flags=0, domain=platform, api=max-target-p) from Lccxf; (domain=app, TargetSdkVersion=37) using reflection: denied
06-22 23:28:45.451 31216 32678 E gle.android.gms: hiddenapi: Accessing hidden method Landroid/os/PowerManager;->isLightDeviceIdleMode()Z (runtime_flags=0, domain=platform, api=max-target-s) from Lccxf; (domain=app, TargetSdkVersion=37) using reflection: denied
06-22 23:28:46.195   685  1813 E libbinder.IPCThreadState: Binder transaction failure. id: 1290956, cmd: BR_DEAD_REPLY (29189), error: -3 (No such process)
06-22 23:28:46.258 31063 31215 E libbinder.IPCThreadState: Binder transaction failure. id: 1291006, cmd: BR_DEAD_REPLY (29189), error: -22 (Invalid argument)
06-22 23:28:46.357   302   311 E lowmemorykiller: process_mrelease 32653 failed: No such process
06-22 23:28:46.433 31063 31197 E libbinder.IPCThreadState: Binder transaction failure. id: 1291072, cmd: BR_DEAD_REPLY (29189), error: -22 (Invalid argument)
06-22 23:28:46.489 31063 31215 E libbinder.IPCThreadState: Binder transaction failure. id: 1291097, cmd: BR_DEAD_REPLY (29189), error: -22 (Invalid argument)
06-22 23:28:46.560   685   685 E JobServiceContext: Error sending onStart message to '.PhenotypeJobService' 
06-22 23:28:46.560   685   685 E JobServiceContext: android.os.DeadObjectException
06-22 23:28:46.560   685   685 E JobServiceContext: 	at android.os.BinderProxy.transactNative(Native Method)
06-22 23:28:46.560   685   685 E JobServiceContext: 	at android.os.BinderProxy.transact(BinderProxy.java:626)
06-22 23:28:46.560   685   685 E JobServiceContext: 	at android.app.job.IJobService$Stub$Proxy.startJob(IJobService.java:190)
06-22 23:28:46.560   685   685 E JobServiceContext: 	at com.android.server.job.JobServiceContext.handleServiceBoundLocked(JobServiceContext.java:1362)
06-22 23:28:46.560   685   685 E JobServiceContext: 	at com.android.server.job.JobServiceContext.doServiceBoundLocked(JobServiceContext.java:1271)
06-22 23:28:46.560   685   685 E JobServiceContext: 	at com.android.server.job.JobServiceContext.onServiceConnected(JobServiceContext.java:1125)
06-22 23:28:46.560   685   685 E JobServiceContext: 	at android.content.ServiceConnection.onServiceConnected(ServiceConnection.java:75)
06-22 23:28:46.560   685   685 E JobServiceContext: 	at android.app.LoadedApk$ServiceDispatcher.doConnected(LoadedApk.java:2453)
06-22 23:28:46.560   685   685 E JobServiceContext: 	at android.app.LoadedApk$ServiceDispatcher$RunConnection.run(LoadedApk.java:2489)
06-22 23:28:46.560   685   685 E JobServiceContext: 	at android.os.Handler.handleCallback(Handler.java:1095)
06-22 23:28:46.560   685   685 E JobServiceContext: 	at android.os.Handler.dispatchMessageImpl(Handler.java:135)
06-22 23:28:46.560   685   685 E JobServiceContext: 	at android.os.Handler.dispatchMessage(Handler.java:125)
06-22 23:28:46.560   685   685 E JobServiceContext: 	at android.os.Looper.loopOnce(Looper.java:296)
06-22 23:28:46.560   685   685 E JobServiceContext: 	at android.os.Looper.loop(Looper.java:397)
06-22 23:28:46.560   685   685 E JobServiceContext: 	at com.android.server.SystemServer.run(SystemServer.java:1097)
06-22 23:28:46.560   685   685 E JobServiceContext: 	at com.android.server.SystemServer.main(SystemServer.java:727)
06-22 23:28:46.560   685   685 E JobServiceContext: 	at java.lang.reflect.Method.invoke(Native Method)
06-22 23:28:46.560   685   685 E JobServiceContext: 	at com.android.internal.os.RuntimeInit$MethodAndArgsCaller.run(RuntimeInit.java:575)
06-22 23:28:46.560   685   685 E JobServiceContext: 	at com.android.internal.os.ZygoteInit.main(ZygoteInit.java:917)
06-22 23:28:47.156   685   809 E InputDispatcher: channel '[Gesture Monitor] swipe-up' ~ Channel is unrecoverably broken and will be disposed!
06-22 23:28:47.160   685   809 E InputDispatcher: channel '[Gesture Monitor] minus-one' ~ Channel is unrecoverably broken and will be disposed!
06-22 23:28:47.161   685   809 E InputDispatcher: channel '22e838d Taskbar' ~ Channel is unrecoverably broken and will be disposed!
06-22 23:28:47.179   685   809 E libbinder.IPCThreadState: Binder transaction failure. id: 1291454, cmd: BR_DEAD_REPLY (29189), error: -22 (Invalid argument)
06-22 23:28:47.252   513   513 E BpTransactionCompletedListener: Failed to transact (-32)
06-22 23:28:47.265   685  1244 E TransitionChain: Can't collect into a chain with no transition
06-22 23:28:47.265   685  1244 E TransitionChain: Can't collect into a chain with no transition
06-22 23:28:47.373   962  1022 E SingleInstanceRemoteListener: Failed remote call on null listener
06-22 23:28:48.297 31063 31215 E libbinder.IPCThreadState: Binder transaction failure. id: 1292269, cmd: BR_DEAD_REPLY (29189), error: -22 (Invalid argument)
06-22 23:28:48.358 31063 31215 E libbinder.IPCThreadState: Binder transaction failure. id: 1292312, cmd: BR_DEAD_REPLY (29189), error: -22 (Invalid argument)
06-22 23:28:48.412 31063 31218 E libbinder.IPCThreadState: Binder transaction failure. id: 1292376, cmd: BR_DEAD_REPLY (29189), error: -22 (Invalid argument)
06-22 23:28:48.641 32584 32745 E GoogleApiManager: Failed to get service from broker. 
06-22 23:28:48.641 32584 32745 E GoogleApiManager: java.lang.SecurityException: Unknown calling package name 'com.google.android.gms'.
06-22 23:28:48.641 32584 32745 E GoogleApiManager: 	at android.os.Parcel.createExceptionOrNull(Parcel.java:3392)
06-22 23:28:48.641 32584 32745 E GoogleApiManager: 	at android.os.Parcel.createException(Parcel.java:3376)
06-22 23:28:48.641 32584 32745 E GoogleApiManager: 	at android.os.Parcel.readException(Parcel.java:3359)
06-22 23:28:48.641 32584 32745 E GoogleApiManager: 	at android.os.Parcel.readException(Parcel.java:3301)
06-22 23:28:48.641 32584 32745 E GoogleApiManager: 	at bjrc.a(:com.google.android.gms@261934038@26.19.34 (260800-919740205):36)
06-22 23:28:48.641 32584 32745 E GoogleApiManager: 	at bjoy.z(:com.google.android.gms@261934038@26.19.34 (260800-919740205):143)
06-22 23:28:48.641 32584 32745 E GoogleApiManager: 	at biuu.run(:com.google.android.gms@261934038@26.19.34 (260800-919740205):42)
06-22 23:28:48.641 32584 32745 E GoogleApiManager: 	at android.os.Handler.handleCallback(Handler.java:1095)
06-22 23:28:48.641 32584 32745 E GoogleApiManager: 	at android.os.Handler.dispatchMessageImpl(Handler.java:135)
06-22 23:28:48.641 32584 32745 E GoogleApiManager: 	at android.os.Handler.dispatchMessage(Handler.java:125)
06-22 23:28:48.641 32584 32745 E GoogleApiManager: 	at dbbl.mJ(:com.google.android.gms@261934038@26.19.34 (260800-919740205):1)
06-22 23:28:48.641 32584 32745 E GoogleApiManager: 	at dbbl.dispatchMessage(:com.google.android.gms@261934038@26.19.34 (260800-919740205):5)
06-22 23:28:48.641 32584 32745 E GoogleApiManager: 	at android.os.Looper.loopOnce(Looper.java:296)
06-22 23:28:48.641 32584 32745 E GoogleApiManager: 	at android.os.Looper.loop(Looper.java:397)
06-22 23:28:48.641 32584 32745 E GoogleApiManager: 	at android.os.HandlerThread.run(HandlerThread.java:139)
06-22 23:28:48.771 31063 31218 E libbinder.IPCThreadState: Binder transaction failure. id: 1292521, cmd: BR_DEAD_REPLY (29189), error: -22 (Invalid argument)
06-22 23:28:48.781 31063 31218 E libbinder.IPCThreadState: Binder transaction failure. id: 1292525, cmd: BR_DEAD_REPLY (29189), error: -22 (Invalid argument)
06-22 23:28:48.812 31063 31215 E libbinder.IPCThreadState: Binder transaction failure. id: 1292485, cmd: BR_DEAD_REPLY (29189), error: -22 (Invalid argument)
06-22 23:28:48.948 31063 31218 E libbinder.IPCThreadState: Binder transaction failure. id: 1292615, cmd: BR_DEAD_REPLY (29189), error: -22 (Invalid argument)
06-22 23:28:49.016 31063 31215 E libbinder.IPCThreadState: Binder transaction failure. id: 1292597, cmd: BR_DEAD_REPLY (29189), error: -22 (Invalid argument)
06-22 23:28:49.030 31063 31215 E libbinder.IPCThreadState: Binder transaction failure. id: 1292676, cmd: BR_DEAD_REPLY (29189), error: -22 (Invalid argument)
06-22 23:28:49.252 31063 31218 E libbinder.IPCThreadState: Binder transaction failure. id: 1292844, cmd: BR_DEAD_REPLY (29189), error: -22 (Invalid argument)
06-22 23:28:49.290 32677 32677 F DEBUG   : *** *** *** *** *** *** *** *** *** *** *** *** *** *** *** ***
06-22 23:28:49.290 32677 32677 F DEBUG   : Build fingerprint: 'google/sdk_gphone16k_x86_64/emu64xa16k:17/CP21.260330.005/15181570:user/dev-keys'
06-22 23:28:49.290 32677 32677 F DEBUG   : Kernel Release: '6.12.58-android16-6-gccafb60de224-ab14828483'
06-22 23:28:49.290 32677 32677 F DEBUG   : Revision: '0'
06-22 23:28:49.290 32677 32677 F DEBUG   : ABI: 'x86_64'
