05-29 13:47:05.261   685 11152 E SettingsToPropertiesMapper: java.io.IOException: No such file or directory
05-29 13:47:05.261   685 11152 E SettingsToPropertiesMapper: 	at android.net.LocalSocketImpl.connectLocal(Native Method)
05-29 13:47:05.261   685 11152 E SettingsToPropertiesMapper: 	at android.net.LocalSocketImpl.connect(LocalSocketImpl.java:259)
05-29 13:47:05.261   685 11152 E SettingsToPropertiesMapper: 	at android.net.LocalSocket.connect(LocalSocket.java:162)
05-29 13:47:05.261   685 11152 E SettingsToPropertiesMapper: 	at com.android.server.am.SettingsToPropertiesMapper.sendAconfigdRequests(SettingsToPropertiesMapper.java:274)
05-29 13:47:05.261   685 11152 E SettingsToPropertiesMapper: 	at com.android.server.am.SettingsToPropertiesMapper.sendAconfigdRequests(SettingsToPropertiesMapper.java:253)
05-29 13:47:05.261   685 11152 E SettingsToPropertiesMapper: 	at com.android.server.am.SettingsToPropertiesMapper.stageFlagsInNewStorage(SettingsToPropertiesMapper.java:562)
05-29 13:47:05.261   685 11152 E SettingsToPropertiesMapper: 	at com.android.server.am.SettingsToPropertiesMapper.$r8$lambda$xaooDt4T3agG1Hk5_pT9j0XnxEM(SettingsToPropertiesMapper.java:220)
05-29 13:47:05.261   685 11152 E SettingsToPropertiesMapper: 	at com.android.server.am.SettingsToPropertiesMapper$$ExternalSyntheticLambda1.onPropertiesChanged(R8$$SyntheticClass:0)
05-29 13:47:05.261   685 11152 E SettingsToPropertiesMapper: 	at android.provider.DeviceConfig.lambda$handleChange$1(DeviceConfig.java:1805)
05-29 13:47:05.261   685 11152 E SettingsToPropertiesMapper: 	at android.provider.DeviceConfig$$ExternalSyntheticLambda0.run(D8$$SyntheticClass:0)
05-29 13:47:05.261   685 11152 E SettingsToPropertiesMapper: 	at java.util.concurrent.Executors$RunnableAdapter.call(Executors.java:520)
05-29 13:47:05.261   685 11152 E SettingsToPropertiesMapper: 	at java.util.concurrent.FutureTask.run(FutureTask.java:328)
05-29 13:47:05.261   685 11152 E SettingsToPropertiesMapper: 	at java.util.concurrent.ScheduledThreadPoolExecutor$ScheduledFutureTask.run(ScheduledThreadPoolExecutor.java:323)
05-29 13:47:05.261   685 11152 E SettingsToPropertiesMapper: 	at java.util.concurrent.ThreadPoolExecutor.runWorker(ThreadPoolExecutor.java:1100)
05-29 13:47:05.261   685 11152 E SettingsToPropertiesMapper: 	at java.util.concurrent.ThreadPoolExecutor$Worker.run(ThreadPoolExecutor.java:624)
05-29 13:47:05.261   685 11152 E SettingsToPropertiesMapper: 	at java.lang.Thread.run(Thread.java:1572)
05-29 13:47:05.261   685 11152 E SettingsToPropertiesMapper: invalid flag name: test_flag
05-29 13:47:05.317   685 11152 E SettingsToPropertiesMapper: invalid flag name: test_voyager_e2e_flag_1
05-29 13:47:05.883   685 11152 E SettingsToPropertiesMapper: invalid flag name: allow_freezing_idle_nls
05-29 13:47:05.888   685 11152 E SettingsToPropertiesMapper: invalid flag name: limit_per_uid_cumulative_workitem_size
05-29 13:47:06.191   685   685 E DeviceConfig: Parsing int failed for location_mode
05-29 13:47:07.262   685  1809 E SettingsToPropertiesMapper: key=persist.device_config.storage_native_boot.transcode_compat_manifest value=com.yelp.android,0,com.yy.biu,0,com.groupme.android,0,air.tv.douyu.android,0,com.baidu.mbaby,0,com.vlocker.locker,0,com.znxh.hyhuo,0,com.yixia.xiaokaxiu,0 exceeds system property max length.
05-29 13:47:28.842   685  1809 E SettingsToPropertiesMapper: key=persist.device_config.storage_native_boot.transcode_compat_manifest value=com.yelp.android,0,com.yy.biu,0,com.groupme.android,0,air.tv.douyu.android,0,com.baidu.mbaby,0,com.vlocker.locker,0,com.znxh.hyhuo,0,com.yixia.xiaokaxiu,0 exceeds system property max length.
05-29 13:47:31.441   685  1809 E SettingsToPropertiesMapper: key=persist.device_config.configuration.AdbWritableFlags__adb_writable_flags_list value=adservices/disable_sdk_sandbox,adservices/enforce_broadcast_receiver_restrictions,adservices/fledge_ad_selection_enforce_foreground_status_custom_audience,adservices/fledge_custom_audience_max_count,adservices/fledge_custom_audience_max_num_ads,adservices/fledge_custom_audience_max_owner_count,adservices/fledge_custom_audience_per_app_max_count,adservices/fledge_js_isolate_enforce_max_heap_size,adservices/fledge_js_isolate_max_heap_size_bytes,adservices/sdk_request_permits_per_second,adservices/sdksandbox_customized_sdk_context_enabled,configuration/namespace_to_package_mapping,constrain_display_apis/always_constrain_display_apis,constrain_display_apis/never_constrain_display_apis,constrain_display_apis/never_constrain_display_apis_all_packages,device_policy_manager/disable_resources_updatability,flipendo/default_savings_mode_launch,flipendo/essential_apps,flipendo/flipendo_enabled_launch,flipendo/grayscale_enabled_launch,flipendo/lever_ble_scanning_enabled_launch,flipendo/lever_hotspot_enabled_launch,flipendo/lever_work_profile_enabled_launch,flipendo/resuspend_delay_minutes,namespace/key,namespace1/key1,namespace1/key2,namespace2/key1,namespace2/key2,package_manager_service/incfs_default_timeouts,package_manager_service/known_digesters_list,privacy/location_access_check_periodic_interval_millis,rollback/enable_rollback_timeout,rollback/watchdog_explicit_health_check_enabled,rollback/watchdog_request_timeout_millis,rollback/watchdog_trigger_failure_count,rollback/watchdog_trigger_failure_duration_millis,rollback_boot/rollback_lifetime_in_millis,systemui/nas_generate_actions,systemui/nas_generate_replies,systemui/nas_max_messages_to_extract,systemui/nas_max_suggestions,testspace/another,testspace/flagname,textclassifier/config_updater_model_enabled,textclassifier/key,textclassifier/key2,textclassifier/manifest_url_annotator_en,textclassifier/manifest_url_annotator_ru,textclassifier/model_download_backoff_delay_in_millis,textclassifier/model_download_manager_enabled,textclassifier/multi_language_support_enabled,textclassifier/testing_locale_list_override,textclassifier/textclassifier_service_package_override,window_manager/enable_default_rescind_bal_privileges_from_pending_intent_sender,wrong/nas_generate_replies, exceeds system property max length.
05-29 13:47:32.138   685   685 E DeviceConfig: Parsing int failed for location_mode
05-29 13:47:42.085   685   714 E AppOps  : attributionTag UwbCountryCode not declared in manifest of android
05-29 13:49:00.613   685   707 E SystemServiceRegistry: Manager wrapper not available: persistent_data_block
05-29 13:49:06.307   685   722 E PackageManager: Optimistic bind failed.
05-29 13:49:06.307   685   722 E PackageManager: java.util.concurrent.TimeoutException: [Optimistic Bind] Didn't bind to resolver in time!
05-29 13:49:06.307   685   722 E PackageManager: 	at com.android.server.pm.InstantAppResolverConnection.waitForBindLocked(InstantAppResolverConnection.java:160)
05-29 13:49:06.307   685   722 E PackageManager: 	at com.android.server.pm.InstantAppResolverConnection.bind(InstantAppResolverConnection.java:230)
05-29 13:49:06.307   685   722 E PackageManager: 	at com.android.server.pm.InstantAppResolverConnection.lambda$optimisticBind$0(InstantAppResolverConnection.java:260)
05-29 13:49:06.307   685   722 E PackageManager: 	at com.android.server.pm.InstantAppResolverConnection.$r8$lambda$66W2s2mMKe4pk_xXCScH9RCqav8(InstantAppResolverConnection.java:0)
05-29 13:49:06.307   685   722 E PackageManager: 	at com.android.server.pm.InstantAppResolverConnection$$ExternalSyntheticLambda0.run(R8$$SyntheticClass:0)
05-29 13:49:06.307   685   722 E PackageManager: 	at android.os.Handler.handleCallback(Handler.java:1095)
05-29 13:49:06.307   685   722 E PackageManager: 	at android.os.Handler.dispatchMessageImpl(Handler.java:135)
05-29 13:49:06.307   685   722 E PackageManager: 	at android.os.Handler.dispatchMessage(Handler.java:125)
05-29 13:49:06.307   685   722 E PackageManager: 	at android.os.Looper.loopOnce(Looper.java:296)
05-29 13:49:06.307   685   722 E PackageManager: 	at android.os.Looper.loop(Looper.java:397)
05-29 13:49:06.307   685   722 E PackageManager: 	at android.os.HandlerThread.run(HandlerThread.java:139)
05-29 13:49:09.151   685   722 E PackageManager: Optimistic bind failed.
05-29 13:49:09.151   685   722 E PackageManager: java.util.concurrent.TimeoutException: [Optimistic Bind] Didn't bind to resolver in time!
05-29 13:49:09.151   685   722 E PackageManager: 	at com.android.server.pm.InstantAppResolverConnection.waitForBindLocked(InstantAppResolverConnection.java:160)
05-29 13:49:09.151   685   722 E PackageManager: 	at com.android.server.pm.InstantAppResolverConnection.bind(InstantAppResolverConnection.java:230)
05-29 13:49:09.151   685   722 E PackageManager: 	at com.android.server.pm.InstantAppResolverConnection.lambda$optimisticBind$0(InstantAppResolverConnection.java:260)
05-29 13:49:09.151   685   722 E PackageManager: 	at com.android.server.pm.InstantAppResolverConnection.$r8$lambda$66W2s2mMKe4pk_xXCScH9RCqav8(InstantAppResolverConnection.java:0)
05-29 13:49:09.151   685   722 E PackageManager: 	at com.android.server.pm.InstantAppResolverConnection$$ExternalSyntheticLambda0.run(R8$$SyntheticClass:0)
05-29 13:49:09.151   685   722 E PackageManager: 	at android.os.Handler.handleCallback(Handler.java:1095)
05-29 13:49:09.151   685   722 E PackageManager: 	at android.os.Handler.dispatchMessageImpl(Handler.java:135)
05-29 13:49:09.151   685   722 E PackageManager: 	at android.os.Handler.dispatchMessage(Handler.java:125)
05-29 13:49:09.151   685   722 E PackageManager: 	at android.os.Looper.loopOnce(Looper.java:296)
05-29 13:49:09.151   685   722 E PackageManager: 	at android.os.Looper.loop(Looper.java:397)
05-29 13:49:09.151   685   722 E PackageManager: 	at android.os.HandlerThread.run(HandlerThread.java:139)
05-29 13:49:20.280 13613 13685 E ActivityThread: Failed to find provider info for androidx.car.app.connection
05-29 13:49:21.832   685   789 E JobServiceContext: Error sending onNetworkChanged to client.
05-29 13:49:21.832   685   789 E JobServiceContext: android.os.DeadObjectException
05-29 13:49:21.832   685   789 E JobServiceContext: 	at android.os.BinderProxy.transactNative(Native Method)
05-29 13:49:21.832   685   789 E JobServiceContext: 	at android.os.BinderProxy.transact(BinderProxy.java:626)
05-29 13:49:21.832   685   789 E JobServiceContext: 	at android.app.job.IJobService$Stub$Proxy.onNetworkChanged(IJobService.java:216)
05-29 13:49:21.832   685   789 E JobServiceContext: 	at com.android.server.job.JobServiceContext.informOfNetworkChangeLocked(JobServiceContext.java:806)
05-29 13:49:21.832   685   789 E JobServiceContext: 	at com.android.server.job.JobSchedulerService.onNetworkChanged(JobSchedulerService.java:2763)
05-29 13:49:21.832   685   789 E JobServiceContext: 	at com.android.server.job.controllers.ConnectivityController.updateConstraintsSatisfied(ConnectivityController.java:1447)
05-29 13:49:21.832   685   789 E JobServiceContext: 	at com.android.server.job.controllers.ConnectivityController.updateTrackedJobsLocked(ConnectivityController.java:1541)
05-29 13:49:21.832   685   789 E JobServiceContext: 	at com.android.server.job.controllers.ConnectivityController.updateTrackedJobsLocked(ConnectivityController.java:1500)
05-29 13:49:21.832   685   789 E JobServiceContext: 	at com.android.server.job.controllers.ConnectivityController.-$$Nest$mupdateTrackedJobsLocked(ConnectivityController.java:0)
05-29 13:49:21.832   685   789 E JobServiceContext: 	at com.android.server.job.controllers.ConnectivityController$UidDefaultNetworkCallback.onBlockedStatusChanged(ConnectivityController.java:2109)
05-29 13:49:21.832   685   789 E JobServiceContext: 	at android.net.ConnectivityManager$CallbackHandler.handleMessage(ConnectivityManager.java:4719)
05-29 13:49:21.832   685   789 E JobServiceContext: 	at android.os.Handler.dispatchMessageImpl(Handler.java:142)
05-29 13:49:21.832   685   789 E JobServiceContext: 	at android.os.Handler.dispatchMessage(Handler.java:125)
05-29 13:49:21.832   685   789 E JobServiceContext: 	at android.os.Looper.loopOnce(Looper.java:296)
05-29 13:49:21.832   685   789 E JobServiceContext: 	at android.os.Looper.loop(Looper.java:397)
05-29 13:49:21.832   685   789 E JobServiceContext: 	at android.os.HandlerThread.run(HandlerThread.java:139)
05-29 13:49:24.105   685   722 E PackageManager: Optimistic bind failed.
05-29 13:49:24.105   685   722 E PackageManager: java.util.concurrent.TimeoutException: [Optimistic Bind] Didn't bind to resolver in time!
05-29 13:49:24.105   685   722 E PackageManager: 	at com.android.server.pm.InstantAppResolverConnection.waitForBindLocked(InstantAppResolverConnection.java:160)
05-29 13:49:24.105   685   722 E PackageManager: 	at com.android.server.pm.InstantAppResolverConnection.bind(InstantAppResolverConnection.java:230)
05-29 13:49:24.105   685   722 E PackageManager: 	at com.android.server.pm.InstantAppResolverConnection.lambda$optimisticBind$0(InstantAppResolverConnection.java:260)
05-29 13:49:24.105   685   722 E PackageManager: 	at com.android.server.pm.InstantAppResolverConnection.$r8$lambda$66W2s2mMKe4pk_xXCScH9RCqav8(InstantAppResolverConnection.java:0)
05-29 13:49:24.105   685   722 E PackageManager: 	at com.android.server.pm.InstantAppResolverConnection$$ExternalSyntheticLambda0.run(R8$$SyntheticClass:0)
05-29 13:49:24.105   685   722 E PackageManager: 	at android.os.Handler.handleCallback(Handler.java:1095)
05-29 13:49:24.105   685   722 E PackageManager: 	at android.os.Handler.dispatchMessageImpl(Handler.java:135)
05-29 13:49:24.105   685   722 E PackageManager: 	at android.os.Handler.dispatchMessage(Handler.java:125)
05-29 13:49:24.105   685   722 E PackageManager: 	at android.os.Looper.loopOnce(Looper.java:296)
05-29 13:49:24.105   685   722 E PackageManager: 	at android.os.Looper.loop(Looper.java:397)
05-29 13:49:24.105   685   722 E PackageManager: 	at android.os.HandlerThread.run(HandlerThread.java:139)
05-29 13:49:25.000   685  1821 E AppOps  : Bad call made by uid 1000. Package "com.google.android.googlequicksearchbox" does not belong to uid 1000.
05-29 13:49:29.479   685   864 E AppOps  : attributionTag VCN not declared in manifest of android
05-29 13:49:29.507   685   864 E AppOps  : attributionTag VCN not declared in manifest of android
05-29 13:49:30.498   685  1058 E AppOps  : attributionTag VCN not declared in manifest of android
05-29 13:49:43.619 14594 14697 E ActivityThread: Failed to find provider info for androidx.car.app.connection
05-29 13:49:44.626 14303 14752 E ActivityThread: Failed to find provider info for androidx.car.app.connection
05-29 13:52:19.763   685  1073 E SystemServiceRegistry: Manager wrapper not available: persistent_data_block
05-29 13:52:35.710   685   723 E ActivityManager: Unable to freeze binder for 15073: -11
05-29 13:52:35.747   685   723 E ActivityManager: Unable to freeze binder for 13906: -11
05-29 13:52:36.041   685   864 E AppOps  : attributionTag VCN not declared in manifest of android
05-29 13:52:37.095   685  1808 E AppOps  : attributionTag VCN not declared in manifest of android
05-29 13:53:00.519   685  1809 E SettingsToPropertiesMapper: key=persist.device_config.storage_native_boot.transcode_compat_manifest value=com.yelp.android,0,com.yy.biu,0,com.groupme.android,0,air.tv.douyu.android,0,com.baidu.mbaby,0,com.vlocker.locker,0,com.znxh.hyhuo,0,com.yixia.xiaokaxiu,0 exceeds system property max length.
05-29 13:53:02.906   685  1809 E SettingsToPropertiesMapper: key=persist.device_config.configuration.AdbWritableFlags__adb_writable_flags_list value=adservices/disable_sdk_sandbox,adservices/enforce_broadcast_receiver_restrictions,adservices/fledge_ad_selection_enforce_foreground_status_custom_audience,adservices/fledge_custom_audience_max_count,adservices/fledge_custom_audience_max_num_ads,adservices/fledge_custom_audience_max_owner_count,adservices/fledge_custom_audience_per_app_max_count,adservices/fledge_js_isolate_enforce_max_heap_size,adservices/fledge_js_isolate_max_heap_size_bytes,adservices/sdk_request_permits_per_second,adservices/sdksandbox_customized_sdk_context_enabled,configuration/namespace_to_package_mapping,constrain_display_apis/always_constrain_display_apis,constrain_display_apis/never_constrain_display_apis,constrain_display_apis/never_constrain_display_apis_all_packages,device_policy_manager/disable_resources_updatability,flipendo/default_savings_mode_launch,flipendo/essential_apps,flipendo/flipendo_enabled_launch,flipendo/grayscale_enabled_launch,flipendo/lever_ble_scanning_enabled_launch,flipendo/lever_hotspot_enabled_launch,flipendo/lever_work_profile_enabled_launch,flipendo/resuspend_delay_minutes,namespace/key,namespace1/key1,namespace1/key2,namespace2/key1,namespace2/key2,package_manager_service/incfs_default_timeouts,package_manager_service/known_digesters_list,privacy/location_access_check_periodic_interval_millis,rollback/enable_rollback_timeout,rollback/watchdog_explicit_health_check_enabled,rollback/watchdog_request_timeout_millis,rollback/watchdog_trigger_failure_count,rollback/watchdog_trigger_failure_duration_millis,rollback_boot/rollback_lifetime_in_millis,systemui/nas_generate_actions,systemui/nas_generate_replies,systemui/nas_max_messages_to_extract,systemui/nas_max_suggestions,testspace/another,testspace/flagname,textclassifier/config_updater_model_enabled,textclassifier/key,textclassifier/key2,textclassifier/manifest_url_annotator_en,textclassifier/manifest_url_annotator_ru,textclassifier/model_download_backoff_delay_in_millis,textclassifier/model_download_manager_enabled,textclassifier/multi_language_support_enabled,textclassifier/testing_locale_list_override,textclassifier/textclassifier_service_package_override,window_manager/enable_default_rescind_bal_privileges_from_pending_intent_sender,wrong/nas_generate_replies, exceeds system property max length.
05-29 13:53:03.552   685   685 E DeviceConfig: Parsing int failed for location_mode
05-29 14:12:26.958   685   708 E SystemServiceRegistry: Manager wrapper not available: persistent_data_block
05-29 14:12:27.480   685   864 E AppOps  : attributionTag VCN not declared in manifest of android
05-29 14:12:27.481   685   864 E AppOps  : attributionTag VCN not declared in manifest of android
05-29 14:12:29.651   685  1062 E AppOps  : Bad call made by uid 1000. Package "com.google.android.googlequicksearchbox" does not belong to uid 1000.
05-29 14:12:31.282   685  1703 E TaskPersister: File error accessing recents directory (directory doesn't exist?).
05-29 14:12:39.982 13973 13973 E SearchUiService: Failed to unregister for updates for unknown session: com.google.android.apps.nexuslauncher:2fd4f7a5-c3a2-43a5-bcc2-08add1d367de,0
05-29 14:12:41.052   685   685 E JobServiceContext: Error sending onStart message to '.PhenotypeJobService' 
05-29 14:12:41.052   685   685 E JobServiceContext: android.os.DeadObjectException
05-29 14:12:41.052   685   685 E JobServiceContext: 	at android.os.BinderProxy.transactNative(Native Method)
05-29 14:12:41.052   685   685 E JobServiceContext: 	at android.os.BinderProxy.transact(BinderProxy.java:626)
05-29 14:12:41.052   685   685 E JobServiceContext: 	at android.app.job.IJobService$Stub$Proxy.startJob(IJobService.java:190)
05-29 14:12:41.052   685   685 E JobServiceContext: 	at com.android.server.job.JobServiceContext.handleServiceBoundLocked(JobServiceContext.java:1362)
05-29 14:12:41.052   685   685 E JobServiceContext: 	at com.android.server.job.JobServiceContext.doServiceBoundLocked(JobServiceContext.java:1271)
05-29 14:12:41.052   685   685 E JobServiceContext: 	at com.android.server.job.JobServiceContext.onServiceConnected(JobServiceContext.java:1125)
05-29 14:12:41.052   685   685 E JobServiceContext: 	at android.content.ServiceConnection.onServiceConnected(ServiceConnection.java:75)
05-29 14:12:41.052   685   685 E JobServiceContext: 	at android.app.LoadedApk$ServiceDispatcher.doConnected(LoadedApk.java:2453)
05-29 14:12:41.052   685   685 E JobServiceContext: 	at android.app.LoadedApk$ServiceDispatcher$RunConnection.run(LoadedApk.java:2489)
05-29 14:12:41.052   685   685 E JobServiceContext: 	at android.os.Handler.handleCallback(Handler.java:1095)
05-29 14:12:41.052   685   685 E JobServiceContext: 	at android.os.Handler.dispatchMessageImpl(Handler.java:135)
05-29 14:12:41.052   685   685 E JobServiceContext: 	at android.os.Handler.dispatchMessage(Handler.java:125)
05-29 14:12:41.052   685   685 E JobServiceContext: 	at android.os.Looper.loopOnce(Looper.java:296)
05-29 14:12:41.052   685   685 E JobServiceContext: 	at android.os.Looper.loop(Looper.java:397)
05-29 14:12:41.052   685   685 E JobServiceContext: 	at com.android.server.SystemServer.run(SystemServer.java:1097)
05-29 14:12:41.052   685   685 E JobServiceContext: 	at com.android.server.SystemServer.main(SystemServer.java:727)
05-29 14:12:41.052   685   685 E JobServiceContext: 	at java.lang.reflect.Method.invoke(Native Method)
05-29 14:12:41.052   685   685 E JobServiceContext: 	at com.android.internal.os.RuntimeInit$MethodAndArgsCaller.run(RuntimeInit.java:575)
05-29 14:12:41.052   685   685 E JobServiceContext: 	at com.android.internal.os.ZygoteInit.main(ZygoteInit.java:917)
05-29 14:15:56.744   685  1703 E TaskPersister: File error accessing recents directory (directory doesn't exist?).
05-29 14:50:40.495   447   494 E FrameworkListener: read() failed (Connection reset by peer)
06-22 23:11:41.183   685  1062 E AppOps  : Bad call made by uid 1000. Package "com.google.android.googlequicksearchbox" does not belong to uid 1000.
--------- beginning of crash
06-22 23:11:53.252 20139 20181 F libc    : Fatal signal 4 (SIGILL), code 2 (ILL_ILLOPN), fault addr 0x78e2a387c0b1 in tid 20181 (SynthThread), pid 20139 (gle.android.tts)
06-22 23:11:54.673 20226 20226 F DEBUG   : *** *** *** *** *** *** *** *** *** *** *** *** *** *** *** ***
06-22 23:11:54.673 20226 20226 F DEBUG   : Build fingerprint: 'google/sdk_gphone16k_x86_64/emu64xa16k:17/CP21.260330.005/15181570:user/dev-keys'
06-22 23:11:54.673 20226 20226 F DEBUG   : Kernel Release: '6.12.58-android16-6-gccafb60de224-ab14828483'
06-22 23:11:54.673 20226 20226 F DEBUG   : Revision: '0'
06-22 23:11:54.673 20226 20226 F DEBUG   : ABI: 'x86_64'
06-22 23:11:54.673 20226 20226 F DEBUG   : Timestamp: 2026-06-22 23:11:53.473503800+0530
06-22 23:11:54.673 20226 20226 F DEBUG   : Process uptime: 4s
06-22 23:11:54.673 20226 20226 F DEBUG   : Page size: 16384 bytes
06-22 23:11:54.673 20226 20226 F DEBUG   : Executable: /system/bin/app_process64
06-22 23:11:54.673 20226 20226 F DEBUG   : Cmdline: com.google.android.tts
06-22 23:11:54.673 20226 20226 F DEBUG   : pid: 20139, ppid: 449, tid: 20181, name: SynthThread  >>> com.google.android.tts <<<
06-22 23:11:54.673 20226 20226 F DEBUG   : uid: 10166
06-22 23:11:54.673 20226 20226 F DEBUG   : signal 4 (SIGILL), code 2 (ILL_ILLOPN), fault addr 0x000078e2a387c0b1 (read)
06-22 23:11:54.673 20226 20226 F DEBUG   :     rax 0000000000000000  rbx 0000000000000001  rcx 0000000000000000  rdx 0000000000000000
06-22 23:11:54.673 20226 20226 F DEBUG   :     r8  000000000f8bfbff  r9  00000000000b06a3  r10 000078e4cc0280f0  r11 0000000000000001
06-22 23:11:54.673 20226 20226 F DEBUG   :     r12 0000000000000000  r13 0000000000000005  r14 0000009f938e0002  r15 0000008000000000
06-22 23:11:54.673 20226 20226 F DEBUG   :     rdi 00000000f6da3203  rsi 0000000001000800
06-22 23:11:54.673 20226 20226 F DEBUG   :     rbp 0000000000000001  rsp 000078e376984100  rip 000078e2a387c0b1  err 0000000000000000
06-22 23:11:54.673 20226 20226 F DEBUG   : 55 total frames
06-22 23:11:54.673 20226 20226 F DEBUG   : backtrace:
06-22 23:11:54.673 20226 20226 F DEBUG   :       #00 pc 0000000001ba40b1  /product/app/GoogleTTS/GoogleTTS.apk!libgoogle_speech_sbg_tts_jni.so (offset 0x1e10000) (BuildId: fa8c458cf4b31cd6900e84ab88e886ea)
06-22 23:11:54.673 20226 20226 F DEBUG   :       #01 pc 000000000127127f  /product/app/GoogleTTS/GoogleTTS.apk!libgoogle_speech_sbg_tts_jni.so (offset 0x1e10000) (BuildId: fa8c458cf4b31cd6900e84ab88e886ea)
06-22 23:11:54.673 20226 20226 F DEBUG   :       #02 pc 0000000001ba4887  /product/app/GoogleTTS/GoogleTTS.apk!libgoogle_speech_sbg_tts_jni.so (offset 0x1e10000) (BuildId: fa8c458cf4b31cd6900e84ab88e886ea)
06-22 23:11:54.673 20226 20226 F DEBUG   :       #03 pc 0000000001ba48bb  /product/app/GoogleTTS/GoogleTTS.apk!libgoogle_speech_sbg_tts_jni.so (offset 0x1e10000) (BuildId: fa8c458cf4b31cd6900e84ab88e886ea)
06-22 23:11:54.673 20226 20226 F DEBUG   :       #04 pc 0000000001ba0e9e  /product/app/GoogleTTS/GoogleTTS.apk!libgoogle_speech_sbg_tts_jni.so (offset 0x1e10000) (BuildId: fa8c458cf4b31cd6900e84ab88e886ea)
06-22 23:11:54.673 20226 20226 F DEBUG   :       #05 pc 0000000001992eaf  /product/app/GoogleTTS/GoogleTTS.apk!libgoogle_speech_sbg_tts_jni.so (offset 0x1e10000) (BuildId: fa8c458cf4b31cd6900e84ab88e886ea)
06-22 23:11:54.673 20226 20226 F DEBUG   :       #06 pc 0000000001992d7e  /product/app/GoogleTTS/GoogleTTS.apk!libgoogle_speech_sbg_tts_jni.so (offset 0x1e10000) (BuildId: fa8c458cf4b31cd6900e84ab88e886ea)
06-22 23:11:54.673 20226 20226 F DEBUG   :       #07 pc 0000000001992d34  /product/app/GoogleTTS/GoogleTTS.apk!libgoogle_speech_sbg_tts_jni.so (offset 0x1e10000) (BuildId: fa8c458cf4b31cd6900e84ab88e886ea)
06-22 23:11:54.673 20226 20226 F DEBUG   :       #08 pc 0000000001992c5d  /product/app/GoogleTTS/GoogleTTS.apk!libgoogle_speech_sbg_tts_jni.so (offset 0x1e10000) (BuildId: fa8c458cf4b31cd6900e84ab88e886ea)
06-22 23:11:54.673 20226 20226 F DEBUG   :       #09 pc 0000000001992a2b  /product/app/GoogleTTS/GoogleTTS.apk!libgoogle_speech_sbg_tts_jni.so (offset 0x1e10000) (BuildId: fa8c458cf4b31cd6900e84ab88e886ea)
06-22 23:11:54.673 20226 20226 F DEBUG   :       #10 pc 0000000001b9cdf8  /product/app/GoogleTTS/GoogleTTS.apk!libgoogle_speech_sbg_tts_jni.so (offset 0x1e10000) (BuildId: fa8c458cf4b31cd6900e84ab88e886ea)
06-22 23:11:54.673 20226 20226 F DEBUG   :       #11 pc 0000000001b9cc80  /product/app/GoogleTTS/GoogleTTS.apk!libgoogle_speech_sbg_tts_jni.so (offset 0x1e10000) (BuildId: fa8c458cf4b31cd6900e84ab88e886ea)
06-22 23:11:54.673 20226 20226 F DEBUG   :       #12 pc 0000000001b9cb1e  /product/app/GoogleTTS/GoogleTTS.apk!libgoogle_speech_sbg_tts_jni.so (offset 0x1e10000) (BuildId: fa8c458cf4b31cd6900e84ab88e886ea)
06-22 23:11:54.673 20226 20226 F DEBUG   :       #13 pc 00000000019f3fda  /product/app/GoogleTTS/GoogleTTS.apk!libgoogle_speech_sbg_tts_jni.so (offset 0x1e10000) (BuildId: fa8c458cf4b31cd6900e84ab88e886ea)
06-22 23:11:54.673 20226 20226 F DEBUG   :       #14 pc 00000000019f3f7f  /product/app/GoogleTTS/GoogleTTS.apk!libgoogle_speech_sbg_tts_jni.so (offset 0x1e10000) (BuildId: fa8c458cf4b31cd6900e84ab88e886ea)
06-22 23:11:54.673 20226 20226 F DEBUG   :       #15 pc 00000000019f3d77  /product/app/GoogleTTS/GoogleTTS.apk!libgoogle_speech_sbg_tts_jni.so (offset 0x1e10000) (BuildId: fa8c458cf4b31cd6900e84ab88e886ea)
06-22 23:11:54.673 20226 20226 F DEBUG   :       #16 pc 00000000019f3c7e  /product/app/GoogleTTS/GoogleTTS.apk!libgoogle_speech_sbg_tts_jni.so (offset 0x1e10000) (BuildId: fa8c458cf4b31cd6900e84ab88e886ea)
06-22 23:11:54.673 20226 20226 F DEBUG   :       #17 pc 00000000019e8153  /product/app/GoogleTTS/GoogleTTS.apk!libgoogle_speech_sbg_tts_jni.so (offset 0x1e10000) (BuildId: fa8c458cf4b31cd6900e84ab88e886ea)
06-22 23:11:54.673 20226 20226 F DEBUG   :       #18 pc 0000000001021782  /product/app/GoogleTTS/GoogleTTS.apk!libgoogle_speech_sbg_tts_jni.so (offset 0x1e10000) (BuildId: fa8c458cf4b31cd6900e84ab88e886ea)
06-22 23:11:54.673 20226 20226 F DEBUG   :       #19 pc 00000000019e8d40  /product/app/GoogleTTS/GoogleTTS.apk!libgoogle_speech_sbg_tts_jni.so (offset 0x1e10000) (BuildId: fa8c458cf4b31cd6900e84ab88e886ea)
06-22 23:11:54.673 20226 20226 F DEBUG   :       #20 pc 00000000019e8b3c  /product/app/GoogleTTS/GoogleTTS.apk!libgoogle_speech_sbg_tts_jni.so (offset 0x1e10000) (BuildId: fa8c458cf4b31cd6900e84ab88e886ea)
06-22 23:11:54.673 20226 20226 F DEBUG   :       #21 pc 00000000017bdc32  /product/app/GoogleTTS/GoogleTTS.apk!libgoogle_speech_sbg_tts_jni.so (offset 0x1e10000) (BuildId: fa8c458cf4b31cd6900e84ab88e886ea)
06-22 23:11:54.673 20226 20226 F DEBUG   :       #22 pc 00000000017bd92f  /product/app/GoogleTTS/GoogleTTS.apk!libgoogle_speech_sbg_tts_jni.so (offset 0x1e10000) (BuildId: fa8c458cf4b31cd6900e84ab88e886ea)
06-22 23:11:54.673 20226 20226 F DEBUG   :       #23 pc 00000000017bd784  /product/app/GoogleTTS/GoogleTTS.apk!libgoogle_speech_sbg_tts_jni.so (offset 0x1e10000) (BuildId: fa8c458cf4b31cd6900e84ab88e886ea)
06-22 23:11:54.673 20226 20226 F DEBUG   :       #24 pc 0000000001021770  /product/app/GoogleTTS/GoogleTTS.apk!libgoogle_speech_sbg_tts_jni.so (offset 0x1e10000) (BuildId: fa8c458cf4b31cd6900e84ab88e886ea)
06-22 23:11:54.673 20226 20226 F DEBUG   :       #25 pc 00000000017c0836  /product/app/GoogleTTS/GoogleTTS.apk!libgoogle_speech_sbg_tts_jni.so (offset 0x1e10000) (BuildId: fa8c458cf4b31cd6900e84ab88e886ea)
06-22 23:11:54.673 20226 20226 F DEBUG   :       #26 pc 00000000017be9c3  /product/app/GoogleTTS/GoogleTTS.apk!libgoogle_speech_sbg_tts_jni.so (offset 0x1e10000) (BuildId: fa8c458cf4b31cd6900e84ab88e886ea)
06-22 23:11:54.673 20226 20226 F DEBUG   :       #27 pc 00000000017b3fd3  /product/app/GoogleTTS/GoogleTTS.apk!libgoogle_speech_sbg_tts_jni.so (offset 0x1e10000) (BuildId: fa8c458cf4b31cd6900e84ab88e886ea)
06-22 23:11:54.673 20226 20226 F DEBUG   :       #28 pc 00000000017b10a7  /product/app/GoogleTTS/GoogleTTS.apk!libgoogle_speech_sbg_tts_jni.so (offset 0x1e10000) (Java_com_google_android_apps_speech_tts_googletts_local_greco3_AndroidComposerImpl_jniInitMonolithic+175) (BuildId: fa8c458cf4b31cd6900e84ab88e886ea)
06-22 23:11:54.673 20226 20226 F DEBUG   :       #29 pc 000000000022ccab  /apex/com.android.art/lib64/libart.so (art_quick_generic_jni_trampoline+219) (BuildId: 6f501445ab44be8f30fb680128550143)
06-22 23:11:54.674 20226 20226 F DEBUG   :       #30 pc 0000000000209f97  /apex/com.android.art/lib64/libart.so (nterp_helper+5643) (BuildId: 6f501445ab44be8f30fb680128550143)
06-22 23:11:54.674 20226 20226 F DEBUG   :       #31 pc 0000000000383b56  /product/app/GoogleTTS/GoogleTTS.apk (offset 0xdf8000) (com.google.android.apps.speech.tts.googletts.local.greco3.AndroidComposerImpl.initComposerMonolithic+106)
06-22 23:11:54.674 20226 20226 F DEBUG   :       #32 pc 000000000020a581  /apex/com.android.art/lib64/libart.so (nterp_helper+7157) (BuildId: 6f501445ab44be8f30fb680128550143)
06-22 23:11:54.674 20226 20226 F DEBUG   :       #33 pc 00000000003825ce  /product/app/GoogleTTS/GoogleTTS.apk (offset 0xdf8000) (cvm.c+2642)
06-22 23:11:54.674 20226 20226 F DEBUG   :       #34 pc 0000000000209824  /apex/com.android.art/lib64/libart.so (nterp_helper+3736) (BuildId: 6f501445ab44be8f30fb680128550143)
06-22 23:11:54.674 20226 20226 F DEBUG   :       #35 pc 0000000000383752  /product/app/GoogleTTS/GoogleTTS.apk (offset 0xdf8000) (cvm.d+2)
06-22 23:11:54.674 20226 20226 F DEBUG   :       #36 pc 0000000000209824  /apex/com.android.art/lib64/libart.so (nterp_helper+3736) (BuildId: 6f501445ab44be8f30fb680128550143)
06-22 23:11:54.674 20226 20226 F DEBUG   :       #37 pc 0000000000390fd6  /product/app/GoogleTTS/GoogleTTS.apk (offset 0xdf8000) (com.google.android.apps.speech.tts.googletts.service.GoogleTtsService.onLoadVoice+234)
06-22 23:11:54.674 20226 20226 F DEBUG   :       #38 pc 0000000000209824  /apex/com.android.art/lib64/libart.so (nterp_helper+3736) (BuildId: 6f501445ab44be8f30fb680128550143)
06-22 23:11:54.674 20226 20226 F DEBUG   :       #39 pc 0000000000462f30  /system/framework/framework.jar (offset 0x1274000) (android.speech.tts.TextToSpeechService$LoadVoiceItem.playImpl+8)
06-22 23:11:54.674 20226 20226 F DEBUG   :       #40 pc 0000000000209824  /apex/com.android.art/lib64/libart.so (nterp_helper+3736) (BuildId: 6f501445ab44be8f30fb680128550143)
06-22 23:11:54.674 20226 20226 F DEBUG   :       #41 pc 00000000004630ee  /system/framework/framework.jar (offset 0x1274000) (android.speech.tts.TextToSpeechService$SpeechItem.play+18)
06-22 23:11:54.674 20226 20226 F DEBUG   :       #42 pc 0000000000209824  /apex/com.android.art/lib64/libart.so (nterp_helper+3736) (BuildId: 6f501445ab44be8f30fb680128550143)
06-22 23:11:54.674 20226 20226 F DEBUG   :       #43 pc 00000000004631c4  /system/framework/framework.jar (offset 0x1274000) (android.speech.tts.TextToSpeechService$SynthHandler$1.run+24)
06-22 23:11:54.674 20226 20226 F DEBUG   :       #44 pc 00000000004cd16c  /system/framework/x86_64/boot-framework.oat (android.os.Handler.dispatchMessageImpl+76) (BuildId: 0bd86adb1473eb99719ae59d1f1e1ee9e5306f1f)
06-22 23:11:54.674 20226 20226 F DEBUG   :       #45 pc 00000000004cd105  /system/framework/x86_64/boot-framework.oat (android.os.Handler.dispatchMessage+53) (BuildId: 0bd86adb1473eb99719ae59d1f1e1ee9e5306f1f)
06-22 23:11:54.674 20226 20226 F DEBUG   :       #46 pc 0000000000509011  /system/framework/x86_64/boot-framework.oat (android.os.Looper.loopOnce+1313) (BuildId: 0bd86adb1473eb99719ae59d1f1e1ee9e5306f1f)
06-22 23:11:54.674 20226 20226 F DEBUG   :       #47 pc 0000000000508a3b  /system/framework/x86_64/boot-framework.oat (android.os.Looper.loop+235) (BuildId: 0bd86adb1473eb99719ae59d1f1e1ee9e5306f1f)
06-22 23:11:54.674 20226 20226 F DEBUG   :       #48 pc 00000000004fc7fa  /system/framework/x86_64/boot-framework.oat (android.os.HandlerThread.run+442) (BuildId: 0bd86adb1473eb99719ae59d1f1e1ee9e5306f1f)
06-22 23:11:54.674 20226 20226 F DEBUG   :       #49 pc 0000000000212274  /apex/com.android.art/lib64/libart.so (art_quick_invoke_stub+756) (BuildId: 6f501445ab44be8f30fb680128550143)
06-22 23:11:54.674 20226 20226 F DEBUG   :       #50 pc 0000000000598231  /apex/com.android.art/lib64/libart.so (art::ArtMethod::Invoke(art::Thread*, unsigned int*, unsigned int, art::JValue*, char const*)+193) (BuildId: 6f501445ab44be8f30fb680128550143)
06-22 23:11:54.674 20226 20226 F DEBUG   :       #51 pc 0000000000a5dcc3  /apex/com.android.art/lib64/libart.so (art::Thread::CreateCallback(void*)+1603) (BuildId: 6f501445ab44be8f30fb680128550143)
06-22 23:11:54.674 20226 20226 F DEBUG   :       #52 pc 0000000000a5d678  /apex/com.android.art/lib64/libart.so (art::Thread::CreateCallbackWithUffdGc(void*)+8) (BuildId: 6f501445ab44be8f30fb680128550143)
06-22 23:11:54.674 20226 20226 F DEBUG   :       #53 pc 00000000000765cf  /apex/com.android.runtime/lib64/bionic/libc.so (__pthread_start(void*) (.__uniq.67847048707805468364044055584648682506)+63) (BuildId: b38eeea9b317e8ff95f48fb7a9668b54)
06-22 23:11:54.674 20226 20226 F DEBUG   :       #54 pc 000000000005b1fd  /apex/com.android.runtime/lib64/bionic/libc.so (__start_thread+45) (BuildId: b38eeea9b317e8ff95f48fb7a9668b54)
06-22 23:11:54.674 20226 20226 F DEBUG   : Note: To display stack pointer information, use the pbtombstone tool:
06-22 23:11:54.674 20226 20226 F DEBUG   :         pbtombstone --display-sp tombstone_XX.pb
06-22 23:12:03.237   326  7905 E keystore2: system/security/keystore2/src/remote_provisioning.rs:114 - Failed to get rkpd key: system/security/keystore2/rkpd_client/src/lib.rs:227: Waiting for RKPD key timed out: Elapsed(())
06-22 23:12:03.237   326  7905 E keystore2: 
06-22 23:12:03.237   326  7905 E keystore2: Caused by:
06-22 23:12:03.237   326  7905 E keystore2:     Retryable timeout when waiting for a callback
06-22 23:12:03.237   326   339 E keystore2: system/security/keystore2/src/remote_provisioning.rs:114 - Failed to get rkpd key: system/security/keystore2/rkpd_client/src/lib.rs:227: Waiting for RKPD key timed out: Elapsed(())
06-22 23:12:03.237   326   339 E keystore2: 
06-22 23:12:03.237   326   339 E keystore2: Caused by:
06-22 23:12:03.237   326   339 E keystore2:     Retryable timeout when waiting for a callback
06-22 23:12:03.242   326  7905 E keystore2: system/security/keystore2/src/error.rs:69 - system/security/keystore2/src/security_level.rs:726: Trying to get an attestation key
06-22 23:12:03.242   326  7905 E keystore2: 
06-22 23:12:03.242   326  7905 E keystore2: Caused by:
06-22 23:12:03.242   326  7905 E keystore2:     0: system/security/keystore2/src/attestation_key_utils.rs:69: Trying to get attestation key from RKPD.
06-22 23:12:03.242   326  7905 E keystore2:     1: system/security/keystore2/rkpd_client/src/lib.rs:227: Waiting for RKPD key timed out: Elapsed(())
06-22 23:12:03.242   326  7905 E keystore2:        
06-22 23:12:03.242   326  7905 E keystore2:        Caused by:
06-22 23:12:03.242   326  7905 E keystore2:            Retryable timeout when waiting for a callback
06-22 23:12:03.242   326  7905 E keystore2:     2: Error::Rc(r#OUT_OF_KEYS_TRANSIENT_ERROR) for AppUid(10209)
06-22 23:12:03.242   326   339 E keystore2: system/security/keystore2/src/error.rs:69 - system/security/keystore2/src/security_level.rs:726: Trying to get an attestation key
06-22 23:12:03.242   326   339 E keystore2: 
06-22 23:12:03.242   326   339 E keystore2: Caused by:
06-22 23:12:03.242   326   339 E keystore2:     0: system/security/keystore2/src/attestation_key_utils.rs:69: Trying to get attestation key from RKPD.
06-22 23:12:03.242   326   339 E keystore2:     1: system/security/keystore2/rkpd_client/src/lib.rs:227: Waiting for RKPD key timed out: Elapsed(())
06-22 23:12:03.242   326   339 E keystore2:        
06-22 23:12:03.242   326   339 E keystore2:        Caused by:
06-22 23:12:03.242   326   339 E keystore2:            Retryable timeout when waiting for a callback
06-22 23:12:03.242   326   339 E keystore2:     2: Error::Rc(r#OUT_OF_KEYS_TRANSIENT_ERROR) for AppUid(10209)
06-22 23:12:19.630   447   494 E FrameworkListener: read() failed (Connection reset by peer)
06-22 23:12:20.169 20629 20629 E ActivityThread: ConnectivityService is null in handleBindApplication!
06-22 23:12:22.075   685   992 E AppOps  : Bad call made by uid 1000. Package "com.google.android.googlequicksearchbox" does not belong to uid 1000.
06-22 23:12:31.241   685  1821 E AppOps  : Bad call made by uid 1000. Package "com.google.android.googlequicksearchbox" does not belong to uid 1000.
06-22 23:12:31.340   685  1830 E AppOps  : Bad call made by uid 1000. Package "com.google.android.googlequicksearchbox" does not belong to uid 1000.
06-22 23:12:33.877  1079  1268 F libc    : Fatal signal 6 (SIGABRT), code -1 (SI_QUEUE) in tid 1268 (gd_stack_thread), pid 1079 (droid.bluetooth)
06-22 23:12:35.255 21242 21242 F DEBUG   : *** *** *** *** *** *** *** *** *** *** *** *** *** *** *** ***
06-22 23:12:35.255 21242 21242 F DEBUG   : Build fingerprint: 'google/sdk_gphone16k_x86_64/emu64xa16k:17/CP21.260330.005/15181570:user/dev-keys'
06-22 23:12:35.255 21242 21242 F DEBUG   : Kernel Release: '6.12.58-android16-6-gccafb60de224-ab14828483'
06-22 23:12:35.255 21242 21242 F DEBUG   : Revision: '0'
06-22 23:12:35.255 21242 21242 F DEBUG   : ABI: 'x86_64'
06-22 23:12:35.255 21242 21242 F DEBUG   : Timestamp: 2026-06-22 23:12:34.132904200+0530
06-22 23:12:35.255 21242 21242 F DEBUG   : Process uptime: 0s
06-22 23:12:35.255 21242 21242 F DEBUG   : Page size: 16384 bytes
06-22 23:12:35.255 21242 21242 F DEBUG   : Executable: /system/bin/app_process64
06-22 23:12:35.255 21242 21242 F DEBUG   : Cmdline: com.google.android.bluetooth
06-22 23:12:35.255 21242 21242 F DEBUG   : pid: 1079, ppid: 449, tid: 1268, name: gd_stack_thread  >>> com.google.android.bluetooth <<<
06-22 23:12:35.255 21242 21242 F DEBUG   : uid: 1002
06-22 23:12:35.255 21242 21242 F DEBUG   : signal 6 (SIGABRT), code -1 (SI_QUEUE), fault addr --------
06-22 23:12:35.255 21242 21242 F DEBUG   : Abort message: 'system/gd/hci/hci_layer.cc:565 on_hardware_error: Hardware Error Event with code 0x42'
06-22 23:12:35.255 21242 21242 F DEBUG   :     rax 0000000000000000  rbx 0000000000000437  rcx 000078e66cec4add  rdx 0000000000000006
06-22 23:12:35.255 21242 21242 F DEBUG   :     r8  0000000000000055  r9  0000000000000055  r10 000078e3774e9090  r11 0000000000000203
06-22 23:12:35.255 21242 21242 F DEBUG   :     r12 0000000000000000  r13 000078e2a44ab929  r14 00000000000004f4  r15 000078e3774e9090
06-22 23:12:35.255 21242 21242 F DEBUG   :     rdi 0000000000000437  rsi 00000000000004f4
06-22 23:12:35.255 21242 21242 F DEBUG   :     rbp 000078e3774e9140  rsp 000078e3774e9090  rip 000078e66cec4add  err 0000000000000000
06-22 23:12:35.255 21242 21242 F DEBUG   : 14 total frames
06-22 23:12:35.255 21242 21242 F DEBUG   : backtrace:
06-22 23:12:35.255 21242 21242 F DEBUG   :       #00 pc 0000000000058add  /apex/com.android.runtime/lib64/bionic/libc.so (abort+189) (BuildId: b38eeea9b317e8ff95f48fb7a9668b54)
06-22 23:12:35.255 21242 21242 F DEBUG   :       #01 pc 0000000000a0c6bc  /apex/com.android.art/lib64/libart.so (art::Runtime::Abort(char const*)+1612) (BuildId: 6f501445ab44be8f30fb680128550143)
06-22 23:12:35.255 21242 21242 F DEBUG   :       #02 pc 00000000000165be  /apex/com.android.art/lib64/libbase.so (android::base::SetAborter(std::__1::function<void (char const*)>&&)::$_0::__invoke(char const*)+62) (BuildId: 2ecca23d34d49b8e847226a61f55ed7d)
06-22 23:12:35.255 21242 21242 F DEBUG   :       #03 pc 0000000000eea70d  /apex/com.android.bt/lib64/libbluetooth_jni.so (bluetooth::log_internal::vlog(bluetooth::log_internal::Level, char const*, bluetooth::log_internal::source_location, std::__1::basic_string_view<char, std::__1::char_traits<char>>, std::__1::basic_format_args<std::__1::basic_format_context<std::__1::back_insert_iterator<std::__1::__format::__output_buffer<char>>, char>>)+925) (BuildId: dd4fa98d6fac1c4ed4f428699b7f622a)
06-22 23:12:35.255 21242 21242 F DEBUG   :       #04 pc 0000000000c7b6e6  /apex/com.android.bt/lib64/libbluetooth_jni.so (void bluetooth::log::fatal<unsigned char>(std::__1::basic_format_string<char, std::__1::type_identity<unsigned char>::type>, unsigned char&&, bluetooth::log_internal::source_location)+118) (BuildId: dd4fa98d6fac1c4ed4f428699b7f622a)
06-22 23:12:35.255 21242 21242 F DEBUG   :       #05 pc 0000000000c755ec  /apex/com.android.bt/lib64/libbluetooth_jni.so (bluetooth::hci::HciLayer::impl::on_hci_event(bluetooth::hci::EventView)+27324) (BuildId: dd4fa98d6fac1c4ed4f428699b7f622a)
06-22 23:12:35.255 21242 21242 F DEBUG   :       #06 pc 0000000000c758ce  /apex/com.android.bt/lib64/libbluetooth_jni.so (void base::internal::FunctorTraits<void (bluetooth::hci::HciLayer::impl::*)(bluetooth::hci::EventView), void>::Invoke<void (bluetooth::hci::HciLayer::impl::*)(bluetooth::hci::EventView), bluetooth::hci::HciLayer::impl*, bluetooth::hci::EventView>(void (bluetooth::hci::HciLayer::impl::*)(bluetooth::hci::EventView), bluetooth::hci::HciLayer::impl*&&, bluetooth::hci::EventView&&)+302) (BuildId: dd4fa98d6fac1c4ed4f428699b7f622a)
06-22 23:12:35.255 21242 21242 F DEBUG   :       #07 pc 0000000000c75784  /apex/com.android.bt/lib64/libbluetooth_jni.so (base::internal::Invoker<base::internal::BindState<void (bluetooth::hci::HciLayer::impl::*)(bluetooth::hci::EventView), base::internal::UnretainedWrapper<bluetooth::hci::HciLayer::impl>, bluetooth::hci::EventView>, void ()>::RunOnce(base::internal::BindStateBase*)+52) (BuildId: dd4fa98d6fac1c4ed4f428699b7f622a)
06-22 23:12:35.255 21242 21242 F DEBUG   :       #08 pc 0000000000b4e44a  /apex/com.android.bt/lib64/libbluetooth_jni.so (bluetooth::os::Handler::handle_all_queued_events()+346) (BuildId: dd4fa98d6fac1c4ed4f428699b7f622a)
06-22 23:12:35.255 21242 21242 F DEBUG   :       #09 pc 0000000000b5126c  /apex/com.android.bt/lib64/libbluetooth_jni.so (bluetooth::os::Reactor::Run()+1420) (BuildId: dd4fa98d6fac1c4ed4f428699b7f622a)
06-22 23:12:35.255 21242 21242 F DEBUG   :       #10 pc 0000000000b51f99  /apex/com.android.bt/lib64/libbluetooth_jni.so (bluetooth::os::Thread::run(std::__1::promise<void>)+553) (BuildId: dd4fa98d6fac1c4ed4f428699b7f622a)
06-22 23:12:35.255 21242 21242 F DEBUG   :       #11 pc 0000000000b521a7  /apex/com.android.bt/lib64/libbluetooth_jni.so (void* std::__1::__thread_proxy[abi:nn220000]<std::__1::tuple<std::__1::unique_ptr<std::__1::__thread_struct, std::__1::default_delete<std::__1::__thread_struct>>, void (bluetooth::os::Thread::*)(std::__1::promise<void>), bluetooth::os::Thread*, std::__1::promise<void>>>(void*)+103) (BuildId: dd4fa98d6fac1c4ed4f428699b7f622a)
06-22 23:12:35.255 21242 21242 F DEBUG   :       #12 pc 00000000000765cf  /apex/com.android.runtime/lib64/bionic/libc.so (__pthread_start(void*) (.__uniq.67847048707805468364044055584648682506)+63) (BuildId: b38eeea9b317e8ff95f48fb7a9668b54)
06-22 23:12:35.255 21242 21242 F DEBUG   :       #13 pc 000000000005b1fd  /apex/com.android.runtime/lib64/bionic/libc.so (__start_thread+45) (BuildId: b38eeea9b317e8ff95f48fb7a9668b54)
06-22 23:12:35.255 21242 21242 F DEBUG   : Note: To display stack pointer information, use the pbtombstone tool:
06-22 23:12:35.255 21242 21242 F DEBUG   :         pbtombstone --display-sp tombstone_XX.pb
06-22 23:12:35.294   685   794 E NativeTombstoneManager: Tombstone's UID (1002) not an app, ignoring
06-22 23:12:38.267 21499 21564 F libc    : Fatal signal 4 (SIGILL), code 2 (ILL_ILLOPN), fault addr 0x78e2a13c80b1 in tid 21564 (SynthThread), pid 21499 (gle.android.tts)
06-22 23:12:39.537 21698 21698 F DEBUG   : *** *** *** *** *** *** *** *** *** *** *** *** *** *** *** ***
06-22 23:12:39.537 21698 21698 F DEBUG   : Build fingerprint: 'google/sdk_gphone16k_x86_64/emu64xa16k:17/CP21.260330.005/15181570:user/dev-keys'
06-22 23:12:39.537 21698 21698 F DEBUG   : Kernel Release: '6.12.58-android16-6-gccafb60de224-ab14828483'
06-22 23:12:39.537 21698 21698 F DEBUG   : Revision: '0'
06-22 23:12:39.537 21698 21698 F DEBUG   : ABI: 'x86_64'
06-22 23:12:39.537 21698 21698 F DEBUG   : Timestamp: 2026-06-22 23:12:38.429918300+0530
06-22 23:12:39.537 21698 21698 F DEBUG   : Process uptime: 4s
06-22 23:12:39.537 21698 21698 F DEBUG   : Page size: 16384 bytes
06-22 23:12:39.537 21698 21698 F DEBUG   : Executable: /system/bin/app_process64
06-22 23:12:39.537 21698 21698 F DEBUG   : Cmdline: com.google.android.tts
06-22 23:12:39.537 21698 21698 F DEBUG   : pid: 21499, ppid: 449, tid: 21564, name: SynthThread  >>> com.google.android.tts <<<
06-22 23:12:39.537 21698 21698 F DEBUG   : uid: 10166
06-22 23:12:39.537 21698 21698 F DEBUG   : signal 4 (SIGILL), code 2 (ILL_ILLOPN), fault addr 0x000078e2a13c80b1 (read)
06-22 23:12:39.537 21698 21698 F DEBUG   :     rax 0000000000000000  rbx 0000000000000001  rcx 0000000000000000  rdx 0000000000000000
06-22 23:12:39.537 21698 21698 F DEBUG   :     r8  000000000f8bfbff  r9  00000000000b06a3  r10 000078e4cc02a090  r11 0000000000000001
06-22 23:12:39.538 21698 21698 F DEBUG   :     r12 0000000000000000  r13 0000000000000005  r14 0000009f938e0002  r15 0000008000000000
06-22 23:12:39.538 21698 21698 F DEBUG   :     rdi 00000000f6da3203  rsi 0000000000000800
06-22 23:12:39.538 21698 21698 F DEBUG   :     rbp 0000000000000001  rsp 000078e3768c8100  rip 000078e2a13c80b1  err 0000000000000000
06-22 23:12:39.538 21698 21698 F DEBUG   : 55 total frames
06-22 23:12:39.538 21698 21698 F DEBUG   : backtrace:
06-22 23:12:39.538 21698 21698 F DEBUG   :       #00 pc 0000000001ba40b1  /product/app/GoogleTTS/GoogleTTS.apk!libgoogle_speech_sbg_tts_jni.so (offset 0x1e10000) (BuildId: fa8c458cf4b31cd6900e84ab88e886ea)
06-22 23:12:39.538 21698 21698 F DEBUG   :       #01 pc 000000000127127f  /product/app/GoogleTTS/GoogleTTS.apk!libgoogle_speech_sbg_tts_jni.so (offset 0x1e10000) (BuildId: fa8c458cf4b31cd6900e84ab88e886ea)
06-22 23:12:39.538 21698 21698 F DEBUG   :       #02 pc 0000000001ba4887  /product/app/GoogleTTS/GoogleTTS.apk!libgoogle_speech_sbg_tts_jni.so (offset 0x1e10000) (BuildId: fa8c458cf4b31cd6900e84ab88e886ea)
06-22 23:12:39.538 21698 21698 F DEBUG   :       #03 pc 0000000001ba48bb  /product/app/GoogleTTS/GoogleTTS.apk!libgoogle_speech_sbg_tts_jni.so (offset 0x1e10000) (BuildId: fa8c458cf4b31cd6900e84ab88e886ea)
06-22 23:12:39.538 21698 21698 F DEBUG   :       #04 pc 0000000001ba0e9e  /product/app/GoogleTTS/GoogleTTS.apk!libgoogle_speech_sbg_tts_jni.so (offset 0x1e10000) (BuildId: fa8c458cf4b31cd6900e84ab88e886ea)
06-22 23:12:39.538 21698 21698 F DEBUG   :       #05 pc 0000000001992eaf  /product/app/GoogleTTS/GoogleTTS.apk!libgoogle_speech_sbg_tts_jni.so (offset 0x1e10000) (BuildId: fa8c458cf4b31cd6900e84ab88e886ea)
06-22 23:12:39.538 21698 21698 F DEBUG   :       #06 pc 0000000001992d7e  /product/app/GoogleTTS/GoogleTTS.apk!libgoogle_speech_sbg_tts_jni.so (offset 0x1e10000) (BuildId: fa8c458cf4b31cd6900e84ab88e886ea)
06-22 23:12:39.538 21698 21698 F DEBUG   :       #07 pc 0000000001992d34  /product/app/GoogleTTS/GoogleTTS.apk!libgoogle_speech_sbg_tts_jni.so (offset 0x1e10000) (BuildId: fa8c458cf4b31cd6900e84ab88e886ea)
06-22 23:12:39.539 21698 21698 F DEBUG   :       #08 pc 0000000001992c5d  /product/app/GoogleTTS/GoogleTTS.apk!libgoogle_speech_sbg_tts_jni.so (offset 0x1e10000) (BuildId: fa8c458cf4b31cd6900e84ab88e886ea)
06-22 23:12:39.539 21698 21698 F DEBUG   :       #09 pc 0000000001992a2b  /product/app/GoogleTTS/GoogleTTS.apk!libgoogle_speech_sbg_tts_jni.so (offset 0x1e10000) (BuildId: fa8c458cf4b31cd6900e84ab88e886ea)
06-22 23:12:39.539 21698 21698 F DEBUG   :       #10 pc 0000000001b9cdf8  /product/app/GoogleTTS/GoogleTTS.apk!libgoogle_speech_sbg_tts_jni.so (offset 0x1e10000) (BuildId: fa8c458cf4b31cd6900e84ab88e886ea)
06-22 23:12:39.539 21698 21698 F DEBUG   :       #11 pc 0000000001b9cc80  /product/app/GoogleTTS/GoogleTTS.apk!libgoogle_speech_sbg_tts_jni.so (offset 0x1e10000) (BuildId: fa8c458cf4b31cd6900e84ab88e886ea)
06-22 23:12:39.539 21698 21698 F DEBUG   :       #12 pc 0000000001b9cb1e  /product/app/GoogleTTS/GoogleTTS.apk!libgoogle_speech_sbg_tts_jni.so (offset 0x1e10000) (BuildId: fa8c458cf4b31cd6900e84ab88e886ea)
06-22 23:12:39.539 21698 21698 F DEBUG   :       #13 pc 00000000019f3fda  /product/app/GoogleTTS/GoogleTTS.apk!libgoogle_speech_sbg_tts_jni.so (offset 0x1e10000) (BuildId: fa8c458cf4b31cd6900e84ab88e886ea)
06-22 23:12:39.539 21698 21698 F DEBUG   :       #14 pc 00000000019f3f7f  /product/app/GoogleTTS/GoogleTTS.apk!libgoogle_speech_sbg_tts_jni.so (offset 0x1e10000) (BuildId: fa8c458cf4b31cd6900e84ab88e886ea)
